Archive member included to satisfy reference by file (symbol)

/usr/lib/gcc/arm-none-eabi/9.2.1/thumb/v7e-m/nofp/libgcc.a(_arm_mulsf3.o)
                              /tmp/ch.elf.Jg3usW.ltrans0.ltrans.o (__aeabi_fmul)
/usr/lib/gcc/arm-none-eabi/9.2.1/thumb/v7e-m/nofp/libgcc.a(_arm_addsubsf3.o)
                              /tmp/ch.elf.Jg3usW.ltrans0.ltrans.o (__aeabi_fsub)
/usr/lib/gcc/arm-none-eabi/9.2.1/thumb/v7e-m/nofp/libgcc.a(_arm_muldivsf3.o)
                              /tmp/ch.elf.Jg3usW.ltrans0.ltrans.o (__aeabi_fdiv)
/usr/lib/gcc/arm-none-eabi/9.2.1/thumb/v7e-m/nofp/libgcc.a(_arm_cmpsf2.o)
                              /tmp/ch.elf.Jg3usW.ltrans0.ltrans.o (__aeabi_fcmplt)
/usr/lib/gcc/arm-none-eabi/9.2.1/thumb/v7e-m/nofp/libgcc.a(_arm_fixsfsi.o)
                              /tmp/ch.elf.Jg3usW.ltrans0.ltrans.o (__aeabi_f2iz)
/usr/lib/gcc/arm-none-eabi/9.2.1/thumb/v7e-m/nofp/libgcc.a(_arm_fixunssfsi.o)
                              /tmp/ch.elf.Jg3usW.ltrans0.ltrans.o (__aeabi_f2uiz)
/usr/lib/gcc/arm-none-eabi/9.2.1/thumb/v7e-m/nofp/libgcc.a(unwind-arm.o)
                              /tmp/ch.elf.Jg3usW.ltrans0.ltrans.o (__aeabi_unwind_cpp_pr0)
/usr/lib/gcc/arm-none-eabi/9.2.1/thumb/v7e-m/nofp/libgcc.a(libunwind.o)
                              /usr/lib/gcc/arm-none-eabi/9.2.1/thumb/v7e-m/nofp/libgcc.a(unwind-arm.o) (restore_core_regs)
/usr/lib/gcc/arm-none-eabi/9.2.1/thumb/v7e-m/nofp/libgcc.a(pr-support.o)
                              /usr/lib/gcc/arm-none-eabi/9.2.1/thumb/v7e-m/nofp/libgcc.a(unwind-arm.o) (__gnu_unwind_execute)
/usr/lib/gcc/arm-none-eabi/9.2.1/thumb/v7e-m/nofp/libgcc.a(unwind-c.o)
                              /tmp/ch.elf.Jg3usW.ltrans0.ltrans.o (__gcc_personality_v0)
/usr/lib/gcc/arm-none-eabi/9.2.1/../../../arm-none-eabi/lib/thumb/v7e-m/nofp/libg.a(lib_a-abort.o)
                              /usr/lib/gcc/arm-none-eabi/9.2.1/thumb/v7e-m/nofp/libgcc.a(unwind-arm.o) (abort)
/usr/lib/gcc/arm-none-eabi/9.2.1/../../../arm-none-eabi/lib/thumb/v7e-m/nofp/libg.a(lib_a-memcpy.o)
                              /tmp/ch.elf.Jg3usW.ltrans0.ltrans.o (memcpy)
/usr/lib/gcc/arm-none-eabi/9.2.1/../../../arm-none-eabi/lib/thumb/v7e-m/nofp/libg.a(lib_a-memset.o)
                              /tmp/ch.elf.Jg3usW.ltrans0.ltrans.o (memset)
/usr/lib/gcc/arm-none-eabi/9.2.1/../../../arm-none-eabi/lib/thumb/v7e-m/nofp/libg.a(lib_a-signal.o)
                              /usr/lib/gcc/arm-none-eabi/9.2.1/../../../arm-none-eabi/lib/thumb/v7e-m/nofp/libg.a(lib_a-abort.o) (raise)
/usr/lib/gcc/arm-none-eabi/9.2.1/../../../arm-none-eabi/lib/thumb/v7e-m/nofp/libg.a(lib_a-signalr.o)
                              /usr/lib/gcc/arm-none-eabi/9.2.1/../../../arm-none-eabi/lib/thumb/v7e-m/nofp/libg.a(lib_a-signal.o) (_kill_r)
/usr/lib/gcc/arm-none-eabi/9.2.1/../../../arm-none-eabi/lib/thumb/v7e-m/nofp/libg.a(lib_a-impure.o)
                              /usr/lib/gcc/arm-none-eabi/9.2.1/../../../arm-none-eabi/lib/thumb/v7e-m/nofp/libg.a(lib_a-signal.o) (_impure_ptr)
/usr/lib/gcc/arm-none-eabi/9.2.1/../../../arm-none-eabi/lib/thumb/v7e-m/nofp/libg.a(lib_a-mallocr.o)
                              /usr/lib/gcc/arm-none-eabi/9.2.1/../../../arm-none-eabi/lib/thumb/v7e-m/nofp/libg.a(lib_a-signal.o) (_malloc_r)
/usr/lib/gcc/arm-none-eabi/9.2.1/../../../arm-none-eabi/lib/thumb/v7e-m/nofp/libg.a(lib_a-mlock.o)
                              /usr/lib/gcc/arm-none-eabi/9.2.1/../../../arm-none-eabi/lib/thumb/v7e-m/nofp/libg.a(lib_a-mallocr.o) (__malloc_lock)
/usr/lib/gcc/arm-none-eabi/9.2.1/../../../arm-none-eabi/lib/thumb/v7e-m/nofp/libg.a(lib_a-reent.o)
                              /usr/lib/gcc/arm-none-eabi/9.2.1/../../../arm-none-eabi/lib/thumb/v7e-m/nofp/libg.a(lib_a-signalr.o) (errno)
/usr/lib/gcc/arm-none-eabi/9.2.1/../../../arm-none-eabi/lib/thumb/v7e-m/nofp/libg.a(lib_a-sbrkr.o)
                              /usr/lib/gcc/arm-none-eabi/9.2.1/../../../arm-none-eabi/lib/thumb/v7e-m/nofp/libg.a(lib_a-mallocr.o) (_sbrk_r)
/usr/lib/gcc/arm-none-eabi/9.2.1/../../../arm-none-eabi/lib/thumb/v7e-m/nofp/libg.a(lib_a-freer.o)
                              /usr/lib/gcc/arm-none-eabi/9.2.1/../../../arm-none-eabi/lib/thumb/v7e-m/nofp/libg.a(lib_a-mallocr.o) (_free_r)
/usr/lib/gcc/arm-none-eabi/9.2.1/../../../arm-none-eabi/lib/thumb/v7e-m/nofp/libnosys.a(getpid.o)
                              /usr/lib/gcc/arm-none-eabi/9.2.1/../../../arm-none-eabi/lib/thumb/v7e-m/nofp/libg.a(lib_a-signalr.o) (_getpid)
/usr/lib/gcc/arm-none-eabi/9.2.1/../../../arm-none-eabi/lib/thumb/v7e-m/nofp/libnosys.a(kill.o)
                              /usr/lib/gcc/arm-none-eabi/9.2.1/../../../arm-none-eabi/lib/thumb/v7e-m/nofp/libg.a(lib_a-signalr.o) (_kill)
/usr/lib/gcc/arm-none-eabi/9.2.1/../../../arm-none-eabi/lib/thumb/v7e-m/nofp/libnosys.a(sbrk.o)
                              /usr/lib/gcc/arm-none-eabi/9.2.1/../../../arm-none-eabi/lib/thumb/v7e-m/nofp/libg.a(lib_a-sbrkr.o) (_sbrk)
[...]
Memory Configuration

Name             Origin             Length             Attributes
flash0           0x0000000008000000 0x0000000000080000 xr
flash1           0x0000000000000000 0x0000000000000000 xr
flash2           0x0000000000000000 0x0000000000000000 xr
flash3           0x0000000000000000 0x0000000000000000 xr
flash4           0x0000000000000000 0x0000000000000000 xr
flash5           0x0000000000000000 0x0000000000000000 xr
flash6           0x0000000000000000 0x0000000000000000 xr
flash7           0x0000000000000000 0x0000000000000000 xr
ram0             0x0000000020000000 0x0000000000020000 xw
ram1             0x0000000020000000 0x000000000001c000 xw
ram2             0x0000000000000000 0x0000000000004000 xw
ram3             0x0000000000000000 0x0000000000000000 xw
ram4             0x0000000000000000 0x0000000000000000 xw
ram5             0x0000000000000000 0x0000000000000000 xw
ram6             0x0000000000000000 0x0000000000000000 xw
ram7             0x0000000000000000 0x0000000000000000 xw
*default*        0x0000000000000000 0xffffffffffffffff

Linker script and memory map

LOAD ./build/obj/crt0_v7m.o
LOAD ./build/obj/vectors.o
LOAD ./build/obj/chcoreasm_v7m.o
LOAD ./build/obj/crt1.o
LOAD /tmp/ch.elf.Jg3usW.ltrans0.ltrans.o
LOAD /tmp/ccs6lfKY.debug.temp.o
LOAD /tmp/cczuRQVW.debug.temp.o
LOAD /tmp/ccvZRvKW.debug.temp.o
LOAD /tmp/cccnvThY.debug.temp.o
LOAD /tmp/cciPbutW.debug.temp.o
LOAD /tmp/ccoztLJX.debug.temp.o
LOAD /tmp/ccIZlHPV.debug.temp.o
LOAD /tmp/cctkSoXX.debug.temp.o
LOAD /tmp/ccrr9lzU.debug.temp.o
LOAD /tmp/ccLItGyV.debug.temp.o
LOAD /tmp/ccJqbhiU.debug.temp.o
LOAD /tmp/ccV7GhYU.debug.temp.o
LOAD /tmp/ccYI8A2W.debug.temp.o
LOAD /tmp/cclUFxfY.debug.temp.o
LOAD /tmp/ccO7v6oU.debug.temp.o
LOAD /tmp/ccYDnxzX.debug.temp.o
LOAD /tmp/cc8ipABW.debug.temp.o
LOAD /tmp/cc9IllQW.debug.temp.o
LOAD /tmp/ccH9szfV.debug.temp.o
LOAD /tmp/ccBzzawU.debug.temp.o
LOAD /tmp/ccaVY8UU.debug.temp.o
LOAD /tmp/cclEadeX.debug.temp.o
LOAD /tmp/ccRtswzU.debug.temp.o
LOAD /tmp/ccN5LlNX.debug.temp.o
LOAD /tmp/ccBWbRUW.debug.temp.o
LOAD /tmp/ccwUw0GY.debug.temp.o
LOAD /tmp/ccwiMQSU.debug.temp.o
LOAD /tmp/ccY5HQbX.debug.temp.o
LOAD /tmp/cc6tL2ZV.debug.temp.o
LOAD /tmp/ccUWv8TX.debug.temp.o
LOAD /tmp/ccJ6Ly7U.debug.temp.o
LOAD /tmp/ccOnaXkX.debug.temp.o
LOAD /tmp/cceHEpOX.debug.temp.o
LOAD /tmp/ccq5X5sV.debug.temp.o
LOAD /tmp/ccUFAzPX.debug.temp.o
LOAD /tmp/cc5LBpxX.debug.temp.o
LOAD /tmp/cc3MxBgX.debug.temp.o
LOAD /tmp/ccIC7NKW.debug.temp.o
LOAD /tmp/ccijltfX.debug.temp.o
LOAD /tmp/cc11tDCY.debug.temp.o
LOAD /tmp/ccpjvn4U.debug.temp.o
LOAD /tmp/cc5EgmgU.debug.temp.o
LOAD /tmp/ccRhK0AX.debug.temp.o
LOAD /tmp/ccJhdv7W.debug.temp.o
LOAD /tmp/ccFoatpU.debug.temp.o
LOAD /tmp/cc9Sq2vW.debug.temp.o
LOAD /tmp/ccjEmu4X.debug.temp.o
LOAD /tmp/ccaH1jlV.debug.temp.o
LOAD /tmp/cct3VofX.debug.temp.o
LOAD /tmp/ccslautY.debug.temp.o
LOAD /tmp/ccsEwSaX.debug.temp.o
LOAD /tmp/ccPdPsKY.debug.temp.o
LOAD /tmp/ccUzejHW.debug.temp.o
LOAD /tmp/cczYmJAU.debug.temp.o
LOAD /tmp/ccu8Jo5U.debug.temp.o
LOAD /tmp/cceKrcmX.debug.temp.o
LOAD /tmp/cc46PlnU.debug.temp.o
LOAD /tmp/cclHTIUV.debug.temp.o
LOAD /tmp/ccDgNBzW.debug.temp.o
LOAD /tmp/ccPjHakX.debug.temp.o
LOAD /tmp/ccAZGr2X.debug.temp.o
LOAD /tmp/cc5wTcQV.debug.temp.o
LOAD /tmp/ccOPncIV.debug.temp.o
LOAD /tmp/ccyZ1yEX.debug.temp.o
LOAD /tmp/ccvqgqSV.debug.temp.o
LOAD /tmp/ccAXSfqY.debug.temp.o
LOAD /tmp/ccEgGUIU.debug.temp.o
LOAD /tmp/ccWqQ40U.debug.temp.o
LOAD /tmp/ccn3mmhW.debug.temp.o
LOAD /tmp/ccggyY8U.debug.temp.o
LOAD /tmp/cctUGdqY.debug.temp.o
LOAD /tmp/ccUVgvWU.debug.temp.o
LOAD /tmp/ccCyskwU.debug.temp.o
LOAD ./build/obj/hal.o
LOAD ./build/obj/hal_st.o
LOAD ./build/obj/hal_buffers.o
LOAD ./build/obj/hal_queues.o
LOAD ./build/obj/hal_flash.o
LOAD ./build/obj/hal_mmcsd.o
LOAD ./build/obj/hal_pal.o
LOAD ./build/obj/hal_serial.o
LOAD ./build/obj/hal_spi.o
LOAD ./build/obj/nvic.o
LOAD ./build/obj/stm32_isr.o
LOAD ./build/obj/hal_lld.o
LOAD ./build/obj/hal_efl_lld.o
LOAD ./build/obj/stm32_dma.o
LOAD ./build/obj/stm32_exti.o
LOAD ./build/obj/hal_pal_lld.o
LOAD ./build/obj/hal_spi_lld.o
LOAD ./build/obj/hal_st_lld.o
LOAD ./build/obj/hal_serial_lld.o
LOAD ./build/obj/board.o
LOAD ./build/obj/osal.o
LOAD ./build/obj/chsys.o
LOAD ./build/obj/chdebug.o
LOAD ./build/obj/chtrace.o
LOAD ./build/obj/chvt.o
LOAD ./build/obj/chschd.o
LOAD ./build/obj/chthreads.o
LOAD ./build/obj/chtm.o
LOAD ./build/obj/chregistry.o
LOAD ./build/obj/chsem.o
LOAD ./build/obj/chmtx.o
LOAD ./build/obj/chcond.o
LOAD ./build/obj/chevents.o
LOAD ./build/obj/chmsg.o
LOAD ./build/obj/chdynamic.o
LOAD ./build/obj/chmboxes.o
LOAD ./build/obj/chmemcore.o
LOAD ./build/obj/chmemheaps.o
LOAD ./build/obj/chmempools.o
LOAD ./build/obj/chpipes.o
LOAD ./build/obj/chobjcaches.o
LOAD ./build/obj/chdelegates.o
LOAD ./build/obj/chfactory.o
LOAD ./build/obj/chcore.o
LOAD ./build/obj/chcore_v7m.o
LOAD ./build/obj/ch_test.o
LOAD ./build/obj/rt_test_root.o
LOAD ./build/obj/rt_test_sequence_001.o
LOAD ./build/obj/rt_test_sequence_002.o
LOAD ./build/obj/rt_test_sequence_003.o
LOAD ./build/obj/rt_test_sequence_004.o
LOAD ./build/obj/rt_test_sequence_005.o
LOAD ./build/obj/rt_test_sequence_006.o
LOAD ./build/obj/rt_test_sequence_007.o
LOAD ./build/obj/rt_test_sequence_008.o
LOAD ./build/obj/rt_test_sequence_009.o
LOAD ./build/obj/rt_test_sequence_010.o
LOAD ./build/obj/rt_test_sequence_011.o
LOAD ./build/obj/oslib_test_root.o
LOAD ./build/obj/oslib_test_sequence_001.o
LOAD ./build/obj/oslib_test_sequence_002.o
LOAD ./build/obj/oslib_test_sequence_003.o
LOAD ./build/obj/oslib_test_sequence_004.o
LOAD ./build/obj/oslib_test_sequence_005.o
LOAD ./build/obj/oslib_test_sequence_006.o
LOAD ./build/obj/oslib_test_sequence_007.o
LOAD ./build/obj/oslib_test_sequence_008.o
LOAD ./build/obj/oslib_test_sequence_009.o
LOAD ./build/obj/L6470.o
LOAD ./build/obj/XNucleoIHM02A1.o
LOAD ./build/obj/memory.o
LOAD ./build/obj/main.o

.mstack         0x0000000020000000      0x400
                0x0000000020000000                . = ALIGN (0x8)
                0x0000000020000000                __main_stack_base__ = .
                0x0000000020000400                . = (. + __main_stack_size__)
 *fill*         0x0000000020000000      0x400 
                0x0000000020000400                . = ALIGN (0x8)
                0x0000000020000400                __main_stack_end__ = .

.pstack         0x0000000020000400      0x400
                0x0000000020000400                . = ALIGN (0x8)
                0x0000000020000400                __process_stack_base__ = .
                0x0000000020000400                __main_thread_stack_base__ = .
                0x0000000020000800                . = (. + __process_stack_size__)
 *fill*         0x0000000020000400      0x400 
                0x0000000020000800                . = ALIGN (0x8)
                0x0000000020000800                __process_stack_end__ = .
                0x0000000020000800                __main_thread_stack_end__ = .

.vectors        0x0000000008000000      0x1e0
 *(.vectors)
 .vectors       0x0000000008000000      0x1e0 ./build/obj/vectors.o
                0x0000000008000000                _vectors

.xtors          0x00000000080001e0        0x0
                0x00000000080001e0                __init_array_base__ = .
 *(SORT_BY_NAME(.init_array.*))
 *(.init_array)
                0x00000000080001e0                __init_array_end__ = .
                0x00000000080001e0                __fini_array_base__ = .
 *(.fini_array)
 *(SORT_BY_NAME(.fini_array.*))
                0x00000000080001e0                __fini_array_end__ = .

.text           0x00000000080001e0     0x60b0
                0x00000000080001e0                __text_base__ = .
 *(.text)
 .text          0x00000000080001e0       0xd8 ./build/obj/crt0_v7m.o
                0x00000000080001e0                _crt0_entry
 .text          0x00000000080002b8        0x8 ./build/obj/vectors.o
                0x00000000080002b8                Reset_Handler
                0x00000000080002ba                VectorE8
                0x00000000080002ba                VectorAC
                0x00000000080002ba                DebugMon_Handler
                0x00000000080002ba                Vector1A0
                0x00000000080002ba                Vector11C
                0x00000000080002ba                HardFault_Handler
                0x00000000080002ba                Vector1B8
                0x00000000080002ba                Vector19C
                0x00000000080002ba                Vector8C
                0x00000000080002ba                SysTick_Handler
                0x00000000080002ba                VectorDC
                0x00000000080002ba                PendSV_Handler
                0x00000000080002ba                Vector168
                0x00000000080002ba                NMI_Handler
                0x00000000080002ba                Vector110
                0x00000000080002ba                Vector1D8
                0x00000000080002ba                VectorC8
                0x00000000080002ba                Vector94
                0x00000000080002ba                VectorA8
                0x00000000080002ba                VectorB4
                0x00000000080002ba                Vector160
                0x00000000080002ba                Vector1B0
                0x00000000080002ba                UsageFault_Handler
                0x00000000080002ba                VectorEC
                0x00000000080002ba                Vector40
                0x00000000080002ba                VectorF8
                0x00000000080002ba                Vector108
                0x00000000080002ba                VectorBC
                0x00000000080002ba                Vector190
                0x00000000080002ba                Vector1C4
                0x00000000080002ba                Vector1CC
                0x00000000080002ba                Vector148
                0x00000000080002ba                Vector188
                0x00000000080002ba                Vector198
                0x00000000080002ba                Vector118
                0x00000000080002ba                VectorCC
                0x00000000080002ba                Vector54
                0x00000000080002ba                Vector98
                0x00000000080002ba                Vector138
                0x00000000080002ba                Vector24
                0x00000000080002ba                Vector1AC
                0x00000000080002ba                Vector178
                0x00000000080002ba                Vector1A4
                0x00000000080002ba                VectorD0
                0x00000000080002ba                Vector1B4
                0x00000000080002ba                Vector140
                0x00000000080002ba                VectorE4
                0x00000000080002ba                VectorC0
                0x00000000080002ba                Vector1C0
                0x00000000080002ba                Vector134
                0x00000000080002ba                Vector1D0
                0x00000000080002ba                VectorF0
                0x00000000080002ba                Vector13C
                0x00000000080002ba                Vector100
                0x00000000080002ba                VectorF4
                0x00000000080002ba                MemManage_Handler
                0x00000000080002ba                VectorA0
                0x00000000080002ba                VectorC4
                0x00000000080002ba                Vector180
                0x00000000080002ba                Vector90
                0x00000000080002ba                Vector114
                0x00000000080002ba                Vector164
                0x00000000080002ba                Vector1C
                0x00000000080002ba                Vector1BC
                0x00000000080002ba                Vector1D4
                0x00000000080002ba                Vector17C
                0x00000000080002ba                Vector48
                0x00000000080002ba                Vector1A8
                0x00000000080002ba                Vector16C
                0x00000000080002ba                VectorD4
                0x00000000080002ba                Vector4C
                0x00000000080002ba                Vector144
                0x00000000080002ba                Vector15C
                0x00000000080002ba                Vector170
                0x00000000080002ba                Vector88
                0x00000000080002ba                Vector104
                0x00000000080002ba                Vector184
                0x00000000080002ba                Vector10C
                0x00000000080002ba                Vector14C
                0x00000000080002ba                BusFault_Handler
                0x00000000080002ba                Vector50
                0x00000000080002ba                Vector1C8
                0x00000000080002ba                Vector194
                0x00000000080002ba                Vector1DC
                0x00000000080002ba                Vector44
                0x00000000080002ba                Vector28
                0x00000000080002ba                VectorB8
                0x00000000080002ba                Vector34
                0x00000000080002ba                VectorA4
                0x00000000080002ba                Vector20
                0x00000000080002ba                Vector18C
                0x00000000080002ba                Vector174
                0x00000000080002be                _unhandled_exception
 .text          0x00000000080002c0       0x2a ./build/obj/chcoreasm_v7m.o
                0x00000000080002c0                _port_switch
                0x00000000080002d0                _port_thread_start
                0x00000000080002e2                _port_switch_from_isr
                0x00000000080002e6                _port_exit_from_isr
 *fill*         0x00000000080002ea        0x2 
 .text          0x00000000080002ec      0x21c /usr/lib/gcc/arm-none-eabi/9.2.1/thumb/v7e-m/nofp/libgcc.a(_arm_addsubsf3.o)
                0x00000000080002ec                __aeabi_frsub
                0x00000000080002f4                __subsf3
                0x00000000080002f4                __aeabi_fsub
                0x00000000080002f8                __aeabi_fadd
                0x00000000080002f8                __addsf3
                0x0000000008000458                __aeabi_ui2f
                0x0000000008000458                __floatunsisf
                0x0000000008000460                __aeabi_i2f
                0x0000000008000460                __floatsisf
                0x000000000800047c                __floatundisf
                0x000000000800047c                __aeabi_ul2f
                0x000000000800048c                __floatdisf
                0x000000000800048c                __aeabi_l2f
 .text          0x0000000008000508      0x2a0 /usr/lib/gcc/arm-none-eabi/9.2.1/thumb/v7e-m/nofp/libgcc.a(_arm_muldivsf3.o)
                0x0000000008000508                __mulsf3
                0x0000000008000508                __aeabi_fmul
                0x0000000008000670                __divsf3
                0x0000000008000670                __aeabi_fdiv
 .text          0x00000000080007a8       0xec /usr/lib/gcc/arm-none-eabi/9.2.1/thumb/v7e-m/nofp/libgcc.a(_arm_cmpsf2.o)
                0x00000000080007a8                __gtsf2
                0x00000000080007a8                __gesf2
                0x00000000080007b0                __lesf2
                0x00000000080007b0                __ltsf2
                0x00000000080007b8                __nesf2
                0x00000000080007b8                __eqsf2
                0x00000000080007b8                __cmpsf2
                0x0000000008000818                __aeabi_cfrcmple
                0x0000000008000820                __aeabi_cfcmple
                0x0000000008000820                __aeabi_cfcmpeq
                0x0000000008000830                __aeabi_fcmpeq
                0x0000000008000844                __aeabi_fcmplt
                0x0000000008000858                __aeabi_fcmple
                0x000000000800086c                __aeabi_fcmpge
                0x0000000008000880                __aeabi_fcmpgt
 .text          0x0000000008000894       0x4c /usr/lib/gcc/arm-none-eabi/9.2.1/thumb/v7e-m/nofp/libgcc.a(_arm_fixsfsi.o)
                0x0000000008000894                __fixsfsi
                0x0000000008000894                __aeabi_f2iz
 .text          0x00000000080008e0       0x40 /usr/lib/gcc/arm-none-eabi/9.2.1/thumb/v7e-m/nofp/libgcc.a(_arm_fixunssfsi.o)
                0x00000000080008e0                __aeabi_f2uiz
                0x00000000080008e0                __fixunssfsi
 .text          0x0000000008000920      0x9b8 /usr/lib/gcc/arm-none-eabi/9.2.1/thumb/v7e-m/nofp/libgcc.a(unwind-arm.o)
                0x0000000008000bc8                _Unwind_GetCFA
                0x0000000008000bcc                __gnu_Unwind_RaiseException
                0x0000000008000c2c                __gnu_Unwind_ForcedUnwind
                0x0000000008000c40                __gnu_Unwind_Resume
                0x0000000008000c84                __gnu_Unwind_Resume_or_Rethrow
                0x0000000008000c94                _Unwind_Complete
                0x0000000008000c98                _Unwind_DeleteException
                0x0000000008000ca4                _Unwind_VRS_Get
                0x0000000008000cec                _Unwind_VRS_Set
                0x0000000008000d34                __gnu_Unwind_Backtrace
                0x0000000008001054                __aeabi_unwind_cpp_pr0
                0x0000000008001058                __aeabi_unwind_cpp_pr1
                0x000000000800105c                __aeabi_unwind_cpp_pr2
                0x0000000008001060                _Unwind_VRS_Pop
 .text          0x00000000080012d8      0x1ac /usr/lib/gcc/arm-none-eabi/9.2.1/thumb/v7e-m/nofp/libgcc.a(libunwind.o)
                0x00000000080012d8                __restore_core_regs
                0x00000000080012d8                restore_core_regs
                0x00000000080012f0                __gnu_Unwind_Restore_VFP
                0x00000000080012f8                __gnu_Unwind_Save_VFP
                0x0000000008001300                __gnu_Unwind_Restore_VFP_D
                0x0000000008001308                __gnu_Unwind_Save_VFP_D
                0x0000000008001310                __gnu_Unwind_Restore_VFP_D_16_to_31
                0x0000000008001318                __gnu_Unwind_Save_VFP_D_16_to_31
                0x0000000008001320                __gnu_Unwind_Restore_WMMXD
                0x0000000008001364                __gnu_Unwind_Save_WMMXD
                0x00000000080013a8                __gnu_Unwind_Restore_WMMXC
                0x00000000080013bc                __gnu_Unwind_Save_WMMXC
                0x00000000080013d0                ___Unwind_RaiseException
                0x00000000080013d0                _Unwind_RaiseException
                0x00000000080013f4                ___Unwind_Resume
                0x00000000080013f4                _Unwind_Resume
                0x0000000008001418                _Unwind_Resume_or_Rethrow
                0x0000000008001418                ___Unwind_Resume_or_Rethrow
                0x000000000800143c                ___Unwind_ForcedUnwind
                0x000000000800143c                _Unwind_ForcedUnwind
                0x0000000008001460                _Unwind_Backtrace
                0x0000000008001460                ___Unwind_Backtrace
 .text          0x0000000008001484      0x340 /usr/lib/gcc/arm-none-eabi/9.2.1/thumb/v7e-m/nofp/libgcc.a(pr-support.o)
                0x00000000080014dc                __gnu_unwind_execute
                0x0000000008001778                __gnu_unwind_frame
                0x00000000080017a4                _Unwind_GetRegionStart
                0x00000000080017b0                _Unwind_GetLanguageSpecificData
 .text          0x00000000080017c4      0x2cc /usr/lib/gcc/arm-none-eabi/9.2.1/thumb/v7e-m/nofp/libgcc.a(unwind-c.o)
                0x00000000080019b0                __gcc_personality_v0
 .text          0x0000000008001a90       0x10 /usr/lib/gcc/arm-none-eabi/9.2.1/../../../arm-none-eabi/lib/thumb/v7e-m/nofp/libg.a(lib_a-abort.o)
                0x0000000008001a90                abort
 .text          0x0000000008001aa0      0x134 /usr/lib/gcc/arm-none-eabi/9.2.1/../../../arm-none-eabi/lib/thumb/v7e-m/nofp/libg.a(lib_a-memcpy.o)
                0x0000000008001aa0                memcpy
 .text          0x0000000008001bd4       0xa0 /usr/lib/gcc/arm-none-eabi/9.2.1/../../../arm-none-eabi/lib/thumb/v7e-m/nofp/libg.a(lib_a-memset.o)
                0x0000000008001bd4                memset
 .text          0x0000000008001c74      0x15c /usr/lib/gcc/arm-none-eabi/9.2.1/../../../arm-none-eabi/lib/thumb/v7e-m/nofp/libg.a(lib_a-signal.o)
                0x0000000008001c9c                _init_signal_r
                0x0000000008001ca8                _signal_r
                0x0000000008001ce0                _raise_r
                0x0000000008001d38                __sigtramp_r
                0x0000000008001d8c                raise
                0x0000000008001d9c                signal
                0x0000000008001dac                _init_signal
                0x0000000008001dc0                __sigtramp
 .text          0x0000000008001dd0       0x2c /usr/lib/gcc/arm-none-eabi/9.2.1/../../../arm-none-eabi/lib/thumb/v7e-m/nofp/libg.a(lib_a-signalr.o)
                0x0000000008001dd0                _kill_r
                0x0000000008001df8                _getpid_r
 .text          0x0000000008001dfc      0x564 /usr/lib/gcc/arm-none-eabi/9.2.1/../../../arm-none-eabi/lib/thumb/v7e-m/nofp/libg.a(lib_a-mallocr.o)
                0x0000000008001dfc                _malloc_r
 .text          0x0000000008002360        0x8 /usr/lib/gcc/arm-none-eabi/9.2.1/../../../arm-none-eabi/lib/thumb/v7e-m/nofp/libg.a(lib_a-mlock.o)
                0x0000000008002360                __malloc_lock
                0x0000000008002364                __malloc_unlock
 .text          0x0000000008002368       0x24 /usr/lib/gcc/arm-none-eabi/9.2.1/../../../arm-none-eabi/lib/thumb/v7e-m/nofp/libg.a(lib_a-sbrkr.o)
                0x0000000008002368                _sbrk_r
 .text          0x000000000800238c      0x294 /usr/lib/gcc/arm-none-eabi/9.2.1/../../../arm-none-eabi/lib/thumb/v7e-m/nofp/libg.a(lib_a-freer.o)
                0x000000000800238c                _malloc_trim_r
                0x000000000800242c                _free_r
 .text          0x0000000008002620       0x10 /usr/lib/gcc/arm-none-eabi/9.2.1/../../../arm-none-eabi/lib/thumb/v7e-m/nofp/libnosys.a(getpid.o)
                0x0000000008002620                _getpid
 .text          0x0000000008002630       0x10 /usr/lib/gcc/arm-none-eabi/9.2.1/../../../arm-none-eabi/lib/thumb/v7e-m/nofp/libnosys.a(kill.o)
                0x0000000008002630                _kill
 .text          0x0000000008002640       0x1c /usr/lib/gcc/arm-none-eabi/9.2.1/../../../arm-none-eabi/lib/thumb/v7e-m/nofp/libnosys.a(sbrk.o)
                0x0000000008002640                _sbrk
 .text          0x000000000800265c        0x4 /usr/lib/gcc/arm-none-eabi/9.2.1/../../../arm-none-eabi/lib/thumb/v7e-m/nofp/libnosys.a(_exit.o)
                0x000000000800265c                _exit
 *(.text.*)
 .text.dmaStreamAllocI.part.0.constprop.0
                0x0000000008002660       0xd0 /tmp/ch.elf.Jg3usW.ltrans0.ltrans.o
 .text._pal_lld_setgroupmode.constprop.0
                0x0000000008002730       0x74 /tmp/ch.elf.Jg3usW.ltrans0.ltrans.o
 *fill*         0x00000000080027a4        0xc 
 .text._ZN5L647030L6470_PrepareDaisyChainCommandEP18sL6470_AppCmdPkg_tPh.constprop.0
                0x00000000080027b0      0x14c /tmp/ch.elf.Jg3usW.ltrans0.ltrans.o
 *fill*         0x00000000080028fc        0x4 
 .text._ZN5L647023L6470_Position_2_AbsPosEl.constprop.0
                0x0000000008002900       0x18 /tmp/ch.elf.Jg3usW.ltrans0.ltrans.o
 *fill*         0x0000000008002918        0x8 
 .text.chCoreAllocFromTop
                0x0000000008002920       0x3c /tmp/ch.elf.Jg3usW.ltrans0.ltrans.o
 *fill*         0x000000000800295c        0x4 
 .text.notify2  0x0000000008002960       0x10 /tmp/ch.elf.Jg3usW.ltrans0.ltrans.o
 .text._ZN5L647020prepare_reset_deviceEv
                0x0000000008002970       0x44 /tmp/ch.elf.Jg3usW.ltrans0.ltrans.o
 *fill*         0x00000000080029b4        0xc 
 .text._ZN5L647018prepare_release_swE14eL6470_ActId_tN12StepperMotor11direction_tE
                0x00000000080029c0       0x4c /tmp/ch.elf.Jg3usW.ltrans0.ltrans.o
 *fill*         0x0000000008002a0c        0x4 
 .text._ZN5L647018prepare_step_clockEN12StepperMotor11direction_tE
                0x0000000008002a10       0x4c /tmp/ch.elf.Jg3usW.ltrans0.ltrans.o
 *fill*         0x0000000008002a5c        0x4 
 .text._ZN5L647016prepare_hard_hizEv
                0x0000000008002a60       0x44 /tmp/ch.elf.Jg3usW.ltrans0.ltrans.o
 *fill*         0x0000000008002aa4        0xc 
 .text._ZN5L647016prepare_soft_hizEv
                0x0000000008002ab0       0x44 /tmp/ch.elf.Jg3usW.ltrans0.ltrans.o
 *fill*         0x0000000008002af4        0xc 
 .text._ZN5L647017prepare_hard_stopEv
                0x0000000008002b00       0x44 /tmp/ch.elf.Jg3usW.ltrans0.ltrans.o
 *fill*         0x0000000008002b44        0xc 
 .text._ZN5L647017prepare_soft_stopEv
                0x0000000008002b50       0x44 /tmp/ch.elf.Jg3usW.ltrans0.ltrans.o
 *fill*         0x0000000008002b94        0xc 
 .text._ZN5L647012prepare_moveEN12StepperMotor11direction_tEj
                0x0000000008002ba0       0x4c /tmp/ch.elf.Jg3usW.ltrans0.ltrans.o
 *fill*         0x0000000008002bec        0x4 
 .text._ZN5L647016prepare_go_untilE14eL6470_ActId_tN12StepperMotor11direction_tEj
                0x0000000008002bf0       0x78 /tmp/ch.elf.Jg3usW.ltrans0.ltrans.o
 *fill*         0x0000000008002c68        0x8 
 .text._ZN5L647015prepare_go_markEv
                0x0000000008002c70       0x44 /tmp/ch.elf.Jg3usW.ltrans0.ltrans.o
 *fill*         0x0000000008002cb4        0xc 
 .text._ZN5L647015prepare_go_homeEv
                0x0000000008002cc0       0x44 /tmp/ch.elf.Jg3usW.ltrans0.ltrans.o
 *fill*         0x0000000008002d04        0xc 
 .text._ZN5L647013prepare_go_toEiN12StepperMotor11direction_tE
                0x0000000008002d10       0x54 /tmp/ch.elf.Jg3usW.ltrans0.ltrans.o
 *fill*         0x0000000008002d64        0xc 
 .text._ZN5L647013prepare_go_toEi
                0x0000000008002d70       0x4c /tmp/ch.elf.Jg3usW.ltrans0.ltrans.o
 *fill*         0x0000000008002dbc        0x4 
 .text._ZN5L647016prepare_set_homeEv
                0x0000000008002dc0       0x44 /tmp/ch.elf.Jg3usW.ltrans0.ltrans.o
 *fill*         0x0000000008002e04        0xc 
 .text._ZN5L647021prepare_get_directionEv
                0x0000000008002e10       0x38 /tmp/ch.elf.Jg3usW.ltrans0.ltrans.o
 *fill*         0x0000000008002e48        0x8 
 .text._ZN5L647018prepare_get_statusEv
                0x0000000008002e50       0x44 /tmp/ch.elf.Jg3usW.ltrans0.ltrans.o
 *fill*         0x0000000008002e94        0xc 
 .text._ZN5L64707read_idEPh
                0x0000000008002ea0        0x4 /tmp/ch.elf.Jg3usW.ltrans0.ltrans.o
 *fill*         0x0000000008002ea4        0xc 
 .text._ZN5L647025L6470_ExtractReturnedDataEPhh
                0x0000000008002eb0       0x28 /tmp/ch.elf.Jg3usW.ltrans0.ltrans.o
 *fill*         0x0000000008002ed8        0x8 
 .text._ZN5L647016L6470_PrepareRunE14eL6470_DirId_tm
                0x0000000008002ee0       0x40 /tmp/ch.elf.Jg3usW.ltrans0.ltrans.o
 .text._ZN5L647011prepare_runEN12StepperMotor11direction_tEj
                0x0000000008002f20       0x48 /tmp/ch.elf.Jg3usW.ltrans0.ltrans.o
 *fill*         0x0000000008002f68        0x8 
 .text._ZN5L647021L6470_PrepareGetParamE14eL6470_RegId_t
                0x0000000008002f70       0x40 /tmp/ch.elf.Jg3usW.ltrans0.ltrans.o
 .text._ZN5L647024prepare_get_decelerationEv
                0x0000000008002fb0       0x14 /tmp/ch.elf.Jg3usW.ltrans0.ltrans.o
 *fill*         0x0000000008002fc4        0xc 
 .text._ZN5L647024prepare_get_accelerationEv
                0x0000000008002fd0       0x14 /tmp/ch.elf.Jg3usW.ltrans0.ltrans.o
 *fill*         0x0000000008002fe4        0xc 
 .text._ZN5L647021prepare_get_min_speedEv
                0x0000000008002ff0       0x14 /tmp/ch.elf.Jg3usW.ltrans0.ltrans.o
 *fill*         0x0000000008003004        0xc 
 .text._ZN5L647021prepare_get_max_speedEv
                0x0000000008003010       0x14 /tmp/ch.elf.Jg3usW.ltrans0.ltrans.o
 *fill*         0x0000000008003024        0xc 
 .text._ZN5L647017prepare_get_speedEv
                0x0000000008003030       0x14 /tmp/ch.elf.Jg3usW.ltrans0.ltrans.o
 *fill*         0x0000000008003044        0xc 
 .text._ZN5L647016prepare_get_markEv
                0x0000000008003050       0x14 /tmp/ch.elf.Jg3usW.ltrans0.ltrans.o
 *fill*         0x0000000008003064        0xc 
 .text._ZN5L647020prepare_get_positionEv
                0x0000000008003070       0x14 /tmp/ch.elf.Jg3usW.ltrans0.ltrans.o
 *fill*         0x0000000008003084        0xc 
 .text._ZN5L647021prepare_get_parameterEj
                0x0000000008003090       0x14 /tmp/ch.elf.Jg3usW.ltrans0.ltrans.o
 *fill*         0x00000000080030a4        0xc 
 .text._ZN5L647021L6470_PrepareSetParamE14eL6470_RegId_tm
                0x00000000080030b0       0x40 /tmp/ch.elf.Jg3usW.ltrans0.ltrans.o
 .text._ZN5L647016prepare_set_markEi
                0x00000000080030f0       0x1c /tmp/ch.elf.Jg3usW.ltrans0.ltrans.o
 *fill*         0x000000000800310c        0x4 
 .text._ZN5L647024prepare_set_decelerationEj
                0x0000000008003110       0x40 /tmp/ch.elf.Jg3usW.ltrans0.ltrans.o
 .text._ZN5L647024prepare_set_accelerationEj
                0x0000000008003150       0x40 /tmp/ch.elf.Jg3usW.ltrans0.ltrans.o
 .text._ZN5L647021prepare_set_min_speedEj
                0x0000000008003190       0x40 /tmp/ch.elf.Jg3usW.ltrans0.ltrans.o
 .text._ZN5L647021prepare_set_max_speedEj
                0x00000000080031d0       0x40 /tmp/ch.elf.Jg3usW.ltrans0.ltrans.o
 .text._ZN5L647017prepare_set_speedEj
                0x0000000008003210       0x40 /tmp/ch.elf.Jg3usW.ltrans0.ltrans.o
 .text._ZN5L647016prepare_set_markEv
                0x0000000008003250       0x14 /tmp/ch.elf.Jg3usW.ltrans0.ltrans.o
 *fill*         0x0000000008003264        0xc 
 .text._ZN5L647021prepare_set_parameterEjj
                0x0000000008003270       0x14 /tmp/ch.elf.Jg3usW.ltrans0.ltrans.o
 *fill*         0x0000000008003284        0xc 
 .text._port_irq_epilogue
                0x0000000008003290       0x4c /tmp/ch.elf.Jg3usW.ltrans0.ltrans.o
 *fill*         0x00000000080032dc        0x4 
 .text.chCoreAllocAlignedI
                0x00000000080032e0       0x28 /tmp/ch.elf.Jg3usW.ltrans0.ltrans.o
 *fill*         0x0000000008003308        0x8 
 .text.chTMStopMeasurementX
                0x0000000008003310       0x44 /tmp/ch.elf.Jg3usW.ltrans0.ltrans.o
 *fill*         0x0000000008003354        0xc 
 .text.chTMStartMeasurementX
                0x0000000008003360        0xc /tmp/ch.elf.Jg3usW.ltrans0.ltrans.o
 *fill*         0x000000000800336c        0x4 
 .text.wakeup   0x0000000008003370       0x6c /tmp/ch.elf.Jg3usW.ltrans0.ltrans.o
 *fill*         0x00000000080033dc        0x4 
 .text.chSchReadyI
                0x00000000080033e0       0x24 /tmp/ch.elf.Jg3usW.ltrans0.ltrans.o
 *fill*         0x0000000008003404        0xc 
 .text.chEvtBroadcastFlagsI.constprop.0
                0x0000000008003410       0x60 /tmp/ch.elf.Jg3usW.ltrans0.ltrans.o
 .text._idle_thread
                0x0000000008003470        0x4 /tmp/ch.elf.Jg3usW.ltrans0.ltrans.o
 *fill*         0x0000000008003474        0xc 
 .text.spi_lld_serve_tx_interrupt
                0x0000000008003480       0x1c /tmp/ch.elf.Jg3usW.ltrans0.ltrans.o
 *fill*         0x000000000800349c        0x4 
 .text.spi_lld_serve_rx_interrupt
                0x00000000080034a0       0xcc /tmp/ch.elf.Jg3usW.ltrans0.ltrans.o
 *fill*         0x000000000800356c        0x4 
 .text._ctl     0x0000000008003570        0x4 /tmp/ch.elf.Jg3usW.ltrans0.ltrans.o
 *fill*         0x0000000008003574        0xc 
 .text._ZN5L6470C2Emmmm.constprop.0
                0x0000000008003580       0x94 /tmp/ch.elf.Jg3usW.ltrans0.ltrans.o
 *fill*         0x0000000008003614        0xc 
 .text.chSchGoSleepS
                0x0000000008003620       0x28 /tmp/ch.elf.Jg3usW.ltrans0.ltrans.o
 *fill*         0x0000000008003648        0x8 
 .text.chSchGoSleepTimeoutS
                0x0000000008003650      0x110 /tmp/ch.elf.Jg3usW.ltrans0.ltrans.o
 .text.chThdEnqueueTimeoutS
                0x0000000008003760       0x28 /tmp/ch.elf.Jg3usW.ltrans0.ltrans.o
 *fill*         0x0000000008003788        0x8 
 .text.oqPutTimeout
                0x0000000008003790       0x50 /tmp/ch.elf.Jg3usW.ltrans0.ltrans.o
 .text._putt    0x00000000080037e0        0x8 /tmp/ch.elf.Jg3usW.ltrans0.ltrans.o
 *fill*         0x00000000080037e8        0x8 
 .text._put     0x00000000080037f0        0xc /tmp/ch.elf.Jg3usW.ltrans0.ltrans.o
 *fill*         0x00000000080037fc        0x4 
 .text.iqGetTimeout
                0x0000000008003800       0x54 /tmp/ch.elf.Jg3usW.ltrans0.ltrans.o
 *fill*         0x0000000008003854        0xc 
 .text._gett    0x0000000008003860        0x8 /tmp/ch.elf.Jg3usW.ltrans0.ltrans.o
 *fill*         0x0000000008003868        0x8 
 .text._get     0x0000000008003870        0xc /tmp/ch.elf.Jg3usW.ltrans0.ltrans.o
 *fill*         0x000000000800387c        0x4 
 .text.chThdSleep
                0x0000000008003880       0x18 /tmp/ch.elf.Jg3usW.ltrans0.ltrans.o
 *fill*         0x0000000008003898        0x8 
 .text.chMtxLockS
                0x00000000080038a0       0xc0 /tmp/ch.elf.Jg3usW.ltrans0.ltrans.o
 .text.oqWriteTimeout
                0x0000000008003960       0xd4 /tmp/ch.elf.Jg3usW.ltrans0.ltrans.o
 *fill*         0x0000000008003a34        0xc 
 .text._writet  0x0000000008003a40        0x8 /tmp/ch.elf.Jg3usW.ltrans0.ltrans.o
 *fill*         0x0000000008003a48        0x8 
 .text._write   0x0000000008003a50        0xc /tmp/ch.elf.Jg3usW.ltrans0.ltrans.o
 *fill*         0x0000000008003a5c        0x4 
 .text.iqReadTimeout
                0x0000000008003a60       0xd4 /tmp/ch.elf.Jg3usW.ltrans0.ltrans.o
 *fill*         0x0000000008003b34        0xc 
 .text._readt   0x0000000008003b40        0x8 /tmp/ch.elf.Jg3usW.ltrans0.ltrans.o
 *fill*         0x0000000008003b48        0x8 
 .text._read    0x0000000008003b50        0xc /tmp/ch.elf.Jg3usW.ltrans0.ltrans.o
 *fill*         0x0000000008003b5c        0x4 
 .text.SVC_Handler
                0x0000000008003b60       0x14 /tmp/ch.elf.Jg3usW.ltrans0.ltrans.o
                0x0000000008003b60                SVC_Handler
 *fill*         0x0000000008003b74        0xc 
 .text.chThdExit
                0x0000000008003b80       0x4c /tmp/ch.elf.Jg3usW.ltrans0.ltrans.o
                0x0000000008003b80                chThdExit
 *fill*         0x0000000008003bcc        0x4 
 .text.chSchDoRescheduleAhead
                0x0000000008003bd0       0x3c /tmp/ch.elf.Jg3usW.ltrans0.ltrans.o
                0x0000000008003bd0                chSchDoReschedule
 *fill*         0x0000000008003c0c        0x4 
 .text.chMtxUnlock
                0x0000000008003c10       0x74 /tmp/ch.elf.Jg3usW.ltrans0.ltrans.o
 *fill*         0x0000000008003c84        0xc 
 .text.chHeapAllocAligned.constprop.0
                0x0000000008003c90       0xe4 /tmp/ch.elf.Jg3usW.ltrans0.ltrans.o
 *fill*         0x0000000008003d74        0xc 
 .text._ZN5L647023L6470_DaisyChainCommandEPhS0_.constprop.0
                0x0000000008003d80      0x1f8 /tmp/ch.elf.Jg3usW.ltrans0.ltrans.o
 *fill*         0x0000000008003f78        0x8 
 .text._ZN5L647010release_swE14eL6470_ActId_tN12StepperMotor11direction_tE
                0x0000000008003f80       0x50 /tmp/ch.elf.Jg3usW.ltrans0.ltrans.o
 .text._ZN5L64708hard_hizEv
                0x0000000008003fd0       0x48 /tmp/ch.elf.Jg3usW.ltrans0.ltrans.o
 *fill*         0x0000000008004018        0x8 
 .text._ZN5L64709hard_stopEv
                0x0000000008004020       0x48 /tmp/ch.elf.Jg3usW.ltrans0.ltrans.o
 *fill*         0x0000000008004068        0x8 
 .text._ZN5L64709soft_stopEv
                0x0000000008004070       0x48 /tmp/ch.elf.Jg3usW.ltrans0.ltrans.o
 *fill*         0x00000000080040b8        0x8 
 .text._ZN5L64704moveEN12StepperMotor11direction_tEj
                0x00000000080040c0       0x50 /tmp/ch.elf.Jg3usW.ltrans0.ltrans.o
 .text._ZN5L64708go_untilE14eL6470_ActId_tN12StepperMotor11direction_tEj
                0x0000000008004110       0x84 /tmp/ch.elf.Jg3usW.ltrans0.ltrans.o
 *fill*         0x0000000008004194        0xc 
 .text._ZN5L64707go_markEv
                0x00000000080041a0       0x48 /tmp/ch.elf.Jg3usW.ltrans0.ltrans.o
 *fill*         0x00000000080041e8        0x8 
 .text._ZN5L64707go_homeEv
                0x00000000080041f0       0x48 /tmp/ch.elf.Jg3usW.ltrans0.ltrans.o
 *fill*         0x0000000008004238        0x8 
 .text._ZN5L64705go_toEiN12StepperMotor11direction_tE
                0x0000000008004240       0x64 /tmp/ch.elf.Jg3usW.ltrans0.ltrans.o
 *fill*         0x00000000080042a4        0xc 
 .text._ZN5L64705go_toEi
                0x00000000080042b0       0x5c /tmp/ch.elf.Jg3usW.ltrans0.ltrans.o
 *fill*         0x000000000800430c        0x4 
 .text._ZN5L64708set_homeEv
                0x0000000008004310       0x48 /tmp/ch.elf.Jg3usW.ltrans0.ltrans.o
 *fill*         0x0000000008004358        0x8 
 .text._ZN5L647015L6470_GetStatusEv
                0x0000000008004360       0x5c /tmp/ch.elf.Jg3usW.ltrans0.ltrans.o
 *fill*         0x00000000080043bc        0x4 
 .text._ZN5L647010get_statusEv
                0x00000000080043c0        0x8 /tmp/ch.elf.Jg3usW.ltrans0.ltrans.o
 *fill*         0x00000000080043c8        0x8 
 .text._ZN5L647013L6470_SoftHiZEv
                0x00000000080043d0       0x48 /tmp/ch.elf.Jg3usW.ltrans0.ltrans.o
 *fill*         0x0000000008004418        0x8 
 .text._ZN5L64708soft_hizEv
                0x0000000008004420        0x4 /tmp/ch.elf.Jg3usW.ltrans0.ltrans.o
 *fill*         0x0000000008004424        0xc 
 .text._ZN5L647010step_clockEN12StepperMotor11direction_tE
                0x0000000008004430       0x6c /tmp/ch.elf.Jg3usW.ltrans0.ltrans.o
 *fill*         0x000000000800449c        0x4 
 .text._ZN5L647017L6470_ResetDeviceEv
                0x00000000080044a0       0x48 /tmp/ch.elf.Jg3usW.ltrans0.ltrans.o
 *fill*         0x00000000080044e8        0x8 
 .text._ZN5L647012reset_deviceEv
                0x00000000080044f0        0x4 /tmp/ch.elf.Jg3usW.ltrans0.ltrans.o
 *fill*         0x00000000080044f4        0xc 
 .text._ZN5L64709L6470_RunE14eL6470_DirId_tm
                0x0000000008004500       0x48 /tmp/ch.elf.Jg3usW.ltrans0.ltrans.o
 *fill*         0x0000000008004548        0x8 
 .text._ZN5L64703runEN12StepperMotor11direction_tEj
                0x0000000008004550       0x50 /tmp/ch.elf.Jg3usW.ltrans0.ltrans.o
 .text._ZN5L647014L6470_GetParamE14eL6470_RegId_t
                0x00000000080045a0       0x80 /tmp/ch.elf.Jg3usW.ltrans0.ltrans.o
 .text._ZN5L647012get_positionEv
                0x0000000008004620       0x14 /tmp/ch.elf.Jg3usW.ltrans0.ltrans.o
 *fill*         0x0000000008004634        0xc 
 .text._ZN14XNucleoIHM02A124perform_prepared_actionsEv
                0x0000000008004640      0x214 /tmp/ch.elf.Jg3usW.ltrans0.ltrans.o
 *fill*         0x0000000008004854        0xc 
 .text._ZN5L647011prepare_runEN12StepperMotor11direction_tE
                0x0000000008004860       0x28 /tmp/ch.elf.Jg3usW.ltrans0.ltrans.o
 *fill*         0x0000000008004888        0x8 
 .text._ZN5L647017wait_while_activeEv
                0x0000000008004890       0x18 /tmp/ch.elf.Jg3usW.ltrans0.ltrans.o
 *fill*         0x00000000080048a8        0x8 
 .text._ZN5L64703runEN12StepperMotor11direction_tE
                0x00000000080048b0       0x24 /tmp/ch.elf.Jg3usW.ltrans0.ltrans.o
 *fill*         0x00000000080048d4        0xc 
 .text._ZN5L647013get_directionEv
                0x00000000080048e0       0x14 /tmp/ch.elf.Jg3usW.ltrans0.ltrans.o
 *fill*         0x00000000080048f4        0xc 
 .text._ZN5L647016get_decelerationEv
                0x0000000008004900       0x7c /tmp/ch.elf.Jg3usW.ltrans0.ltrans.o
 *fill*         0x000000000800497c        0x4 
 .text._ZN5L647016get_accelerationEv
                0x0000000008004980       0x7c /tmp/ch.elf.Jg3usW.ltrans0.ltrans.o
 *fill*         0x00000000080049fc        0x4 
 .text._ZN5L647013get_min_speedEv
                0x0000000008004a00       0x7c /tmp/ch.elf.Jg3usW.ltrans0.ltrans.o
 *fill*         0x0000000008004a7c        0x4 
 .text._ZN5L647013get_max_speedEv
                0x0000000008004a80       0x7c /tmp/ch.elf.Jg3usW.ltrans0.ltrans.o
 *fill*         0x0000000008004afc        0x4 
 .text._ZN5L64709get_speedEv
                0x0000000008004b00       0x6c /tmp/ch.elf.Jg3usW.ltrans0.ltrans.o
 *fill*         0x0000000008004b6c        0x4 
 .text._ZN5L64708get_markEv
                0x0000000008004b70       0x14 /tmp/ch.elf.Jg3usW.ltrans0.ltrans.o
 *fill*         0x0000000008004b84        0xc 
 .text._ZN5L647013get_parameterEj
                0x0000000008004b90        0x8 /tmp/ch.elf.Jg3usW.ltrans0.ltrans.o
 *fill*         0x0000000008004b98        0x8 
 .text._ZN5L647014L6470_SetParamE14eL6470_RegId_tm
                0x0000000008004ba0       0x48 /tmp/ch.elf.Jg3usW.ltrans0.ltrans.o
 *fill*         0x0000000008004be8        0x8 
 .text._ZN5L647016set_decelerationEj
                0x0000000008004bf0       0x44 /tmp/ch.elf.Jg3usW.ltrans0.ltrans.o
 *fill*         0x0000000008004c34        0xc 
 .text._ZN5L647016set_accelerationEj
                0x0000000008004c40       0x44 /tmp/ch.elf.Jg3usW.ltrans0.ltrans.o
 *fill*         0x0000000008004c84        0xc 
 .text._ZN5L647013set_min_speedEj
                0x0000000008004c90       0x44 /tmp/ch.elf.Jg3usW.ltrans0.ltrans.o
 *fill*         0x0000000008004cd4        0xc 
 .text._ZN5L647013set_max_speedEj
                0x0000000008004ce0       0x44 /tmp/ch.elf.Jg3usW.ltrans0.ltrans.o
 *fill*         0x0000000008004d24        0xc 
 .text._ZN5L64708set_markEi
                0x0000000008004d30       0x18 /tmp/ch.elf.Jg3usW.ltrans0.ltrans.o
 *fill*         0x0000000008004d48        0x8 
 .text._ZN5L64708set_markEv
                0x0000000008004d50       0x18 /tmp/ch.elf.Jg3usW.ltrans0.ltrans.o
 *fill*         0x0000000008004d68        0x8 
 .text._ZN5L647013set_parameterEjj
                0x0000000008004d70        0x8 /tmp/ch.elf.Jg3usW.ltrans0.ltrans.o
 *fill*         0x0000000008004d78        0x8 
 .text._ZN5L647013set_step_modeEN12StepperMotor11step_mode_tE
                0x0000000008004d80       0x34 /tmp/ch.elf.Jg3usW.ltrans0.ltrans.o
 *fill*         0x0000000008004db4        0xc 
 .text._ZN5L64704initEPv
                0x0000000008004dc0      0x3dc /tmp/ch.elf.Jg3usW.ltrans0.ltrans.o
 *fill*         0x000000000800519c        0x4 
 .text.startup.main
                0x00000000080051a0      0x684 /tmp/ch.elf.Jg3usW.ltrans0.ltrans.o
                0x00000000080051a0                main
 *fill*         0x0000000008005824        0xc 
 .text.__early_init
                0x0000000008005830      0x26c /tmp/ch.elf.Jg3usW.ltrans0.ltrans.o
                0x0000000008005830                __early_init
 *fill*         0x0000000008005a9c        0x4 
 .text.VectorD8
                0x0000000008005aa0      0x1ac /tmp/ch.elf.Jg3usW.ltrans0.ltrans.o
                0x0000000008005aa0                VectorD8
 *fill*         0x0000000008005c4c        0x4 
 .text.VectorB0
                0x0000000008005c50       0xb8 /tmp/ch.elf.Jg3usW.ltrans0.ltrans.o
                0x0000000008005c50                VectorB0
 *fill*         0x0000000008005d08        0x8 
 .text.Vector158
                0x0000000008005d10       0x2c /tmp/ch.elf.Jg3usW.ltrans0.ltrans.o
                0x0000000008005d10                Vector158
 *fill*         0x0000000008005d3c        0x4 
 .text.Vector154
                0x0000000008005d40       0x2c /tmp/ch.elf.Jg3usW.ltrans0.ltrans.o
                0x0000000008005d40                Vector154
 *fill*         0x0000000008005d6c        0x4 
 .text.Vector150
                0x0000000008005d70       0x2c /tmp/ch.elf.Jg3usW.ltrans0.ltrans.o
                0x0000000008005d70                Vector150
 *fill*         0x0000000008005d9c        0x4 
 .text.Vector130
                0x0000000008005da0       0x28 /tmp/ch.elf.Jg3usW.ltrans0.ltrans.o
                0x0000000008005da0                Vector130
 *fill*         0x0000000008005dc8        0x8 
 .text.Vector12C
                0x0000000008005dd0       0x2c /tmp/ch.elf.Jg3usW.ltrans0.ltrans.o
                0x0000000008005dd0                Vector12C
 *fill*         0x0000000008005dfc        0x4 
 .text.Vector128
                0x0000000008005e00       0x2c /tmp/ch.elf.Jg3usW.ltrans0.ltrans.o
                0x0000000008005e00                Vector128
 *fill*         0x0000000008005e2c        0x4 
 .text.Vector124
                0x0000000008005e30       0x2c /tmp/ch.elf.Jg3usW.ltrans0.ltrans.o
                0x0000000008005e30                Vector124
 *fill*         0x0000000008005e5c        0x4 
 .text.Vector120
                0x0000000008005e60       0x28 /tmp/ch.elf.Jg3usW.ltrans0.ltrans.o
                0x0000000008005e60                Vector120
 *fill*         0x0000000008005e88        0x8 
 .text.VectorFC
                0x0000000008005e90       0x2c /tmp/ch.elf.Jg3usW.ltrans0.ltrans.o
                0x0000000008005e90                VectorFC
 *fill*         0x0000000008005ebc        0x4 
 .text.Vector84
                0x0000000008005ec0       0x2c /tmp/ch.elf.Jg3usW.ltrans0.ltrans.o
                0x0000000008005ec0                Vector84
 *fill*         0x0000000008005eec        0x4 
 .text.Vector80
                0x0000000008005ef0       0x2c /tmp/ch.elf.Jg3usW.ltrans0.ltrans.o
                0x0000000008005ef0                Vector80
 *fill*         0x0000000008005f1c        0x4 
 .text.Vector7C
                0x0000000008005f20       0x28 /tmp/ch.elf.Jg3usW.ltrans0.ltrans.o
                0x0000000008005f20                Vector7C
 *fill*         0x0000000008005f48        0x8 
 .text.Vector78
                0x0000000008005f50       0x2c /tmp/ch.elf.Jg3usW.ltrans0.ltrans.o
                0x0000000008005f50                Vector78
 *fill*         0x0000000008005f7c        0x4 
 .text.Vector74
                0x0000000008005f80       0x2c /tmp/ch.elf.Jg3usW.ltrans0.ltrans.o
                0x0000000008005f80                Vector74
 *fill*         0x0000000008005fac        0x4 
 .text.Vector70
                0x0000000008005fb0       0x2c /tmp/ch.elf.Jg3usW.ltrans0.ltrans.o
                0x0000000008005fb0                Vector70
 *fill*         0x0000000008005fdc        0x4 
 .text.Vector6C
                0x0000000008005fe0       0x28 /tmp/ch.elf.Jg3usW.ltrans0.ltrans.o
                0x0000000008005fe0                Vector6C
 *fill*         0x0000000008006008        0x8 
 .text.VectorE0
                0x0000000008006010       0x74 /tmp/ch.elf.Jg3usW.ltrans0.ltrans.o
                0x0000000008006010                VectorE0
 *fill*         0x0000000008006084        0xc 
 .text.Vector9C
                0x0000000008006090       0x68 /tmp/ch.elf.Jg3usW.ltrans0.ltrans.o
                0x0000000008006090                Vector9C
 *fill*         0x00000000080060f8        0x8 
 .text.Vector68
                0x0000000008006100       0x2c /tmp/ch.elf.Jg3usW.ltrans0.ltrans.o
                0x0000000008006100                Vector68
 *fill*         0x000000000800612c        0x4 
 .text.Vector64
                0x0000000008006130       0x2c /tmp/ch.elf.Jg3usW.ltrans0.ltrans.o
                0x0000000008006130                Vector64
 *fill*         0x000000000800615c        0x4 
 .text.Vector60
                0x0000000008006160       0x2c /tmp/ch.elf.Jg3usW.ltrans0.ltrans.o
                0x0000000008006160                Vector60
 *fill*         0x000000000800618c        0x4 
 .text.Vector5C
                0x0000000008006190       0x2c /tmp/ch.elf.Jg3usW.ltrans0.ltrans.o
                0x0000000008006190                Vector5C
 *fill*         0x00000000080061bc        0x4 
 .text.Vector58
                0x00000000080061c0       0x2c /tmp/ch.elf.Jg3usW.ltrans0.ltrans.o
                0x00000000080061c0                Vector58
 *fill*         0x00000000080061ec        0x4 
 .text.__init_ram_areas
                0x00000000080061f0       0x68 /tmp/ch.elf.Jg3usW.ltrans0.ltrans.o
                0x00000000080061f0                __init_ram_areas
 *fill*         0x0000000008006258        0x8 
 .text.__default_exit
                0x0000000008006260        0x4 /tmp/ch.elf.Jg3usW.ltrans0.ltrans.o
                0x0000000008006260                __default_exit
 *fill*         0x0000000008006264        0xc 
 .text.__late_init
                0x0000000008006270        0x4 /tmp/ch.elf.Jg3usW.ltrans0.ltrans.o
                0x0000000008006270                __late_init
 *fill*         0x0000000008006274        0xc 
 .text.__core_init
                0x0000000008006280        0x4 /tmp/ch.elf.Jg3usW.ltrans0.ltrans.o
                0x0000000008006280                __core_init
 .text.unlikely
                0x0000000008006284        0xc /usr/lib/gcc/arm-none-eabi/9.2.1/thumb/v7e-m/nofp/libgcc.a(pr-support.o)
                0x0000000008006284                _Unwind_GetDataRelBase
                0x000000000800628a                _Unwind_GetTextRelBase
 *(.glue_7t)
 .glue_7t       0x0000000008006290        0x0 linker stubs
 *(.glue_7)
 .glue_7        0x0000000008006290        0x0 linker stubs
 *(.gcc*)
                0x0000000008006290                __text_end__ = .

.vfp11_veneer   0x0000000008006290        0x0
 .vfp11_veneer  0x0000000008006290        0x0 linker stubs

.v4_bx          0x0000000008006290        0x0
 .v4_bx         0x0000000008006290        0x0 linker stubs

.iplt           0x0000000008006290        0x0
 .iplt          0x0000000008006290        0x0 ./build/obj/crt0_v7m.o

.rodata         0x0000000008006290      0x5f0
                0x0000000008006290                __rodata_base__ = .
 *(.rodata)
 *(.rodata.*)
 .rodata.spi_lld_serve_tx_interrupt.str1.4
                0x0000000008006290        0xc /tmp/ch.elf.Jg3usW.ltrans0.ltrans.o
 .rodata.main.str1.4
                0x000000000800629c        0x5 /tmp/ch.elf.Jg3usW.ltrans0.ltrans.o
 *fill*         0x00000000080062a1        0x3 
 .rodata._ZL9ls_spicfg
                0x00000000080062a4        0xc /tmp/ch.elf.Jg3usW.ltrans0.ltrans.o
 .rodata._ZN5L647010_L6470_ACTE
                0x00000000080062b0        0xa /tmp/ch.elf.Jg3usW.ltrans0.ltrans.o
 *fill*         0x00000000080062ba        0x2 
 .rodata._ZN5L647015_L6470_RegisterE
                0x00000000080062bc      0x1f4 /tmp/ch.elf.Jg3usW.ltrans0.ltrans.o
 .rodata._ZN5L647016_L6470_DirectionE
                0x00000000080064b0       0x12 /tmp/ch.elf.Jg3usW.ltrans0.ltrans.o
 *fill*         0x00000000080064c2        0x2 
 .rodata._ZN5L647025_L6470_ApplicationCommandE
                0x00000000080064c4      0x10a /tmp/ch.elf.Jg3usW.ltrans0.ltrans.o
 *fill*         0x00000000080065ce        0x2 
 .rodata._ZTV14XNucleoIHM02A1
                0x00000000080065d0        0xc /tmp/ch.elf.Jg3usW.ltrans0.ltrans.o
 .rodata._ZTV5L6470
                0x00000000080065dc      0x124 /tmp/ch.elf.Jg3usW.ltrans0.ltrans.o
 .rodata._stm32_dma_streams
                0x0000000008006700       0xc0 /tmp/ch.elf.Jg3usW.ltrans0.ltrans.o
 .rodata.ch_debug
                0x00000000080067c0       0x16 /tmp/ch.elf.Jg3usW.ltrans0.ltrans.o
 *fill*         0x00000000080067d6        0x2 
 .rodata.ram_areas
                0x00000000080067d8       0x80 /tmp/ch.elf.Jg3usW.ltrans0.ltrans.o
 .rodata.vmt    0x0000000008006858       0x28 /tmp/ch.elf.Jg3usW.ltrans0.ltrans.o
                0x0000000008006880                . = ALIGN (0x4)
                0x0000000008006880                __rodata_end__ = .

.ARM.extab      0x0000000008006880       0x30
 *(.ARM.extab* .gnu.linkonce.armextab.*)
 .ARM.extab.text.startup.main
                0x0000000008006880       0x18 /tmp/ch.elf.Jg3usW.ltrans0.ltrans.o
 .ARM.extab     0x0000000008006898       0x18 /usr/lib/gcc/arm-none-eabi/9.2.1/thumb/v7e-m/nofp/libgcc.a(pr-support.o)

.ARM.exidx      0x00000000080068b0      0x128
                0x00000000080068b0                __exidx_base__ = .
                0x00000000080068b0                __exidx_start = .
 *(.ARM.exidx* .gnu.linkonce.armexidx.*)
 .ARM.exidx.text._ZN5L647030L6470_PrepareDaisyChainCommandEP18sL6470_AppCmdPkg_tPh.constprop.0
                0x0000000008006998        0x0 /tmp/ch.elf.Jg3usW.ltrans0.ltrans.o
                                          0x8 (size before relaxing)
 .ARM.exidx.text._ZN5L647023L6470_Position_2_AbsPosEl.constprop.0
                0x0000000008006998        0x0 /tmp/ch.elf.Jg3usW.ltrans0.ltrans.o
                                          0x8 (size before relaxing)
 .ARM.exidx.text._ZN5L647020prepare_reset_deviceEv
                0x0000000008006998        0x0 /tmp/ch.elf.Jg3usW.ltrans0.ltrans.o
                                          0x8 (size before relaxing)
 .ARM.exidx.text._ZN5L647018prepare_release_swE14eL6470_ActId_tN12StepperMotor11direction_tE
                0x0000000008006998        0x0 /tmp/ch.elf.Jg3usW.ltrans0.ltrans.o
                                          0x8 (size before relaxing)
 .ARM.exidx.text._ZN5L647018prepare_step_clockEN12StepperMotor11direction_tE
                0x0000000008006998        0x0 /tmp/ch.elf.Jg3usW.ltrans0.ltrans.o
                                          0x8 (size before relaxing)
 .ARM.exidx.text._ZN5L647016prepare_hard_hizEv
                0x0000000008006998        0x0 /tmp/ch.elf.Jg3usW.ltrans0.ltrans.o
                                          0x8 (size before relaxing)
 .ARM.exidx.text._ZN5L647016prepare_soft_hizEv
                0x0000000008006998        0x0 /tmp/ch.elf.Jg3usW.ltrans0.ltrans.o
                                          0x8 (size before relaxing)
 .ARM.exidx.text._ZN5L647017prepare_hard_stopEv
                0x0000000008006998        0x0 /tmp/ch.elf.Jg3usW.ltrans0.ltrans.o
                                          0x8 (size before relaxing)
 .ARM.exidx.text._ZN5L647017prepare_soft_stopEv
                0x0000000008006998        0x0 /tmp/ch.elf.Jg3usW.ltrans0.ltrans.o
                                          0x8 (size before relaxing)
 .ARM.exidx.text._ZN5L647012prepare_moveEN12StepperMotor11direction_tEj
                0x0000000008006998        0x0 /tmp/ch.elf.Jg3usW.ltrans0.ltrans.o
                                          0x8 (size before relaxing)
 .ARM.exidx.text._ZN5L647016prepare_go_untilE14eL6470_ActId_tN12StepperMotor11direction_tEj
                0x0000000008006998        0x0 /tmp/ch.elf.Jg3usW.ltrans0.ltrans.o
                                          0x8 (size before relaxing)
 .ARM.exidx.text._ZN5L647015prepare_go_markEv
                0x0000000008006998        0x0 /tmp/ch.elf.Jg3usW.ltrans0.ltrans.o
                                          0x8 (size before relaxing)
 .ARM.exidx.text._ZN5L647015prepare_go_homeEv
                0x0000000008006998        0x0 /tmp/ch.elf.Jg3usW.ltrans0.ltrans.o
                                          0x8 (size before relaxing)
 .ARM.exidx.text._ZN5L647013prepare_go_toEiN12StepperMotor11direction_tE
                0x0000000008006998        0x0 /tmp/ch.elf.Jg3usW.ltrans0.ltrans.o
                                          0x8 (size before relaxing)
 .ARM.exidx.text._ZN5L647013prepare_go_toEi
                0x0000000008006998        0x0 /tmp/ch.elf.Jg3usW.ltrans0.ltrans.o
                                          0x8 (size before relaxing)
 .ARM.exidx.text._ZN5L647016prepare_set_homeEv
                0x0000000008006998        0x0 /tmp/ch.elf.Jg3usW.ltrans0.ltrans.o
                                          0x8 (size before relaxing)
 .ARM.exidx.text._ZN5L647021prepare_get_directionEv
                0x0000000008006998        0x0 /tmp/ch.elf.Jg3usW.ltrans0.ltrans.o
                                          0x8 (size before relaxing)
 .ARM.exidx.text._ZN5L647018prepare_get_statusEv
                0x0000000008006998        0x0 /tmp/ch.elf.Jg3usW.ltrans0.ltrans.o
                                          0x8 (size before relaxing)
 .ARM.exidx.text._ZN5L64707read_idEPh
                0x0000000008006998        0x0 /tmp/ch.elf.Jg3usW.ltrans0.ltrans.o
                                          0x8 (size before relaxing)
 .ARM.exidx.text._ZN5L647025L6470_ExtractReturnedDataEPhh
                0x0000000008006998        0x0 /tmp/ch.elf.Jg3usW.ltrans0.ltrans.o
                                          0x8 (size before relaxing)
 .ARM.exidx.text._ZN5L647016L6470_PrepareRunE14eL6470_DirId_tm
                0x0000000008006998        0x0 /tmp/ch.elf.Jg3usW.ltrans0.ltrans.o
                                          0x8 (size before relaxing)
 .ARM.exidx.text._ZN5L647011prepare_runEN12StepperMotor11direction_tEj
                0x0000000008006998        0x0 /tmp/ch.elf.Jg3usW.ltrans0.ltrans.o
                                          0x8 (size before relaxing)
 .ARM.exidx.text._ZN5L647021L6470_PrepareGetParamE14eL6470_RegId_t
                0x0000000008006998        0x0 /tmp/ch.elf.Jg3usW.ltrans0.ltrans.o
                                          0x8 (size before relaxing)
 .ARM.exidx.text._ZN5L647024prepare_get_decelerationEv
                0x0000000008006998        0x0 /tmp/ch.elf.Jg3usW.ltrans0.ltrans.o
                                          0x8 (size before relaxing)
 .ARM.exidx.text._ZN5L647024prepare_get_accelerationEv
                0x0000000008006998        0x0 /tmp/ch.elf.Jg3usW.ltrans0.ltrans.o
                                          0x8 (size before relaxing)
 .ARM.exidx.text._ZN5L647021prepare_get_min_speedEv
                0x0000000008006998        0x0 /tmp/ch.elf.Jg3usW.ltrans0.ltrans.o
                                          0x8 (size before relaxing)
 .ARM.exidx.text._ZN5L647021prepare_get_max_speedEv
                0x0000000008006998        0x0 /tmp/ch.elf.Jg3usW.ltrans0.ltrans.o
                                          0x8 (size before relaxing)
 .ARM.exidx.text._ZN5L647017prepare_get_speedEv
                0x0000000008006998        0x0 /tmp/ch.elf.Jg3usW.ltrans0.ltrans.o
                                          0x8 (size before relaxing)
 .ARM.exidx.text._ZN5L647016prepare_get_markEv
                0x0000000008006998        0x0 /tmp/ch.elf.Jg3usW.ltrans0.ltrans.o
                                          0x8 (size before relaxing)
 .ARM.exidx.text._ZN5L647020prepare_get_positionEv
                0x0000000008006998        0x0 /tmp/ch.elf.Jg3usW.ltrans0.ltrans.o
                                          0x8 (size before relaxing)
 .ARM.exidx.text._ZN5L647021prepare_get_parameterEj
                0x0000000008006998        0x0 /tmp/ch.elf.Jg3usW.ltrans0.ltrans.o
                                          0x8 (size before relaxing)
 .ARM.exidx.text._ZN5L647021L6470_PrepareSetParamE14eL6470_RegId_tm
                0x0000000008006998        0x0 /tmp/ch.elf.Jg3usW.ltrans0.ltrans.o
                                          0x8 (size before relaxing)
 .ARM.exidx.text._ZN5L647016prepare_set_markEi
                0x0000000008006998        0x0 /tmp/ch.elf.Jg3usW.ltrans0.ltrans.o
                                          0x8 (size before relaxing)
 .ARM.exidx.text._ZN5L647024prepare_set_decelerationEj
                0x0000000008006998        0x0 /tmp/ch.elf.Jg3usW.ltrans0.ltrans.o
                                          0x8 (size before relaxing)
 .ARM.exidx.text._ZN5L647024prepare_set_accelerationEj
                0x0000000008006998        0x0 /tmp/ch.elf.Jg3usW.ltrans0.ltrans.o
                                          0x8 (size before relaxing)
 .ARM.exidx.text._ZN5L647021prepare_set_min_speedEj
                0x0000000008006998        0x0 /tmp/ch.elf.Jg3usW.ltrans0.ltrans.o
                                          0x8 (size before relaxing)
 .ARM.exidx.text._ZN5L647021prepare_set_max_speedEj
                0x0000000008006998        0x0 /tmp/ch.elf.Jg3usW.ltrans0.ltrans.o
                                          0x8 (size before relaxing)
 .ARM.exidx.text._ZN5L647017prepare_set_speedEj
                0x0000000008006998        0x0 /tmp/ch.elf.Jg3usW.ltrans0.ltrans.o
                                          0x8 (size before relaxing)
 .ARM.exidx.text._ZN5L647016prepare_set_markEv
                0x0000000008006998        0x0 /tmp/ch.elf.Jg3usW.ltrans0.ltrans.o
                                          0x8 (size before relaxing)
 .ARM.exidx.text._ZN5L647021prepare_set_parameterEjj
                0x0000000008006998        0x0 /tmp/ch.elf.Jg3usW.ltrans0.ltrans.o
                                          0x8 (size before relaxing)
 .ARM.exidx.text._ZN5L6470C2Emmmm.constprop.0
                0x0000000008006998        0x0 /tmp/ch.elf.Jg3usW.ltrans0.ltrans.o
                                          0x8 (size before relaxing)
 .ARM.exidx.text._ZN5L647023L6470_DaisyChainCommandEPhS0_.constprop.0
                0x0000000008006998        0x0 /tmp/ch.elf.Jg3usW.ltrans0.ltrans.o
                                          0x8 (size before relaxing)
 .ARM.exidx.text._ZN5L647010release_swE14eL6470_ActId_tN12StepperMotor11direction_tE
                0x0000000008006998        0x0 /tmp/ch.elf.Jg3usW.ltrans0.ltrans.o
                                          0x8 (size before relaxing)
 .ARM.exidx.text._ZN5L64708hard_hizEv
                0x0000000008006998        0x0 /tmp/ch.elf.Jg3usW.ltrans0.ltrans.o
                                          0x8 (size before relaxing)
 .ARM.exidx.text._ZN5L64709hard_stopEv
                0x0000000008006998        0x0 /tmp/ch.elf.Jg3usW.ltrans0.ltrans.o
                                          0x8 (size before relaxing)
 .ARM.exidx.text._ZN5L64709soft_stopEv
                0x0000000008006998        0x0 /tmp/ch.elf.Jg3usW.ltrans0.ltrans.o
                                          0x8 (size before relaxing)
 .ARM.exidx.text._ZN5L64704moveEN12StepperMotor11direction_tEj
                0x0000000008006998        0x0 /tmp/ch.elf.Jg3usW.ltrans0.ltrans.o
                                          0x8 (size before relaxing)
 .ARM.exidx.text._ZN5L64708go_untilE14eL6470_ActId_tN12StepperMotor11direction_tEj
                0x0000000008006998        0x0 /tmp/ch.elf.Jg3usW.ltrans0.ltrans.o
                                          0x8 (size before relaxing)
 .ARM.exidx.text._ZN5L64707go_markEv
                0x0000000008006998        0x0 /tmp/ch.elf.Jg3usW.ltrans0.ltrans.o
                                          0x8 (size before relaxing)
 .ARM.exidx.text._ZN5L64707go_homeEv
                0x0000000008006998        0x0 /tmp/ch.elf.Jg3usW.ltrans0.ltrans.o
                                          0x8 (size before relaxing)
 .ARM.exidx.text._ZN5L64705go_toEiN12StepperMotor11direction_tE
                0x0000000008006998        0x0 /tmp/ch.elf.Jg3usW.ltrans0.ltrans.o
                                          0x8 (size before relaxing)
 .ARM.exidx.text._ZN5L64705go_toEi
                0x0000000008006998        0x0 /tmp/ch.elf.Jg3usW.ltrans0.ltrans.o
                                          0x8 (size before relaxing)
 .ARM.exidx.text._ZN5L64708set_homeEv
                0x0000000008006998        0x0 /tmp/ch.elf.Jg3usW.ltrans0.ltrans.o
                                          0x8 (size before relaxing)
 .ARM.exidx.text._ZN5L647015L6470_GetStatusEv
                0x0000000008006998        0x0 /tmp/ch.elf.Jg3usW.ltrans0.ltrans.o
                                          0x8 (size before relaxing)
 .ARM.exidx.text._ZN5L647010get_statusEv
                0x0000000008006998        0x0 /tmp/ch.elf.Jg3usW.ltrans0.ltrans.o
                                          0x8 (size before relaxing)
 .ARM.exidx.text._ZN5L647013L6470_SoftHiZEv
                0x0000000008006998        0x0 /tmp/ch.elf.Jg3usW.ltrans0.ltrans.o
                                          0x8 (size before relaxing)
 .ARM.exidx.text._ZN5L64708soft_hizEv
                0x0000000008006998        0x0 /tmp/ch.elf.Jg3usW.ltrans0.ltrans.o
                                          0x8 (size before relaxing)
 .ARM.exidx.text._ZN5L647010step_clockEN12StepperMotor11direction_tE
                0x0000000008006998        0x8 /tmp/ch.elf.Jg3usW.ltrans0.ltrans.o
 .ARM.exidx.text._ZN5L647017L6470_ResetDeviceEv
                0x00000000080069a0        0x8 /tmp/ch.elf.Jg3usW.ltrans0.ltrans.o
 .ARM.exidx.text._ZN5L647012reset_deviceEv
                0x00000000080069a8        0x0 /tmp/ch.elf.Jg3usW.ltrans0.ltrans.o
                                          0x8 (size before relaxing)
 .ARM.exidx.text._ZN5L64709L6470_RunE14eL6470_DirId_tm
                0x00000000080069a8        0x0 /tmp/ch.elf.Jg3usW.ltrans0.ltrans.o
                                          0x8 (size before relaxing)
 .ARM.exidx.text._ZN5L64703runEN12StepperMotor11direction_tEj
                0x00000000080069a8        0x0 /tmp/ch.elf.Jg3usW.ltrans0.ltrans.o
                                          0x8 (size before relaxing)
 .ARM.exidx.text._ZN5L647014L6470_GetParamE14eL6470_RegId_t
                0x00000000080069a8        0x0 /tmp/ch.elf.Jg3usW.ltrans0.ltrans.o
                                          0x8 (size before relaxing)
 .ARM.exidx.text._ZN5L647012get_positionEv
                0x00000000080069a8        0x0 /tmp/ch.elf.Jg3usW.ltrans0.ltrans.o
                                          0x8 (size before relaxing)
 .ARM.exidx.text._ZN14XNucleoIHM02A124perform_prepared_actionsEv
                0x00000000080069a8        0x8 /tmp/ch.elf.Jg3usW.ltrans0.ltrans.o
 .ARM.exidx.text._ZN5L647011prepare_runEN12StepperMotor11direction_tE
                0x00000000080069b0        0x8 /tmp/ch.elf.Jg3usW.ltrans0.ltrans.o
 .ARM.exidx.text._ZN5L647017wait_while_activeEv
                0x00000000080069b8        0x0 /tmp/ch.elf.Jg3usW.ltrans0.ltrans.o
                                          0x8 (size before relaxing)
 .ARM.exidx.text._ZN5L64703runEN12StepperMotor11direction_tE
                0x00000000080069b8        0x0 /tmp/ch.elf.Jg3usW.ltrans0.ltrans.o
                                          0x8 (size before relaxing)
 .ARM.exidx.text._ZN5L647013get_directionEv
                0x00000000080069b8        0x0 /tmp/ch.elf.Jg3usW.ltrans0.ltrans.o
                                          0x8 (size before relaxing)
 .ARM.exidx.text._ZN5L647016get_decelerationEv
                0x00000000080069b8        0x0 /tmp/ch.elf.Jg3usW.ltrans0.ltrans.o
                                          0x8 (size before relaxing)
 .ARM.exidx.text._ZN5L647016get_accelerationEv
                0x00000000080069b8        0x0 /tmp/ch.elf.Jg3usW.ltrans0.ltrans.o
                                          0x8 (size before relaxing)
 .ARM.exidx.text._ZN5L647013get_min_speedEv
                0x00000000080069b8        0x0 /tmp/ch.elf.Jg3usW.ltrans0.ltrans.o
                                          0x8 (size before relaxing)
 .ARM.exidx.text._ZN5L647013get_max_speedEv
                0x00000000080069b8        0x0 /tmp/ch.elf.Jg3usW.ltrans0.ltrans.o
                                          0x8 (size before relaxing)
 .ARM.exidx.text._ZN5L64709get_speedEv
                0x00000000080069b8        0x0 /tmp/ch.elf.Jg3usW.ltrans0.ltrans.o
                                          0x8 (size before relaxing)
 .ARM.exidx.text._ZN5L64708get_markEv
                0x00000000080069b8        0x0 /tmp/ch.elf.Jg3usW.ltrans0.ltrans.o
                                          0x8 (size before relaxing)
 .ARM.exidx.text._ZN5L647013get_parameterEj
                0x00000000080069b8        0x0 /tmp/ch.elf.Jg3usW.ltrans0.ltrans.o
                                          0x8 (size before relaxing)
 .ARM.exidx.text._ZN5L647014L6470_SetParamE14eL6470_RegId_tm
                0x00000000080069b8        0x0 /tmp/ch.elf.Jg3usW.ltrans0.ltrans.o
                                          0x8 (size before relaxing)
 .ARM.exidx.text._ZN5L647016set_decelerationEj
                0x00000000080069b8        0x0 /tmp/ch.elf.Jg3usW.ltrans0.ltrans.o
                                          0x8 (size before relaxing)
 .ARM.exidx.text._ZN5L647016set_accelerationEj
                0x00000000080069b8        0x0 /tmp/ch.elf.Jg3usW.ltrans0.ltrans.o
                                          0x8 (size before relaxing)
 .ARM.exidx.text._ZN5L647013set_min_speedEj
                0x00000000080069b8        0x0 /tmp/ch.elf.Jg3usW.ltrans0.ltrans.o
                                          0x8 (size before relaxing)
 .ARM.exidx.text._ZN5L647013set_max_speedEj
                0x00000000080069b8        0x0 /tmp/ch.elf.Jg3usW.ltrans0.ltrans.o
                                          0x8 (size before relaxing)
 .ARM.exidx.text._ZN5L64708set_markEi
                0x00000000080069b8        0x0 /tmp/ch.elf.Jg3usW.ltrans0.ltrans.o
                                          0x8 (size before relaxing)
 .ARM.exidx.text._ZN5L64708set_markEv
                0x00000000080069b8        0x0 /tmp/ch.elf.Jg3usW.ltrans0.ltrans.o
                                          0x8 (size before relaxing)
 .ARM.exidx.text._ZN5L647013set_parameterEjj
                0x00000000080069b8        0x0 /tmp/ch.elf.Jg3usW.ltrans0.ltrans.o
                                          0x8 (size before relaxing)
 .ARM.exidx.text._ZN5L647013set_step_modeEN12StepperMotor11step_mode_tE
                0x00000000080069b8        0x8 /tmp/ch.elf.Jg3usW.ltrans0.ltrans.o
 .ARM.exidx.text._ZN5L64704initEPv
                0x00000000080069c0        0x8 /tmp/ch.elf.Jg3usW.ltrans0.ltrans.o
 .ARM.exidx.text.startup.main
                0x00000000080069c8       0x10 /tmp/ch.elf.Jg3usW.ltrans0.ltrans.o
                                          0x8 (size before relaxing)
 .ARM.exidx     0x00000000080068b0       0x80 /usr/lib/gcc/arm-none-eabi/9.2.1/thumb/v7e-m/nofp/libgcc.a(unwind-arm.o)
                                         0xd8 (size before relaxing)
 .ARM.exidx     0x0000000008006930       0x30 /usr/lib/gcc/arm-none-eabi/9.2.1/thumb/v7e-m/nofp/libgcc.a(pr-support.o)
                                         0x38 (size before relaxing)
 .ARM.exidx.text.unlikely
                0x00000000080069d8        0x0 /usr/lib/gcc/arm-none-eabi/9.2.1/thumb/v7e-m/nofp/libgcc.a(pr-support.o)
                                         0x10 (size before relaxing)
 .ARM.exidx     0x0000000008006960       0x38 /usr/lib/gcc/arm-none-eabi/9.2.1/thumb/v7e-m/nofp/libgcc.a(unwind-c.o)
                                         0x48 (size before relaxing)
                0x00000000080069d8                __exidx_end__ = .
                0x00000000080069d8                __exidx_end = .

.rel.dyn        0x00000000080069d8        0x0
 .rel.iplt      0x00000000080069d8        0x0 ./build/obj/crt0_v7m.o

.eh_frame_hdr
 *(.eh_frame_hdr)

.eh_frame
 *(.eh_frame)

.data           0x0000000020000800      0x8f0 load address 0x00000000080069d8
                [!provide]                        PROVIDE (_textdata = LOADADDR (.data))
                [!provide]                        PROVIDE (_data = .)
                0x00000000080069d8                __textdata_base__ = LOADADDR (.data)
                0x0000000020000800                __data_base__ = .
 *(.data)
 .data          0x0000000020000800      0x430 /usr/lib/gcc/arm-none-eabi/9.2.1/../../../arm-none-eabi/lib/thumb/v7e-m/nofp/libg.a(lib_a-impure.o)
                0x0000000020000800                _impure_ptr
 .data          0x0000000020000c30      0x410 /usr/lib/gcc/arm-none-eabi/9.2.1/../../../arm-none-eabi/lib/thumb/v7e-m/nofp/libg.a(lib_a-mallocr.o)
                0x0000000020000c30                __malloc_av_
                0x0000000020001038                __malloc_sbrk_base
                0x000000002000103c                __malloc_trim_threshold
 *(.data.*)
 .data.L6470_init
                0x0000000020001040       0xb0 /tmp/ch.elf.Jg3usW.ltrans0.ltrans.o
 *(.ramtext)
                0x00000000200010f0                . = ALIGN (0x4)
                [!provide]                        PROVIDE (_edata = .)
                0x00000000200010f0                __data_end__ = .

.igot.plt       0x00000000200010f0        0x0 load address 0x00000000080072c8
 .igot.plt      0x00000000200010f0        0x0 ./build/obj/crt0_v7m.o

.bss            0x00000000200010f0      0x3ec load address 0x00000000080072c8
                0x00000000200010f0                __bss_base__ = .
 *(.bss)
 .bss           0x00000000200010f0       0x34 /usr/lib/gcc/arm-none-eabi/9.2.1/../../../arm-none-eabi/lib/thumb/v7e-m/nofp/libg.a(lib_a-mallocr.o)
                0x00000000200010f0                __malloc_top_pad
                0x00000000200010f4                __malloc_current_mallinfo
                0x000000002000111c                __malloc_max_sbrked_mem
                0x0000000020001120                __malloc_max_total_mem
 .bss           0x0000000020001124        0x4 /usr/lib/gcc/arm-none-eabi/9.2.1/../../../arm-none-eabi/lib/thumb/v7e-m/nofp/libnosys.a(sbrk.o)
 *(.bss.*)
 .bss.SD2       0x0000000020001128       0x7c /tmp/ch.elf.Jg3usW.ltrans0.ltrans.o
 .bss.SPID1     0x00000000200011a4       0x30 /tmp/ch.elf.Jg3usW.ltrans0.ltrans.o
 .bss._ZN5L647015L6470_AppCmdPkgE
                0x00000000200011d4       0x20 /tmp/ch.elf.Jg3usW.ltrans0.ltrans.o
 .bss._ZN5L647017number_of_devicesE
                0x00000000200011f4        0x1 /tmp/ch.elf.Jg3usW.ltrans0.ltrans.o
 *fill*         0x00000000200011f5        0x3 
 .bss._ZN5L647027L6470_DaisyChainSpiRxStructE
                0x00000000200011f8        0x8 /tmp/ch.elf.Jg3usW.ltrans0.ltrans.o
 .bss._ZN5L647027L6470_DaisyChainSpiTxStructE
                0x0000000020001200        0x8 /tmp/ch.elf.Jg3usW.ltrans0.ltrans.o
 .bss._ZN5L647029L6470_DaisyChain_HalfPreparedE
                0x0000000020001208        0x1 /tmp/ch.elf.Jg3usW.ltrans0.ltrans.o
 *fill*         0x0000000020001209        0x3 
 .bss._pal_events
                0x000000002000120c       0x80 /tmp/ch.elf.Jg3usW.ltrans0.ltrans.o
 .bss.ch        0x000000002000128c       0x78 /tmp/ch.elf.Jg3usW.ltrans0.ltrans.o
 .bss.ch_factory
                0x0000000020001304       0x48 /tmp/ch.elf.Jg3usW.ltrans0.ltrans.o
 *fill*         0x000000002000134c        0x4 
 .bss.ch_idle_thread_wa
                0x0000000020001350       0xd8 /tmp/ch.elf.Jg3usW.ltrans0.ltrans.o
 .bss.ch_memcore
                0x0000000020001428        0x8 /tmp/ch.elf.Jg3usW.ltrans0.ltrans.o
 .bss.default_heap
                0x0000000020001430       0x1c /tmp/ch.elf.Jg3usW.ltrans0.ltrans.o
 .bss.dma       0x000000002000144c       0x84 /tmp/ch.elf.Jg3usW.ltrans0.ltrans.o
 .bss.motors    0x00000000200014d0        0x4 /tmp/ch.elf.Jg3usW.ltrans0.ltrans.o
 .bss.x_nucleo_ihm02a1
                0x00000000200014d4        0x4 /tmp/ch.elf.Jg3usW.ltrans0.ltrans.o
 *(COMMON)
 COMMON         0x00000000200014d8        0x4 /usr/lib/gcc/arm-none-eabi/9.2.1/../../../arm-none-eabi/lib/thumb/v7e-m/nofp/libg.a(lib_a-reent.o)
                0x00000000200014d8                errno
                0x00000000200014dc                . = ALIGN (0x4)
                0x00000000200014dc                __bss_end__ = .
                0x00000000200014dc                PROVIDE (end = .)
                0x0000000020000000                __ram0_base__ = ORIGIN (ram0)
                0x0000000000020000                __ram0_size__ = LENGTH (ram0)
                0x0000000020020000                __ram0_end__ = (__ram0_base__ + __ram0_size__)
                0x0000000020000000                __ram1_base__ = ORIGIN (ram1)
                0x000000000001c000                __ram1_size__ = LENGTH (ram1)
                0x000000002001c000                __ram1_end__ = (__ram1_base__ + __ram1_size__)
                0x0000000000000000                __ram2_base__ = ORIGIN (ram2)
                0x0000000000004000                __ram2_size__ = LENGTH (ram2)
                0x0000000000004000                __ram2_end__ = (__ram2_base__ + __ram2_size__)
                0x0000000000000000                __ram3_base__ = ORIGIN (ram3)
                0x0000000000000000                __ram3_size__ = LENGTH (ram3)
                0x0000000000000000                __ram3_end__ = (__ram3_base__ + __ram3_size__)
                0x0000000000000000                __ram4_base__ = ORIGIN (ram4)
                0x0000000000000000                __ram4_size__ = LENGTH (ram4)
                0x0000000000000000                __ram4_end__ = (__ram4_base__ + __ram4_size__)
                0x0000000000000000                __ram5_base__ = ORIGIN (ram5)
                0x0000000000000000                __ram5_size__ = LENGTH (ram5)
                0x0000000000000000                __ram5_end__ = (__ram5_base__ + __ram5_size__)
                0x0000000000000000                __ram6_base__ = ORIGIN (ram6)
                0x0000000000000000                __ram6_size__ = LENGTH (ram6)
                0x0000000000000000                __ram6_end__ = (__ram6_base__ + __ram6_size__)
                0x0000000000000000                __ram7_base__ = ORIGIN (ram7)
                0x0000000000000000                __ram7_size__ = LENGTH (ram7)
                0x0000000000000000                __ram7_end__ = (__ram7_base__ + __ram7_size__)
                0x0000000008000000                __flash0_base__ = ORIGIN (flash0)
                0x0000000000080000                __flash0_size__ = LENGTH (flash0)
                0x0000000008080000                __flash0_end__ = (__flash0_base__ + __flash0_size__)
                0x0000000000000000                __flash1_base__ = ORIGIN (flash1)
                0x0000000000000000                __flash1_size__ = LENGTH (flash1)
                0x0000000000000000                __flash1_end__ = (__flash1_base__ + __flash1_size__)
                0x0000000000000000                __flash2_base__ = ORIGIN (flash2)
                0x0000000000000000                __flash2_size__ = LENGTH (flash2)
                0x0000000000000000                __flash2_end__ = (__flash2_base__ + __flash2_size__)
                0x0000000000000000                __flash3_base__ = ORIGIN (flash3)
                0x0000000000000000                __flash3_size__ = LENGTH (flash3)
                0x0000000000000000                __flash3_end__ = (__flash3_base__ + __flash3_size__)
                0x0000000000000000                __flash4_base__ = ORIGIN (flash4)
                0x0000000000000000                __flash4_size__ = LENGTH (flash4)
                0x0000000000000000                __flash4_end__ = (__flash4_base__ + __flash4_size__)
                0x0000000000000000                __flash5_base__ = ORIGIN (flash5)
                0x0000000000000000                __flash5_size__ = LENGTH (flash5)
                0x0000000000000000                __flash5_end__ = (__flash5_base__ + __flash5_size__)
                0x0000000000000000                __flash6_base__ = ORIGIN (flash6)
                0x0000000000000000                __flash6_size__ = LENGTH (flash6)
                0x0000000000000000                __flash6_end__ = (__flash6_base__ + __flash6_size__)
                0x0000000000000000                __flash7_base__ = ORIGIN (flash7)
                0x0000000000000000                __flash7_size__ = LENGTH (flash7)
                0x0000000000000000                __flash7_end__ = (__flash7_base__ + __flash7_size__)

.ram0_init      0x00000000200014dc        0x0 load address 0x00000000080072c8
                0x00000000080072c8                __ram0_init_text__ = LOADADDR (.ram0_init)
                0x00000000200014dc                __ram0_init__ = .
 *(.ram0_init)
 *(.ram0_init.*)
                0x00000000200014dc                . = ALIGN (0x4)

.ram0           0x00000000200014dc        0x0 load address 0x00000000080072c8
                0x00000000200014dc                __ram0_clear__ = .
 *(.ram0_clear)
 *(.ram0_clear.*)
                0x00000000200014dc                . = ALIGN (0x4)
                0x00000000200014dc                __ram0_noinit__ = .
 *(.ram0)
 *(.ram0.*)
                0x00000000200014dc                . = ALIGN (0x4)
                0x00000000200014dc                __ram0_free__ = .

.ram1_init      0x0000000020000000        0x0 load address 0x00000000080072c8
                0x00000000080072c8                __ram1_init_text__ = LOADADDR (.ram1_init)
                0x0000000020000000                __ram1_init__ = .
 *(.ram1_init)
 *(.ram1_init.*)
                0x0000000020000000                . = ALIGN (0x4)

.ram1           0x0000000020000000        0x0 load address 0x00000000080072c8
                0x0000000020000000                __ram1_clear__ = .
 *(.ram1_clear)
 *(.ram1_clear.*)
                0x0000000020000000                . = ALIGN (0x4)
                0x0000000020000000                __ram1_noinit__ = .
 *(.ram1)
 *(.ram1.*)
                0x0000000020000000                . = ALIGN (0x4)
                0x0000000020000000                __ram1_free__ = .

.ram2_init      0x0000000000000000        0x0 load address 0x00000000080072c8
                0x00000000080072c8                __ram2_init_text__ = LOADADDR (.ram2_init)
                0x0000000000000000                __ram2_init__ = .
 *(.ram2_init)
 *(.ram2_init.*)
                0x0000000000000000                . = ALIGN (0x4)

.ram2           0x0000000000000000        0x0 load address 0x00000000080072c8
                0x0000000000000000                __ram2_clear__ = .
 *(.ram2_clear)
 *(.ram2_clear.*)
                0x0000000000000000                . = ALIGN (0x4)
                0x0000000000000000                __ram2_noinit__ = .
 *(.ram2)
 *(.ram2.*)
                0x0000000000000000                . = ALIGN (0x4)
                0x0000000000000000                __ram2_free__ = .

.ram3_init      0x0000000000000000        0x0 load address 0x00000000080072c8
                0x00000000080072c8                __ram3_init_text__ = LOADADDR (.ram3_init)
                0x0000000000000000                __ram3_init__ = .
 *(.ram3_init)
 *(.ram3_init.*)
                0x0000000000000000                . = ALIGN (0x4)

.ram3           0x0000000000000000        0x0 load address 0x00000000080072c8
                0x0000000000000000                __ram3_clear__ = .
 *(.ram3_clear)
 *(.ram3_clear.*)
                0x0000000000000000                . = ALIGN (0x4)
                0x0000000000000000                __ram3_noinit__ = .
 *(.ram3)
 *(.ram3.*)
                0x0000000000000000                . = ALIGN (0x4)
                0x0000000000000000                __ram3_free__ = .

.ram4_init      0x0000000000000000        0x0 load address 0x00000000080072c8
                0x00000000080072c8                __ram4_init_text__ = LOADADDR (.ram4_init)
                0x0000000000000000                __ram4_init__ = .
 *(.ram4_init)
 *(.ram4_init.*)
                0x0000000000000000                . = ALIGN (0x4)

.ram4           0x0000000000000000        0x0 load address 0x00000000080072c8
                0x0000000000000000                __ram4_clear__ = .
 *(.ram4_clear)
 *(.ram4_clear.*)
                0x0000000000000000                . = ALIGN (0x4)
                0x0000000000000000                __ram4_noinit__ = .
 *(.ram4)
 *(.ram4.*)
                0x0000000000000000                . = ALIGN (0x4)
                0x0000000000000000                __ram4_free__ = .

.ram5_init      0x0000000000000000        0x0 load address 0x00000000080072c8
                0x00000000080072c8                __ram5_init_text__ = LOADADDR (.ram5_init)
                0x0000000000000000                __ram5_init__ = .
 *(.ram5_init)
 *(.ram5_init.*)
                0x0000000000000000                . = ALIGN (0x4)

.ram5           0x0000000000000000        0x0 load address 0x00000000080072c8
                0x0000000000000000                __ram5_clear__ = .
 *(.ram5_clear)
 *(.ram5_clear.*)
                0x0000000000000000                . = ALIGN (0x4)
                0x0000000000000000                __ram5_noinit__ = .
 *(.ram5)
 *(.ram5.*)
                0x0000000000000000                . = ALIGN (0x4)
                0x0000000000000000                __ram5_free__ = .

.ram6_init      0x0000000000000000        0x0 load address 0x00000000080072c8
                0x00000000080072c8                __ram6_init_text__ = LOADADDR (.ram6_init)
                0x0000000000000000                __ram6_init__ = .
 *(.ram6_init)
 *(.ram6_init.*)
                0x0000000000000000                . = ALIGN (0x4)

.ram6           0x0000000000000000        0x0 load address 0x00000000080072c8
                0x0000000000000000                __ram6_clear__ = .
 *(.ram6_clear)
 *(.ram6_clear.*)
                0x0000000000000000                . = ALIGN (0x4)
                0x0000000000000000                __ram6_noinit__ = .
 *(.ram6)
 *(.ram6.*)
                0x0000000000000000                . = ALIGN (0x4)
                0x0000000000000000                __ram6_free__ = .

.ram7_init      0x0000000000000000        0x0 load address 0x00000000080072c8
                0x00000000080072c8                __ram7_init_text__ = LOADADDR (.ram7_init)
                0x0000000000000000                __ram7_init__ = .
 *(.ram7_init)
 *(.ram7_init.*)
                0x0000000000000000                . = ALIGN (0x4)

.ram7           0x0000000000000000        0x0 load address 0x00000000080072c8
                0x0000000000000000                __ram7_clear__ = .
 *(.ram7_clear)
 *(.ram7_clear.*)
                0x0000000000000000                . = ALIGN (0x4)
                0x0000000000000000                __ram7_noinit__ = .
 *(.ram7)
 *(.ram7.*)
                0x0000000000000000                . = ALIGN (0x4)
                0x0000000000000000                __ram7_free__ = .

.flash0         0x00000000080072c8        0x0
                0x00000000080072c8                __flash0_init__ = .
 *(.flash0_init)
 *(.flash0_init.*)
                0x00000000080072c8                __flash0_free__ = .

.flash1         0x0000000000000000        0x0
                0x0000000000000000                __flash1_init__ = .
 *(.flash1_init)
 *(.flash1_init.*)
                0x0000000000000000                __flash1_free__ = .

.flash2         0x0000000000000000        0x0
                0x0000000000000000                __flash2_init__ = .
 *(.flash2_init)
 *(.flash2_init.*)
                0x0000000000000000                __flash2_free__ = .

.flash3         0x0000000000000000        0x0
                0x0000000000000000                __flash3_init__ = .
 *(.flash3_init)
 *(.flash3_init.*)
                0x0000000000000000                __flash3_free__ = .

.flash4         0x0000000000000000        0x0
                0x0000000000000000                __flash4_init__ = .
 *(.flash4_init)
 *(.flash4_init.*)
                0x0000000000000000                __flash4_free__ = .

.flash5         0x0000000000000000        0x0
                0x0000000000000000                __flash5_init__ = .
 *(.flash5_init)
 *(.flash5_init.*)
                0x0000000000000000                __flash5_free__ = .

.flash6         0x0000000000000000        0x0
                0x0000000000000000                __flash6_init__ = .
 *(.flash6_init)
 *(.flash6_init.*)
                0x0000000000000000                __flash6_free__ = .

.flash7         0x0000000000000000        0x0
                0x0000000000000000                __flash7_init__ = .
 *(.flash7_init)
 *(.flash7_init.*)
                0x0000000000000000                __flash7_free__ = .

.heap           0x00000000200014dc    0x1eb24
                0x00000000200014e0                . = ALIGN (0x8)
 *fill*         0x00000000200014dc        0x4 
                0x00000000200014e0                __heap_base__ = .
                0x0000000020020000                . = (ORIGIN (HEAP_RAM) + LENGTH (HEAP_RAM))
 *fill*         0x00000000200014e0    0x1eb20 
                0x0000000020020000                __heap_end__ = .
                0x0000000000000400                __process_stack_size__ = 0x400
                0x0000000000000400                __main_stack_size__ = 0x400
START GROUP
LOAD /usr/lib/gcc/arm-none-eabi/9.2.1/thumb/v7e-m/nofp/libgcc.a
LOAD /usr/lib/gcc/arm-none-eabi/9.2.1/../../../arm-none-eabi/lib/thumb/v7e-m/nofp/libg.a
LOAD /usr/lib/gcc/arm-none-eabi/9.2.1/../../../arm-none-eabi/lib/thumb/v7e-m/nofp/libc.a
END GROUP
START GROUP
LOAD /usr/lib/gcc/arm-none-eabi/9.2.1/thumb/v7e-m/nofp/libgcc.a
LOAD /usr/lib/gcc/arm-none-eabi/9.2.1/../../../arm-none-eabi/lib/thumb/v7e-m/nofp/libc.a
LOAD /usr/lib/gcc/arm-none-eabi/9.2.1/../../../arm-none-eabi/lib/thumb/v7e-m/nofp/libnosys.a
END GROUP
OUTPUT(build/ch.elf elf32-littlearm)
LOAD linker stubs

.ARM.attributes
                0x0000000000000000       0x2f
 .ARM.attributes
                0x0000000000000000       0x21 ./build/obj/crt0_v7m.o
 .ARM.attributes
                0x0000000000000021       0x21 ./build/obj/vectors.o
 .ARM.attributes
                0x0000000000000042       0x21 ./build/obj/chcoreasm_v7m.o
 .ARM.attributes
                0x0000000000000063       0x2c /tmp/ch.elf.Jg3usW.ltrans0.ltrans.o
 .ARM.attributes
                0x000000000000008f       0x1e /usr/lib/gcc/arm-none-eabi/9.2.1/thumb/v7e-m/nofp/libgcc.a(_arm_addsubsf3.o)
 .ARM.attributes
                0x00000000000000ad       0x1e /usr/lib/gcc/arm-none-eabi/9.2.1/thumb/v7e-m/nofp/libgcc.a(_arm_muldivsf3.o)
 .ARM.attributes
                0x00000000000000cb       0x1e /usr/lib/gcc/arm-none-eabi/9.2.1/thumb/v7e-m/nofp/libgcc.a(_arm_cmpsf2.o)
 .ARM.attributes
                0x00000000000000e9       0x1e /usr/lib/gcc/arm-none-eabi/9.2.1/thumb/v7e-m/nofp/libgcc.a(_arm_fixsfsi.o)
 .ARM.attributes
                0x0000000000000107       0x1e /usr/lib/gcc/arm-none-eabi/9.2.1/thumb/v7e-m/nofp/libgcc.a(_arm_fixunssfsi.o)
 .ARM.attributes
                0x0000000000000125       0x2e /usr/lib/gcc/arm-none-eabi/9.2.1/thumb/v7e-m/nofp/libgcc.a(unwind-arm.o)
 .ARM.attributes
                0x0000000000000153       0x1e /usr/lib/gcc/arm-none-eabi/9.2.1/thumb/v7e-m/nofp/libgcc.a(libunwind.o)
 .ARM.attributes
                0x0000000000000171       0x2e /usr/lib/gcc/arm-none-eabi/9.2.1/thumb/v7e-m/nofp/libgcc.a(pr-support.o)
 .ARM.attributes
                0x000000000000019f       0x2e /usr/lib/gcc/arm-none-eabi/9.2.1/../../../arm-none-eabi/lib/thumb/v7e-m/nofp/libg.a(lib_a-abort.o)
 .ARM.attributes
                0x00000000000001cd       0x1c /usr/lib/gcc/arm-none-eabi/9.2.1/../../../arm-none-eabi/lib/thumb/v7e-m/nofp/libg.a(lib_a-memcpy.o)
 .ARM.attributes
                0x00000000000001e9       0x2e /usr/lib/gcc/arm-none-eabi/9.2.1/../../../arm-none-eabi/lib/thumb/v7e-m/nofp/libg.a(lib_a-memset.o)
 .ARM.attributes
                0x0000000000000217       0x2e /usr/lib/gcc/arm-none-eabi/9.2.1/../../../arm-none-eabi/lib/thumb/v7e-m/nofp/libg.a(lib_a-signal.o)
 .ARM.attributes
                0x0000000000000245       0x2e /usr/lib/gcc/arm-none-eabi/9.2.1/../../../arm-none-eabi/lib/thumb/v7e-m/nofp/libg.a(lib_a-signalr.o)
 .ARM.attributes
                0x0000000000000273       0x2e /usr/lib/gcc/arm-none-eabi/9.2.1/../../../arm-none-eabi/lib/thumb/v7e-m/nofp/libg.a(lib_a-impure.o)
 .ARM.attributes
                0x00000000000002a1       0x2e /usr/lib/gcc/arm-none-eabi/9.2.1/../../../arm-none-eabi/lib/thumb/v7e-m/nofp/libg.a(lib_a-mallocr.o)
 .ARM.attributes
                0x00000000000002cf       0x2e /usr/lib/gcc/arm-none-eabi/9.2.1/../../../arm-none-eabi/lib/thumb/v7e-m/nofp/libg.a(lib_a-mlock.o)
 .ARM.attributes
                0x00000000000002fd       0x2e /usr/lib/gcc/arm-none-eabi/9.2.1/../../../arm-none-eabi/lib/thumb/v7e-m/nofp/libg.a(lib_a-reent.o)
 .ARM.attributes
                0x000000000000032b       0x2e /usr/lib/gcc/arm-none-eabi/9.2.1/../../../arm-none-eabi/lib/thumb/v7e-m/nofp/libg.a(lib_a-sbrkr.o)
 .ARM.attributes
                0x0000000000000359       0x2e /usr/lib/gcc/arm-none-eabi/9.2.1/../../../arm-none-eabi/lib/thumb/v7e-m/nofp/libg.a(lib_a-freer.o)
 .ARM.attributes
                0x0000000000000387       0x2e /usr/lib/gcc/arm-none-eabi/9.2.1/../../../arm-none-eabi/lib/thumb/v7e-m/nofp/libnosys.a(getpid.o)
 .ARM.attributes
                0x00000000000003b5       0x2e /usr/lib/gcc/arm-none-eabi/9.2.1/../../../arm-none-eabi/lib/thumb/v7e-m/nofp/libnosys.a(kill.o)
 .ARM.attributes
                0x00000000000003e3       0x2e /usr/lib/gcc/arm-none-eabi/9.2.1/../../../arm-none-eabi/lib/thumb/v7e-m/nofp/libnosys.a(sbrk.o)
 .ARM.attributes
                0x0000000000000411       0x2e /usr/lib/gcc/arm-none-eabi/9.2.1/../../../arm-none-eabi/lib/thumb/v7e-m/nofp/libnosys.a(_exit.o)

.comment        0x0000000000000000       0xa7
 .comment       0x0000000000000000       0x59 /tmp/ch.elf.Jg3usW.ltrans0.ltrans.o
                                         0x5a (size before relaxing)
 .comment       0x0000000000000059       0x5a /usr/lib/gcc/arm-none-eabi/9.2.1/thumb/v7e-m/nofp/libgcc.a(unwind-arm.o)
 .comment       0x0000000000000059       0x5a /usr/lib/gcc/arm-none-eabi/9.2.1/thumb/v7e-m/nofp/libgcc.a(pr-support.o)
 .comment       0x0000000000000059       0x4e /usr/lib/gcc/arm-none-eabi/9.2.1/../../../arm-none-eabi/lib/thumb/v7e-m/nofp/libg.a(lib_a-abort.o)
                                         0x4f (size before relaxing)
 .comment       0x00000000000000a7       0x4f /usr/lib/gcc/arm-none-eabi/9.2.1/../../../arm-none-eabi/lib/thumb/v7e-m/nofp/libg.a(lib_a-memset.o)
 .comment       0x00000000000000a7       0x4f /usr/lib/gcc/arm-none-eabi/9.2.1/../../../arm-none-eabi/lib/thumb/v7e-m/nofp/libg.a(lib_a-signal.o)
 .comment       0x00000000000000a7       0x4f /usr/lib/gcc/arm-none-eabi/9.2.1/../../../arm-none-eabi/lib/thumb/v7e-m/nofp/libg.a(lib_a-signalr.o)
 .comment       0x00000000000000a7       0x4f /usr/lib/gcc/arm-none-eabi/9.2.1/../../../arm-none-eabi/lib/thumb/v7e-m/nofp/libg.a(lib_a-impure.o)
 .comment       0x00000000000000a7       0x4f /usr/lib/gcc/arm-none-eabi/9.2.1/../../../arm-none-eabi/lib/thumb/v7e-m/nofp/libg.a(lib_a-mallocr.o)
 .comment       0x00000000000000a7       0x4f /usr/lib/gcc/arm-none-eabi/9.2.1/../../../arm-none-eabi/lib/thumb/v7e-m/nofp/libg.a(lib_a-mlock.o)
 .comment       0x00000000000000a7       0x4f /usr/lib/gcc/arm-none-eabi/9.2.1/../../../arm-none-eabi/lib/thumb/v7e-m/nofp/libg.a(lib_a-reent.o)