Archive member included to satisfy reference by file (symbol)

/usr/lib/gcc/arm-none-eabi/9.2.1/thumb/v7e-m/nofp/libgcc.a(_arm_mulsf3.o)
                              /tmp/ch.elf.JoseT6.ltrans0.ltrans.o (__aeabi_fmul)
/usr/lib/gcc/arm-none-eabi/9.2.1/thumb/v7e-m/nofp/libgcc.a(_arm_addsubsf3.o)
                              /tmp/ch.elf.JoseT6.ltrans0.ltrans.o (__aeabi_fsub)
/usr/lib/gcc/arm-none-eabi/9.2.1/thumb/v7e-m/nofp/libgcc.a(_arm_muldivsf3.o)
                              /tmp/ch.elf.JoseT6.ltrans0.ltrans.o (__aeabi_fdiv)
/usr/lib/gcc/arm-none-eabi/9.2.1/thumb/v7e-m/nofp/libgcc.a(_arm_cmpsf2.o)
                              /tmp/ch.elf.JoseT6.ltrans0.ltrans.o (__aeabi_fcmplt)
/usr/lib/gcc/arm-none-eabi/9.2.1/thumb/v7e-m/nofp/libgcc.a(_arm_fixsfsi.o)
                              /tmp/ch.elf.JoseT6.ltrans0.ltrans.o (__aeabi_f2iz)
/usr/lib/gcc/arm-none-eabi/9.2.1/thumb/v7e-m/nofp/libgcc.a(_arm_fixunssfsi.o)
                              /tmp/ch.elf.JoseT6.ltrans0.ltrans.o (__aeabi_f2uiz)
/usr/lib/gcc/arm-none-eabi/9.2.1/thumb/v7e-m/nofp/libgcc.a(unwind-arm.o)
                              /tmp/ch.elf.JoseT6.ltrans0.ltrans.o (__aeabi_unwind_cpp_pr0)
/usr/lib/gcc/arm-none-eabi/9.2.1/thumb/v7e-m/nofp/libgcc.a(libunwind.o)
                              /usr/lib/gcc/arm-none-eabi/9.2.1/thumb/v7e-m/nofp/libgcc.a(unwind-arm.o) (restore_core_regs)
/usr/lib/gcc/arm-none-eabi/9.2.1/thumb/v7e-m/nofp/libgcc.a(pr-support.o)
                              /usr/lib/gcc/arm-none-eabi/9.2.1/thumb/v7e-m/nofp/libgcc.a(unwind-arm.o) (__gnu_unwind_execute)
/usr/lib/gcc/arm-none-eabi/9.2.1/../../../arm-none-eabi/lib/thumb/v7e-m/nofp/libg.a(lib_a-abort.o)
                              /usr/lib/gcc/arm-none-eabi/9.2.1/thumb/v7e-m/nofp/libgcc.a(unwind-arm.o) (abort)
/usr/lib/gcc/arm-none-eabi/9.2.1/../../../arm-none-eabi/lib/thumb/v7e-m/nofp/libg.a(lib_a-memcpy.o)
                              /tmp/ch.elf.JoseT6.ltrans0.ltrans.o (memcpy)
/usr/lib/gcc/arm-none-eabi/9.2.1/../../../arm-none-eabi/lib/thumb/v7e-m/nofp/libg.a(lib_a-memset.o)
                              /tmp/ch.elf.JoseT6.ltrans0.ltrans.o (memset)
/usr/lib/gcc/arm-none-eabi/9.2.1/../../../arm-none-eabi/lib/thumb/v7e-m/nofp/libg.a(lib_a-signal.o)
                              /usr/lib/gcc/arm-none-eabi/9.2.1/../../../arm-none-eabi/lib/thumb/v7e-m/nofp/libg.a(lib_a-abort.o) (raise)
/usr/lib/gcc/arm-none-eabi/9.2.1/../../../arm-none-eabi/lib/thumb/v7e-m/nofp/libg.a(lib_a-signalr.o)
                              /usr/lib/gcc/arm-none-eabi/9.2.1/../../../arm-none-eabi/lib/thumb/v7e-m/nofp/libg.a(lib_a-signal.o) (_kill_r)
/usr/lib/gcc/arm-none-eabi/9.2.1/../../../arm-none-eabi/lib/thumb/v7e-m/nofp/libg.a(lib_a-impure.o)
                              /usr/lib/gcc/arm-none-eabi/9.2.1/../../../arm-none-eabi/lib/thumb/v7e-m/nofp/libg.a(lib_a-signal.o) (_impure_ptr)
/usr/lib/gcc/arm-none-eabi/9.2.1/../../../arm-none-eabi/lib/thumb/v7e-m/nofp/libg.a(lib_a-mallocr.o)
                              /usr/lib/gcc/arm-none-eabi/9.2.1/../../../arm-none-eabi/lib/thumb/v7e-m/nofp/libg.a(lib_a-signal.o) (_malloc_r)
/usr/lib/gcc/arm-none-eabi/9.2.1/../../../arm-none-eabi/lib/thumb/v7e-m/nofp/libg.a(lib_a-mlock.o)
                              /usr/lib/gcc/arm-none-eabi/9.2.1/../../../arm-none-eabi/lib/thumb/v7e-m/nofp/libg.a(lib_a-mallocr.o) (__malloc_lock)
/usr/lib/gcc/arm-none-eabi/9.2.1/../../../arm-none-eabi/lib/thumb/v7e-m/nofp/libg.a(lib_a-reent.o)
                              /usr/lib/gcc/arm-none-eabi/9.2.1/../../../arm-none-eabi/lib/thumb/v7e-m/nofp/libg.a(lib_a-signalr.o) (errno)
/usr/lib/gcc/arm-none-eabi/9.2.1/../../../arm-none-eabi/lib/thumb/v7e-m/nofp/libg.a(lib_a-sbrkr.o)
                              /usr/lib/gcc/arm-none-eabi/9.2.1/../../../arm-none-eabi/lib/thumb/v7e-m/nofp/libg.a(lib_a-mallocr.o) (_sbrk_r)
/usr/lib/gcc/arm-none-eabi/9.2.1/../../../arm-none-eabi/lib/thumb/v7e-m/nofp/libg.a(lib_a-freer.o)
                              /usr/lib/gcc/arm-none-eabi/9.2.1/../../../arm-none-eabi/lib/thumb/v7e-m/nofp/libg.a(lib_a-mallocr.o) (_free_r)
/usr/lib/gcc/arm-none-eabi/9.2.1/../../../arm-none-eabi/lib/thumb/v7e-m/nofp/libnosys.a(getpid.o)
                              /usr/lib/gcc/arm-none-eabi/9.2.1/../../../arm-none-eabi/lib/thumb/v7e-m/nofp/libg.a(lib_a-signalr.o) (_getpid)
/usr/lib/gcc/arm-none-eabi/9.2.1/../../../arm-none-eabi/lib/thumb/v7e-m/nofp/libnosys.a(kill.o)
                              /usr/lib/gcc/arm-none-eabi/9.2.1/../../../arm-none-eabi/lib/thumb/v7e-m/nofp/libg.a(lib_a-signalr.o) (_kill)
/usr/lib/gcc/arm-none-eabi/9.2.1/../../../arm-none-eabi/lib/thumb/v7e-m/nofp/libnosys.a(sbrk.o)
                              /usr/lib/gcc/arm-none-eabi/9.2.1/../../../arm-none-eabi/lib/thumb/v7e-m/nofp/libg.a(lib_a-sbrkr.o) (_sbrk)
/usr/lib/gcc/arm-none-eabi/9.2.1/../../../arm-none-eabi/lib/thumb/v7e-m/nofp/libnosys.a(_exit.o)
                              /usr/lib/gcc/arm-none-eabi/9.2.1/../../../arm-none-eabi/lib/thumb/v7e-m/nofp/libg.a(lib_a-abort.o) (_exit)

[...]
Memory Configuration

Name             Origin             Length             Attributes
flash0           0x0000000008000000 0x0000000000080000 xr
flash1           0x0000000000000000 0x0000000000000000 xr
flash2           0x0000000000000000 0x0000000000000000 xr
flash3           0x0000000000000000 0x0000000000000000 xr
flash4           0x0000000000000000 0x0000000000000000 xr
flash5           0x0000000000000000 0x0000000000000000 xr
flash6           0x0000000000000000 0x0000000000000000 xr
flash7           0x0000000000000000 0x0000000000000000 xr
ram0             0x0000000020000000 0x0000000000020000 xw
ram1             0x0000000020000000 0x000000000001c000 xw
ram2             0x0000000000000000 0x0000000000004000 xw
ram3             0x0000000000000000 0x0000000000000000 xw
ram4             0x0000000000000000 0x0000000000000000 xw
ram5             0x0000000000000000 0x0000000000000000 xw
ram6             0x0000000000000000 0x0000000000000000 xw
ram7             0x0000000000000000 0x0000000000000000 xw
*default*        0x0000000000000000 0xffffffffffffffff

Linker script and memory map

LOAD ./build/obj/crt0_v7m.o
LOAD ./build/obj/vectors.o
LOAD ./build/obj/chcoreasm_v7m.o
LOAD ./build/obj/crt1.o
LOAD /tmp/ch.elf.JoseT6.ltrans0.ltrans.o
LOAD /tmp/ccLsCfJ6.debug.temp.o
LOAD /tmp/ccP0RSa8.debug.temp.o
LOAD /tmp/ccYo5gX7.debug.temp.o
LOAD /tmp/ccoh1ZZ8.debug.temp.o
LOAD /tmp/cc9BaHG8.debug.temp.o
LOAD /tmp/ccTxRbs6.debug.temp.o
LOAD /tmp/cc9nXcm8.debug.temp.o
LOAD /tmp/cc002hZ4.debug.temp.o
LOAD /tmp/cc4YGOd7.debug.temp.o
LOAD /tmp/ccAUINb5.debug.temp.o
LOAD /tmp/ccP2io84.debug.temp.o
LOAD /tmp/ccXu5au8.debug.temp.o
LOAD /tmp/cclTWVA8.debug.temp.o
LOAD /tmp/ccAl35S8.debug.temp.o
LOAD /tmp/ccKn8st4.debug.temp.o
LOAD /tmp/ccdUwc28.debug.temp.o
LOAD /tmp/cck1QrI7.debug.temp.o
LOAD /tmp/ccknn9I6.debug.temp.o
LOAD /tmp/ccJ02Pk7.debug.temp.o
LOAD /tmp/ccbw5HZ7.debug.temp.o
LOAD /tmp/cchpJa08.debug.temp.o
LOAD /tmp/ccpyGxl6.debug.temp.o
LOAD /tmp/ccDZk8h6.debug.temp.o
LOAD /tmp/ccdMeCT6.debug.temp.o
LOAD /tmp/ccUd4he5.debug.temp.o
LOAD /tmp/ccJxDjn5.debug.temp.o
LOAD /tmp/cc1Ly0T7.debug.temp.o
LOAD /tmp/cc4DQOf6.debug.temp.o
LOAD /tmp/ccfOeAz7.debug.temp.o
LOAD /tmp/ccCl5NJ7.debug.temp.o
LOAD /tmp/ccnt5gA6.debug.temp.o
LOAD /tmp/cc5oa327.debug.temp.o
LOAD /tmp/ccGzErZ4.debug.temp.o
LOAD /tmp/cc4cRmh7.debug.temp.o
LOAD /tmp/ccXhfHq5.debug.temp.o
LOAD /tmp/ccYtZWb5.debug.temp.o
LOAD /tmp/ccWRDYY8.debug.temp.o
LOAD /tmp/cczK64K5.debug.temp.o
LOAD /tmp/ccuOckQ4.debug.temp.o
LOAD /tmp/ccAhNAS4.debug.temp.o
LOAD /tmp/ccApcEA7.debug.temp.o
LOAD /tmp/ccSpYQD4.debug.temp.o
LOAD /tmp/ccSSrC48.debug.temp.o
LOAD /tmp/ccQ4Q0Q5.debug.temp.o
LOAD /tmp/cccaGik8.debug.temp.o
LOAD /tmp/cc6cej08.debug.temp.o
LOAD /tmp/ccjZDmr6.debug.temp.o
LOAD /tmp/ccjp0IR4.debug.temp.o
LOAD /tmp/cc19HZE6.debug.temp.o
LOAD /tmp/ccdH1Lh5.debug.temp.o
LOAD /tmp/ccpD7CF5.debug.temp.o
LOAD /tmp/cc6e1JQ7.debug.temp.o
LOAD /tmp/ccCq8qC8.debug.temp.o
LOAD /tmp/cc2m7Yf6.debug.temp.o
LOAD /tmp/cceycml8.debug.temp.o
LOAD /tmp/ccHj5j47.debug.temp.o
LOAD /tmp/ccHXQPW8.debug.temp.o
LOAD /tmp/cciqgJ04.debug.temp.o
LOAD /tmp/cclTE9E4.debug.temp.o
LOAD /tmp/ccUxgIa7.debug.temp.o
LOAD /tmp/ccUWAMK4.debug.temp.o
LOAD /tmp/ccS4PZU4.debug.temp.o
LOAD /tmp/ccSatHm6.debug.temp.o
LOAD /tmp/cckTGtQ4.debug.temp.o
LOAD /tmp/cc4cr5s5.debug.temp.o
LOAD /tmp/ccBhjiI6.debug.temp.o
LOAD /tmp/cc7azwo7.debug.temp.o
LOAD /tmp/ccwVTTu6.debug.temp.o
LOAD /tmp/ccSFH6J7.debug.temp.o
LOAD /tmp/ccNOKg78.debug.temp.o
LOAD /tmp/ccmQ1lP6.debug.temp.o
LOAD /tmp/ccrqkUr7.debug.temp.o
LOAD ./build/obj/hal.o
LOAD ./build/obj/hal_st.o
LOAD ./build/obj/hal_buffers.o
LOAD ./build/obj/hal_queues.o
LOAD ./build/obj/hal_flash.o
LOAD ./build/obj/hal_mmcsd.o
LOAD ./build/obj/hal_pal.o
LOAD ./build/obj/hal_serial.o
LOAD ./build/obj/hal_spi.o
LOAD ./build/obj/nvic.o
LOAD ./build/obj/stm32_isr.o
LOAD ./build/obj/hal_lld.o
LOAD ./build/obj/hal_efl_lld.o
LOAD ./build/obj/stm32_dma.o
LOAD ./build/obj/stm32_exti.o
LOAD ./build/obj/hal_pal_lld.o
LOAD ./build/obj/hal_spi_lld.o
LOAD ./build/obj/hal_st_lld.o
LOAD ./build/obj/hal_serial_lld.o
LOAD ./build/obj/board.o
LOAD ./build/obj/osal.o
LOAD ./build/obj/chsys.o
LOAD ./build/obj/chdebug.o
LOAD ./build/obj/chtrace.o
LOAD ./build/obj/chvt.o
LOAD ./build/obj/chschd.o
LOAD ./build/obj/chthreads.o
LOAD ./build/obj/chtm.o
LOAD ./build/obj/chregistry.o
LOAD ./build/obj/chsem.o
LOAD ./build/obj/chmtx.o
LOAD ./build/obj/chcond.o
LOAD ./build/obj/chevents.o
LOAD ./build/obj/chmsg.o
LOAD ./build/obj/chdynamic.o
LOAD ./build/obj/chmboxes.o
LOAD ./build/obj/chmemcore.o
LOAD ./build/obj/chmemheaps.o
LOAD ./build/obj/chmempools.o
LOAD ./build/obj/chpipes.o
LOAD ./build/obj/chobjcaches.o
LOAD ./build/obj/chdelegates.o
LOAD ./build/obj/chfactory.o
LOAD ./build/obj/chcore.o
LOAD ./build/obj/chcore_v7m.o
LOAD ./build/obj/ch_test.o
LOAD ./build/obj/rt_test_root.o
LOAD ./build/obj/rt_test_sequence_001.o
LOAD ./build/obj/rt_test_sequence_002.o
LOAD ./build/obj/rt_test_sequence_003.o
LOAD ./build/obj/rt_test_sequence_004.o
LOAD ./build/obj/rt_test_sequence_005.o
LOAD ./build/obj/rt_test_sequence_006.o
LOAD ./build/obj/rt_test_sequence_007.o
LOAD ./build/obj/rt_test_sequence_008.o
LOAD ./build/obj/rt_test_sequence_009.o
LOAD ./build/obj/rt_test_sequence_010.o
LOAD ./build/obj/rt_test_sequence_011.o
LOAD ./build/obj/oslib_test_root.o
LOAD ./build/obj/oslib_test_sequence_001.o
LOAD ./build/obj/oslib_test_sequence_002.o
LOAD ./build/obj/oslib_test_sequence_003.o
LOAD ./build/obj/oslib_test_sequence_004.o
LOAD ./build/obj/oslib_test_sequence_005.o
LOAD ./build/obj/oslib_test_sequence_006.o
LOAD ./build/obj/oslib_test_sequence_007.o
LOAD ./build/obj/oslib_test_sequence_008.o
LOAD ./build/obj/oslib_test_sequence_009.o
LOAD ./build/obj/L6470.o
LOAD ./build/obj/XNucleoIHM02A1.o
LOAD ./build/obj/main.o

.mstack         0x0000000020000000      0x400
                0x0000000020000000                . = ALIGN (0x8)
                0x0000000020000000                __main_stack_base__ = .
                0x0000000020000400                . = (. + __main_stack_size__)
 *fill*         0x0000000020000000      0x400 
                0x0000000020000400                . = ALIGN (0x8)
                0x0000000020000400                __main_stack_end__ = .

.pstack         0x0000000020000400      0x400
                0x0000000020000400                . = ALIGN (0x8)
                0x0000000020000400                __process_stack_base__ = .
                0x0000000020000400                __main_thread_stack_base__ = .
                0x0000000020000800                . = (. + __process_stack_size__)
 *fill*         0x0000000020000400      0x400 
                0x0000000020000800                . = ALIGN (0x8)
                0x0000000020000800                __process_stack_end__ = .
                0x0000000020000800                __main_thread_stack_end__ = .

.vectors        0x0000000008000000      0x1e0
 *(.vectors)
 .vectors       0x0000000008000000      0x1e0 ./build/obj/vectors.o
                0x0000000008000000                _vectors

.xtors          0x00000000080001e0        0x0
                0x00000000080001e0                __init_array_base__ = .
 *(SORT_BY_NAME(.init_array.*))
 *(.init_array)
                0x00000000080001e0                __init_array_end__ = .
                0x00000000080001e0                __fini_array_base__ = .
 *(.fini_array)
 *(SORT_BY_NAME(.fini_array.*))
                0x00000000080001e0                __fini_array_end__ = .

.text           0x00000000080001e0     0x5af4
                0x00000000080001e0                __text_base__ = .
 *(.text)
 .text          0x00000000080001e0       0xd8 ./build/obj/crt0_v7m.o
                0x00000000080001e0                _crt0_entry
 .text          0x00000000080002b8        0x8 ./build/obj/vectors.o
                0x00000000080002b8                Reset_Handler
                0x00000000080002ba                VectorE8
                0x00000000080002ba                VectorAC
                0x00000000080002ba                DebugMon_Handler
                0x00000000080002ba                Vector1A0
                0x00000000080002ba                Vector11C
                0x00000000080002ba                HardFault_Handler
                0x00000000080002ba                Vector1B8
                0x00000000080002ba                Vector19C
                0x00000000080002ba                Vector8C
                0x00000000080002ba                SysTick_Handler
                0x00000000080002ba                VectorDC
                0x00000000080002ba                PendSV_Handler
                0x00000000080002ba                Vector168
                0x00000000080002ba                NMI_Handler
                0x00000000080002ba                Vector110
                0x00000000080002ba                Vector1D8
                0x00000000080002ba                VectorC8
                0x00000000080002ba                Vector94
                0x00000000080002ba                VectorA8
                0x00000000080002ba                VectorB4
                0x00000000080002ba                Vector160
                0x00000000080002ba                Vector1B0
                0x00000000080002ba                UsageFault_Handler
                0x00000000080002ba                VectorEC
                0x00000000080002ba                Vector40
                0x00000000080002ba                VectorF8
                0x00000000080002ba                Vector108
                0x00000000080002ba                VectorBC
                0x00000000080002ba                Vector190
                0x00000000080002ba                Vector1C4
                0x00000000080002ba                Vector1CC
                0x00000000080002ba                Vector148
                0x00000000080002ba                Vector188
                0x00000000080002ba                Vector198
                0x00000000080002ba                Vector118
                0x00000000080002ba                VectorCC
                0x00000000080002ba                Vector54
                0x00000000080002ba                Vector98
                0x00000000080002ba                Vector138
                0x00000000080002ba                Vector24
                0x00000000080002ba                Vector1AC
                0x00000000080002ba                Vector178
                0x00000000080002ba                Vector1A4
                0x00000000080002ba                VectorD0
                0x00000000080002ba                Vector1B4
                0x00000000080002ba                Vector140
                0x00000000080002ba                VectorE4
                0x00000000080002ba                VectorC0
                0x00000000080002ba                Vector1C0
                0x00000000080002ba                Vector134
                0x00000000080002ba                Vector1D0
                0x00000000080002ba                VectorF0
                0x00000000080002ba                Vector13C
                0x00000000080002ba                Vector100
                0x00000000080002ba                VectorF4
                0x00000000080002ba                MemManage_Handler
                0x00000000080002ba                VectorA0
                0x00000000080002ba                VectorC4
                0x00000000080002ba                Vector180
                0x00000000080002ba                Vector90
                0x00000000080002ba                Vector114
                0x00000000080002ba                Vector164
                0x00000000080002ba                Vector1C
                0x00000000080002ba                Vector1BC
                0x00000000080002ba                Vector1D4
                0x00000000080002ba                Vector17C
                0x00000000080002ba                Vector48
                0x00000000080002ba                Vector1A8
                0x00000000080002ba                Vector16C
                0x00000000080002ba                VectorD4
                0x00000000080002ba                Vector4C
                0x00000000080002ba                Vector144
                0x00000000080002ba                Vector15C
                0x00000000080002ba                Vector170
                0x00000000080002ba                Vector88
                0x00000000080002ba                Vector104
                0x00000000080002ba                Vector184
                0x00000000080002ba                Vector10C
                0x00000000080002ba                Vector14C
                0x00000000080002ba                BusFault_Handler
                0x00000000080002ba                Vector50
                0x00000000080002ba                Vector1C8
                0x00000000080002ba                Vector194
                0x00000000080002ba                Vector1DC
                0x00000000080002ba                Vector44
                0x00000000080002ba                Vector28
                0x00000000080002ba                VectorB8
                0x00000000080002ba                Vector34
                0x00000000080002ba                VectorA4
                0x00000000080002ba                Vector20
                0x00000000080002ba                Vector18C
                0x00000000080002ba                Vector174
                0x00000000080002be                _unhandled_exception
 .text          0x00000000080002c0       0x2a ./build/obj/chcoreasm_v7m.o
                0x00000000080002c0                _port_switch
                0x00000000080002d0                _port_thread_start
                0x00000000080002e2                _port_switch_from_isr
                0x00000000080002e6                _port_exit_from_isr
 *fill*         0x00000000080002ea        0x2 
 .text          0x00000000080002ec      0x21c /usr/lib/gcc/arm-none-eabi/9.2.1/thumb/v7e-m/nofp/libgcc.a(_arm_addsubsf3.o)
                0x00000000080002ec                __aeabi_frsub
                0x00000000080002f4                __subsf3
                0x00000000080002f4                __aeabi_fsub
                0x00000000080002f8                __aeabi_fadd
                0x00000000080002f8                __addsf3
                0x0000000008000458                __aeabi_ui2f
                0x0000000008000458                __floatunsisf
                0x0000000008000460                __aeabi_i2f
                0x0000000008000460                __floatsisf
                0x000000000800047c                __floatundisf
                0x000000000800047c                __aeabi_ul2f
                0x000000000800048c                __floatdisf
                0x000000000800048c                __aeabi_l2f
 .text          0x0000000008000508      0x2a0 /usr/lib/gcc/arm-none-eabi/9.2.1/thumb/v7e-m/nofp/libgcc.a(_arm_muldivsf3.o)
                0x0000000008000508                __mulsf3
                0x0000000008000508                __aeabi_fmul
                0x0000000008000670                __divsf3
                0x0000000008000670                __aeabi_fdiv
 .text          0x00000000080007a8       0xec /usr/lib/gcc/arm-none-eabi/9.2.1/thumb/v7e-m/nofp/libgcc.a(_arm_cmpsf2.o)
                0x00000000080007a8                __gtsf2
                0x00000000080007a8                __gesf2
                0x00000000080007b0                __lesf2
                0x00000000080007b0                __ltsf2
                0x00000000080007b8                __nesf2
                0x00000000080007b8                __eqsf2
                0x00000000080007b8                __cmpsf2
                0x0000000008000818                __aeabi_cfrcmple
                0x0000000008000820                __aeabi_cfcmple
                0x0000000008000820                __aeabi_cfcmpeq
                0x0000000008000830                __aeabi_fcmpeq
                0x0000000008000844                __aeabi_fcmplt
                0x0000000008000858                __aeabi_fcmple
                0x000000000800086c                __aeabi_fcmpge
                0x0000000008000880                __aeabi_fcmpgt
 .text          0x0000000008000894       0x4c /usr/lib/gcc/arm-none-eabi/9.2.1/thumb/v7e-m/nofp/libgcc.a(_arm_fixsfsi.o)
                0x0000000008000894                __fixsfsi
                0x0000000008000894                __aeabi_f2iz
 .text          0x00000000080008e0       0x40 /usr/lib/gcc/arm-none-eabi/9.2.1/thumb/v7e-m/nofp/libgcc.a(_arm_fixunssfsi.o)
                0x00000000080008e0                __aeabi_f2uiz
                0x00000000080008e0                __fixunssfsi
 .text          0x0000000008000920      0x9b8 /usr/lib/gcc/arm-none-eabi/9.2.1/thumb/v7e-m/nofp/libgcc.a(unwind-arm.o)
                0x0000000008000bc8                _Unwind_GetCFA
                0x0000000008000bcc                __gnu_Unwind_RaiseException
                0x0000000008000c2c                __gnu_Unwind_ForcedUnwind
                0x0000000008000c40                __gnu_Unwind_Resume
                0x0000000008000c84                __gnu_Unwind_Resume_or_Rethrow
                0x0000000008000c94                _Unwind_Complete
                0x0000000008000c98                _Unwind_DeleteException
                0x0000000008000ca4                _Unwind_VRS_Get
                0x0000000008000cec                _Unwind_VRS_Set
                0x0000000008000d34                __gnu_Unwind_Backtrace
                0x0000000008001054                __aeabi_unwind_cpp_pr0
                0x0000000008001058                __aeabi_unwind_cpp_pr1
                0x000000000800105c                __aeabi_unwind_cpp_pr2
                0x0000000008001060                _Unwind_VRS_Pop
 .text          0x00000000080012d8      0x1ac /usr/lib/gcc/arm-none-eabi/9.2.1/thumb/v7e-m/nofp/libgcc.a(libunwind.o)
                0x00000000080012d8                __restore_core_regs
                0x00000000080012d8                restore_core_regs
                0x00000000080012f0                __gnu_Unwind_Restore_VFP
                0x00000000080012f8                __gnu_Unwind_Save_VFP
                0x0000000008001300                __gnu_Unwind_Restore_VFP_D
                0x0000000008001308                __gnu_Unwind_Save_VFP_D
                0x0000000008001310                __gnu_Unwind_Restore_VFP_D_16_to_31
                0x0000000008001318                __gnu_Unwind_Save_VFP_D_16_to_31
                0x0000000008001320                __gnu_Unwind_Restore_WMMXD
                0x0000000008001364                __gnu_Unwind_Save_WMMXD
                0x00000000080013a8                __gnu_Unwind_Restore_WMMXC
                0x00000000080013bc                __gnu_Unwind_Save_WMMXC
                0x00000000080013d0                ___Unwind_RaiseException
                0x00000000080013d0                _Unwind_RaiseException
                0x00000000080013f4                ___Unwind_Resume
                0x00000000080013f4                _Unwind_Resume
                0x0000000008001418                _Unwind_Resume_or_Rethrow
                0x0000000008001418                ___Unwind_Resume_or_Rethrow
                0x000000000800143c                ___Unwind_ForcedUnwind
                0x000000000800143c                _Unwind_ForcedUnwind
                0x0000000008001460                _Unwind_Backtrace
                0x0000000008001460                ___Unwind_Backtrace
 .text          0x0000000008001484      0x340 /usr/lib/gcc/arm-none-eabi/9.2.1/thumb/v7e-m/nofp/libgcc.a(pr-support.o)
                0x00000000080014dc                __gnu_unwind_execute
                0x0000000008001778                __gnu_unwind_frame
                0x00000000080017a4                _Unwind_GetRegionStart
                0x00000000080017b0                _Unwind_GetLanguageSpecificData
 .text          0x00000000080017c4       0x10 /usr/lib/gcc/arm-none-eabi/9.2.1/../../../arm-none-eabi/lib/thumb/v7e-m/nofp/libg.a(lib_a-abort.o)
                0x00000000080017c4                abort
 .text          0x00000000080017d4      0x134 /usr/lib/gcc/arm-none-eabi/9.2.1/../../../arm-none-eabi/lib/thumb/v7e-m/nofp/libg.a(lib_a-memcpy.o)
                0x00000000080017d4                memcpy
 .text          0x0000000008001908       0xa0 /usr/lib/gcc/arm-none-eabi/9.2.1/../../../arm-none-eabi/lib/thumb/v7e-m/nofp/libg.a(lib_a-memset.o)
                0x0000000008001908                memset
 .text          0x00000000080019a8      0x15c /usr/lib/gcc/arm-none-eabi/9.2.1/../../../arm-none-eabi/lib/thumb/v7e-m/nofp/libg.a(lib_a-signal.o)
                0x00000000080019d0                _init_signal_r
                0x00000000080019dc                _signal_r
                0x0000000008001a14                _raise_r
                0x0000000008001a6c                __sigtramp_r
                0x0000000008001ac0                raise
                0x0000000008001ad0                signal
                0x0000000008001ae0                _init_signal
                0x0000000008001af4                __sigtramp
 .text          0x0000000008001b04       0x2c /usr/lib/gcc/arm-none-eabi/9.2.1/../../../arm-none-eabi/lib/thumb/v7e-m/nofp/libg.a(lib_a-signalr.o)
                0x0000000008001b04                _kill_r
                0x0000000008001b2c                _getpid_r
 .text          0x0000000008001b30      0x564 /usr/lib/gcc/arm-none-eabi/9.2.1/../../../arm-none-eabi/lib/thumb/v7e-m/nofp/libg.a(lib_a-mallocr.o)
                0x0000000008001b30                _malloc_r
 .text          0x0000000008002094        0x8 /usr/lib/gcc/arm-none-eabi/9.2.1/../../../arm-none-eabi/lib/thumb/v7e-m/nofp/libg.a(lib_a-mlock.o)
                0x0000000008002094                __malloc_lock
                0x0000000008002098                __malloc_unlock
 .text          0x000000000800209c       0x24 /usr/lib/gcc/arm-none-eabi/9.2.1/../../../arm-none-eabi/lib/thumb/v7e-m/nofp/libg.a(lib_a-sbrkr.o)
                0x000000000800209c                _sbrk_r
 .text          0x00000000080020c0      0x294 /usr/lib/gcc/arm-none-eabi/9.2.1/../../../arm-none-eabi/lib/thumb/v7e-m/nofp/libg.a(lib_a-freer.o)
                0x00000000080020c0                _malloc_trim_r
                0x0000000008002160                _free_r
 .text          0x0000000008002354       0x10 /usr/lib/gcc/arm-none-eabi/9.2.1/../../../arm-none-eabi/lib/thumb/v7e-m/nofp/libnosys.a(getpid.o)
                0x0000000008002354                _getpid
 .text          0x0000000008002364       0x10 /usr/lib/gcc/arm-none-eabi/9.2.1/../../../arm-none-eabi/lib/thumb/v7e-m/nofp/libnosys.a(kill.o)
                0x0000000008002364                _kill
 .text          0x0000000008002374       0x1c /usr/lib/gcc/arm-none-eabi/9.2.1/../../../arm-none-eabi/lib/thumb/v7e-m/nofp/libnosys.a(sbrk.o)
                0x0000000008002374                _sbrk
 .text          0x0000000008002390        0x4 /usr/lib/gcc/arm-none-eabi/9.2.1/../../../arm-none-eabi/lib/thumb/v7e-m/nofp/libnosys.a(_exit.o)
                0x0000000008002390                _exit
 *(.text.*)
 *fill*         0x0000000008002394        0xc 
 .text.dmaStreamAllocI.part.0.constprop.0
                0x00000000080023a0       0xd0 /tmp/ch.elf.JoseT6.ltrans0.ltrans.o
 .text._pal_lld_setgroupmode.constprop.0
                0x0000000008002470       0x74 /tmp/ch.elf.JoseT6.ltrans0.ltrans.o
 *fill*         0x00000000080024e4        0xc 
 .text._ZN5L647030L6470_PrepareDaisyChainCommandEP18sL6470_AppCmdPkg_tPh.constprop.0
                0x00000000080024f0      0x14c /tmp/ch.elf.JoseT6.ltrans0.ltrans.o
 *fill*         0x000000000800263c        0x4 
 .text._ZN5L647023L6470_Position_2_AbsPosEl.constprop.0
                0x0000000008002640       0x18 /tmp/ch.elf.JoseT6.ltrans0.ltrans.o
 *fill*         0x0000000008002658        0x8 
 .text.chCoreAllocFromTop
                0x0000000008002660       0x3c /tmp/ch.elf.JoseT6.ltrans0.ltrans.o
 *fill*         0x000000000800269c        0x4 
 .text.notify2  0x00000000080026a0       0x10 /tmp/ch.elf.JoseT6.ltrans0.ltrans.o
 .text._ZN5L6470D2Ev
                0x00000000080026b0        0x4 /tmp/ch.elf.JoseT6.ltrans0.ltrans.o
 *fill*         0x00000000080026b4        0xc 
 .text._ZN5L647020prepare_reset_deviceEv
                0x00000000080026c0       0x44 /tmp/ch.elf.JoseT6.ltrans0.ltrans.o
 *fill*         0x0000000008002704        0xc 
 .text._ZN5L647018prepare_release_swE14eL6470_ActId_tN12StepperMotor11direction_tE
                0x0000000008002710       0x4c /tmp/ch.elf.JoseT6.ltrans0.ltrans.o
 *fill*         0x000000000800275c        0x4 
 .text._ZN5L647018prepare_step_clockEN12StepperMotor11direction_tE
                0x0000000008002760       0x4c /tmp/ch.elf.JoseT6.ltrans0.ltrans.o
 *fill*         0x00000000080027ac        0x4 
 .text._ZN5L647016prepare_hard_hizEv
                0x00000000080027b0       0x44 /tmp/ch.elf.JoseT6.ltrans0.ltrans.o
 *fill*         0x00000000080027f4        0xc 
 .text._ZN5L647016prepare_soft_hizEv
                0x0000000008002800       0x44 /tmp/ch.elf.JoseT6.ltrans0.ltrans.o
 *fill*         0x0000000008002844        0xc 
 .text._ZN5L647017prepare_hard_stopEv
                0x0000000008002850       0x44 /tmp/ch.elf.JoseT6.ltrans0.ltrans.o
 *fill*         0x0000000008002894        0xc 
 .text._ZN5L647017prepare_soft_stopEv
                0x00000000080028a0       0x44 /tmp/ch.elf.JoseT6.ltrans0.ltrans.o
 *fill*         0x00000000080028e4        0xc 
 .text._ZN5L647012prepare_moveEN12StepperMotor11direction_tEj
                0x00000000080028f0       0x4c /tmp/ch.elf.JoseT6.ltrans0.ltrans.o
 *fill*         0x000000000800293c        0x4 
 .text._ZN5L647016prepare_go_untilE14eL6470_ActId_tN12StepperMotor11direction_tEj
                0x0000000008002940       0x78 /tmp/ch.elf.JoseT6.ltrans0.ltrans.o
 *fill*         0x00000000080029b8        0x8 
 .text._ZN5L647015prepare_go_markEv
                0x00000000080029c0       0x44 /tmp/ch.elf.JoseT6.ltrans0.ltrans.o
 *fill*         0x0000000008002a04        0xc 
 .text._ZN5L647015prepare_go_homeEv
                0x0000000008002a10       0x44 /tmp/ch.elf.JoseT6.ltrans0.ltrans.o
 *fill*         0x0000000008002a54        0xc 
 .text._ZN5L647013prepare_go_toEiN12StepperMotor11direction_tE
                0x0000000008002a60       0x54 /tmp/ch.elf.JoseT6.ltrans0.ltrans.o
 *fill*         0x0000000008002ab4        0xc 
 .text._ZN5L647013prepare_go_toEi
                0x0000000008002ac0       0x4c /tmp/ch.elf.JoseT6.ltrans0.ltrans.o
 *fill*         0x0000000008002b0c        0x4 
 .text._ZN5L647016prepare_set_homeEv
                0x0000000008002b10       0x44 /tmp/ch.elf.JoseT6.ltrans0.ltrans.o
 *fill*         0x0000000008002b54        0xc 
 .text._ZN5L647021prepare_get_directionEv
                0x0000000008002b60       0x38 /tmp/ch.elf.JoseT6.ltrans0.ltrans.o
 *fill*         0x0000000008002b98        0x8 
 .text._ZN5L647018prepare_get_statusEv
                0x0000000008002ba0       0x44 /tmp/ch.elf.JoseT6.ltrans0.ltrans.o
 *fill*         0x0000000008002be4        0xc 
 .text._ZN5L64707read_idEPh
                0x0000000008002bf0        0x4 /tmp/ch.elf.JoseT6.ltrans0.ltrans.o
 *fill*         0x0000000008002bf4        0xc 
 .text._ZN5L647016L6470_PrepareRunE14eL6470_DirId_tm
                0x0000000008002c00       0x40 /tmp/ch.elf.JoseT6.ltrans0.ltrans.o
 .text._ZN5L647011prepare_runEN12StepperMotor11direction_tEj
                0x0000000008002c40       0x48 /tmp/ch.elf.JoseT6.ltrans0.ltrans.o
 *fill*         0x0000000008002c88        0x8 
 .text._ZN5L647021L6470_PrepareGetParamE14eL6470_RegId_t
                0x0000000008002c90       0x40 /tmp/ch.elf.JoseT6.ltrans0.ltrans.o
 .text._ZN5L647024prepare_get_decelerationEv
                0x0000000008002cd0       0x14 /tmp/ch.elf.JoseT6.ltrans0.ltrans.o
 *fill*         0x0000000008002ce4        0xc 
 .text._ZN5L647024prepare_get_accelerationEv
                0x0000000008002cf0       0x14 /tmp/ch.elf.JoseT6.ltrans0.ltrans.o
 *fill*         0x0000000008002d04        0xc 
 .text._ZN5L647021prepare_get_min_speedEv
                0x0000000008002d10       0x14 /tmp/ch.elf.JoseT6.ltrans0.ltrans.o
 *fill*         0x0000000008002d24        0xc 
 .text._ZN5L647021prepare_get_max_speedEv
                0x0000000008002d30       0x14 /tmp/ch.elf.JoseT6.ltrans0.ltrans.o
 *fill*         0x0000000008002d44        0xc 
 .text._ZN5L647017prepare_get_speedEv
                0x0000000008002d50       0x14 /tmp/ch.elf.JoseT6.ltrans0.ltrans.o
 *fill*         0x0000000008002d64        0xc 
 .text._ZN5L647016prepare_get_markEv
                0x0000000008002d70       0x14 /tmp/ch.elf.JoseT6.ltrans0.ltrans.o
 *fill*         0x0000000008002d84        0xc 
 .text._ZN5L647020prepare_get_positionEv
                0x0000000008002d90       0x14 /tmp/ch.elf.JoseT6.ltrans0.ltrans.o
 *fill*         0x0000000008002da4        0xc 
 .text._ZN5L647021prepare_get_parameterEj
                0x0000000008002db0       0x14 /tmp/ch.elf.JoseT6.ltrans0.ltrans.o
 *fill*         0x0000000008002dc4        0xc 
 .text._ZN5L647021L6470_PrepareSetParamE14eL6470_RegId_tm
                0x0000000008002dd0       0x40 /tmp/ch.elf.JoseT6.ltrans0.ltrans.o
 .text._ZN5L647016prepare_set_markEi
                0x0000000008002e10       0x1c /tmp/ch.elf.JoseT6.ltrans0.ltrans.o
 *fill*         0x0000000008002e2c        0x4 
 .text._ZN5L647024prepare_set_decelerationEj
                0x0000000008002e30       0x40 /tmp/ch.elf.JoseT6.ltrans0.ltrans.o
 .text._ZN5L647024prepare_set_accelerationEj
                0x0000000008002e70       0x40 /tmp/ch.elf.JoseT6.ltrans0.ltrans.o
 .text._ZN5L647021prepare_set_min_speedEj
                0x0000000008002eb0       0x40 /tmp/ch.elf.JoseT6.ltrans0.ltrans.o
 .text._ZN5L647021prepare_set_max_speedEj
                0x0000000008002ef0       0x40 /tmp/ch.elf.JoseT6.ltrans0.ltrans.o
 .text._ZN5L647017prepare_set_speedEj
                0x0000000008002f30       0x40 /tmp/ch.elf.JoseT6.ltrans0.ltrans.o
 .text._ZN5L647016prepare_set_markEv
                0x0000000008002f70       0x14 /tmp/ch.elf.JoseT6.ltrans0.ltrans.o
 *fill*         0x0000000008002f84        0xc 
 .text._ZN5L647021prepare_set_parameterEjj
                0x0000000008002f90       0x14 /tmp/ch.elf.JoseT6.ltrans0.ltrans.o
 *fill*         0x0000000008002fa4        0xc 
 .text._port_irq_epilogue
                0x0000000008002fb0       0x4c /tmp/ch.elf.JoseT6.ltrans0.ltrans.o
 *fill*         0x0000000008002ffc        0x4 
 .text.chCoreAllocAlignedI
                0x0000000008003000       0x28 /tmp/ch.elf.JoseT6.ltrans0.ltrans.o
 *fill*         0x0000000008003028        0x8 
 .text.chTMStopMeasurementX
                0x0000000008003030       0x44 /tmp/ch.elf.JoseT6.ltrans0.ltrans.o
 *fill*         0x0000000008003074        0xc 
 .text.chTMStartMeasurementX
                0x0000000008003080        0xc /tmp/ch.elf.JoseT6.ltrans0.ltrans.o
 *fill*         0x000000000800308c        0x4 
 .text.wakeup   0x0000000008003090       0x6c /tmp/ch.elf.JoseT6.ltrans0.ltrans.o
 *fill*         0x00000000080030fc        0x4 
 .text.chSchReadyI
                0x0000000008003100       0x24 /tmp/ch.elf.JoseT6.ltrans0.ltrans.o
 *fill*         0x0000000008003124        0xc 
 .text.chEvtBroadcastFlagsI.constprop.0
                0x0000000008003130       0x60 /tmp/ch.elf.JoseT6.ltrans0.ltrans.o
 .text._idle_thread
                0x0000000008003190        0x4 /tmp/ch.elf.JoseT6.ltrans0.ltrans.o
 *fill*         0x0000000008003194        0xc 
 .text.spi_lld_serve_tx_interrupt
                0x00000000080031a0       0x1c /tmp/ch.elf.JoseT6.ltrans0.ltrans.o
 *fill*         0x00000000080031bc        0x4 
 .text.spi_lld_serve_rx_interrupt
                0x00000000080031c0       0xcc /tmp/ch.elf.JoseT6.ltrans0.ltrans.o
 *fill*         0x000000000800328c        0x4 
 .text._ctl     0x0000000008003290        0x4 /tmp/ch.elf.JoseT6.ltrans0.ltrans.o
 *fill*         0x0000000008003294        0xc 
 .text.chSchGoSleepS
                0x00000000080032a0       0x28 /tmp/ch.elf.JoseT6.ltrans0.ltrans.o
 *fill*         0x00000000080032c8        0x8 
 .text.chSchGoSleepTimeoutS
                0x00000000080032d0      0x110 /tmp/ch.elf.JoseT6.ltrans0.ltrans.o
 .text.chThdEnqueueTimeoutS
                0x00000000080033e0       0x28 /tmp/ch.elf.JoseT6.ltrans0.ltrans.o
 *fill*         0x0000000008003408        0x8 
 .text.oqPutTimeout
                0x0000000008003410       0x50 /tmp/ch.elf.JoseT6.ltrans0.ltrans.o
 .text._putt    0x0000000008003460        0x8 /tmp/ch.elf.JoseT6.ltrans0.ltrans.o
 *fill*         0x0000000008003468        0x8 
 .text._put     0x0000000008003470        0xc /tmp/ch.elf.JoseT6.ltrans0.ltrans.o
 *fill*         0x000000000800347c        0x4 
 .text.iqGetTimeout
                0x0000000008003480       0x54 /tmp/ch.elf.JoseT6.ltrans0.ltrans.o
 *fill*         0x00000000080034d4        0xc 
 .text._gett    0x00000000080034e0        0x8 /tmp/ch.elf.JoseT6.ltrans0.ltrans.o
 *fill*         0x00000000080034e8        0x8 
 .text._get     0x00000000080034f0        0xc /tmp/ch.elf.JoseT6.ltrans0.ltrans.o
 *fill*         0x00000000080034fc        0x4 
 .text.chThdSleep
                0x0000000008003500       0x18 /tmp/ch.elf.JoseT6.ltrans0.ltrans.o
 *fill*         0x0000000008003518        0x8 
 .text._ZN5L6470D0Ev
                0x0000000008003520       0x10 /tmp/ch.elf.JoseT6.ltrans0.ltrans.o
 .text._ZN5L6470C2Ehhhh
                0x0000000008003530       0x80 /tmp/ch.elf.JoseT6.ltrans0.ltrans.o
 .text.oqWriteTimeout
                0x00000000080035b0       0xd4 /tmp/ch.elf.JoseT6.ltrans0.ltrans.o
 *fill*         0x0000000008003684        0xc 
 .text._writet  0x0000000008003690        0x8 /tmp/ch.elf.JoseT6.ltrans0.ltrans.o
 *fill*         0x0000000008003698        0x8 
 .text._write   0x00000000080036a0        0xc /tmp/ch.elf.JoseT6.ltrans0.ltrans.o
 *fill*         0x00000000080036ac        0x4 
 .text.iqReadTimeout
                0x00000000080036b0       0xd4 /tmp/ch.elf.JoseT6.ltrans0.ltrans.o
 *fill*         0x0000000008003784        0xc 
 .text._readt   0x0000000008003790        0x8 /tmp/ch.elf.JoseT6.ltrans0.ltrans.o
 *fill*         0x0000000008003798        0x8 
 .text._read    0x00000000080037a0        0xc /tmp/ch.elf.JoseT6.ltrans0.ltrans.o
 *fill*         0x00000000080037ac        0x4 
 .text.startup.main
                0x00000000080037b0      0x6e4 /tmp/ch.elf.JoseT6.ltrans0.ltrans.o
                0x00000000080037b0                main
 *fill*         0x0000000008003e94        0xc 
 .text.SVC_Handler
                0x0000000008003ea0       0x14 /tmp/ch.elf.JoseT6.ltrans0.ltrans.o
                0x0000000008003ea0                SVC_Handler
 *fill*         0x0000000008003eb4        0xc 
 .text.chThdExit
                0x0000000008003ec0       0x4c /tmp/ch.elf.JoseT6.ltrans0.ltrans.o
                0x0000000008003ec0                chThdExit
 *fill*         0x0000000008003f0c        0x4 
 .text.chSchDoRescheduleAhead
                0x0000000008003f10       0x3c /tmp/ch.elf.JoseT6.ltrans0.ltrans.o
                0x0000000008003f10                chSchDoReschedule
 *fill*         0x0000000008003f4c        0x4 
 .text._ZN5L647023L6470_DaisyChainCommandEPhS0_.constprop.0
                0x0000000008003f50      0x32c /tmp/ch.elf.JoseT6.ltrans0.ltrans.o
 *fill*         0x000000000800427c        0x4 
 .text._ZN5L647010release_swE14eL6470_ActId_tN12StepperMotor11direction_tE
                0x0000000008004280       0x50 /tmp/ch.elf.JoseT6.ltrans0.ltrans.o
 .text._ZN5L64708hard_hizEv
                0x00000000080042d0       0x48 /tmp/ch.elf.JoseT6.ltrans0.ltrans.o
 *fill*         0x0000000008004318        0x8 
 .text._ZN5L64709hard_stopEv
                0x0000000008004320       0x48 /tmp/ch.elf.JoseT6.ltrans0.ltrans.o
 *fill*         0x0000000008004368        0x8 
 .text._ZN5L64709soft_stopEv
                0x0000000008004370       0x48 /tmp/ch.elf.JoseT6.ltrans0.ltrans.o
 *fill*         0x00000000080043b8        0x8 
 .text._ZN5L64704moveEN12StepperMotor11direction_tEj
                0x00000000080043c0       0x50 /tmp/ch.elf.JoseT6.ltrans0.ltrans.o
 .text._ZN5L64708go_untilE14eL6470_ActId_tN12StepperMotor11direction_tEj
                0x0000000008004410       0x84 /tmp/ch.elf.JoseT6.ltrans0.ltrans.o
 *fill*         0x0000000008004494        0xc 
 .text._ZN5L64707go_markEv
                0x00000000080044a0       0x48 /tmp/ch.elf.JoseT6.ltrans0.ltrans.o
 *fill*         0x00000000080044e8        0x8 
 .text._ZN5L64707go_homeEv
                0x00000000080044f0       0x48 /tmp/ch.elf.JoseT6.ltrans0.ltrans.o
 *fill*         0x0000000008004538        0x8 
 .text._ZN5L64705go_toEiN12StepperMotor11direction_tE
                0x0000000008004540       0x64 /tmp/ch.elf.JoseT6.ltrans0.ltrans.o
 *fill*         0x00000000080045a4        0xc 
 .text._ZN5L64705go_toEi
                0x00000000080045b0       0x5c /tmp/ch.elf.JoseT6.ltrans0.ltrans.o
 *fill*         0x000000000800460c        0x4 
 .text._ZN5L64708set_homeEv
                0x0000000008004610       0x48 /tmp/ch.elf.JoseT6.ltrans0.ltrans.o
 *fill*         0x0000000008004658        0x8 
 .text._ZN5L647015L6470_GetStatusEv
                0x0000000008004660       0x5c /tmp/ch.elf.JoseT6.ltrans0.ltrans.o
 *fill*         0x00000000080046bc        0x4 
 .text._ZN5L647010get_statusEv
                0x00000000080046c0        0x8 /tmp/ch.elf.JoseT6.ltrans0.ltrans.o
 *fill*         0x00000000080046c8        0x8 
 .text._ZN5L647013L6470_SoftHiZEv
                0x00000000080046d0       0x48 /tmp/ch.elf.JoseT6.ltrans0.ltrans.o
 *fill*         0x0000000008004718        0x8 
 .text._ZN5L64708soft_hizEv
                0x0000000008004720        0x4 /tmp/ch.elf.JoseT6.ltrans0.ltrans.o
 *fill*         0x0000000008004724        0xc 
 .text._ZN5L647010step_clockEN12StepperMotor11direction_tE
                0x0000000008004730       0x6c /tmp/ch.elf.JoseT6.ltrans0.ltrans.o
 *fill*         0x000000000800479c        0x4 
 .text._ZN5L647017L6470_ResetDeviceEv
                0x00000000080047a0       0x48 /tmp/ch.elf.JoseT6.ltrans0.ltrans.o
 *fill*         0x00000000080047e8        0x8 
 .text._ZN5L647012reset_deviceEv
                0x00000000080047f0        0x4 /tmp/ch.elf.JoseT6.ltrans0.ltrans.o
 *fill*         0x00000000080047f4        0xc 
 .text._ZN5L64709L6470_RunE14eL6470_DirId_tm
                0x0000000008004800       0x48 /tmp/ch.elf.JoseT6.ltrans0.ltrans.o
 *fill*         0x0000000008004848        0x8 
 .text._ZN5L64703runEN12StepperMotor11direction_tEj
                0x0000000008004850       0x50 /tmp/ch.elf.JoseT6.ltrans0.ltrans.o
 .text._ZN5L647014L6470_GetParamE14eL6470_RegId_t
                0x00000000080048a0       0x80 /tmp/ch.elf.JoseT6.ltrans0.ltrans.o
 .text._ZN5L647012get_positionEv
                0x0000000008004920       0x14 /tmp/ch.elf.JoseT6.ltrans0.ltrans.o
 *fill*         0x0000000008004934        0xc 
 .text._ZN5L647011prepare_runEN12StepperMotor11direction_tE
                0x0000000008004940       0x28 /tmp/ch.elf.JoseT6.ltrans0.ltrans.o
 *fill*         0x0000000008004968        0x8 
 .text._ZN5L647017wait_while_activeEv
                0x0000000008004970       0x18 /tmp/ch.elf.JoseT6.ltrans0.ltrans.o
 *fill*         0x0000000008004988        0x8 
 .text._ZN5L64703runEN12StepperMotor11direction_tE
                0x0000000008004990       0x24 /tmp/ch.elf.JoseT6.ltrans0.ltrans.o
 *fill*         0x00000000080049b4        0xc 
 .text._ZN5L647013get_directionEv
                0x00000000080049c0       0x14 /tmp/ch.elf.JoseT6.ltrans0.ltrans.o
 *fill*         0x00000000080049d4        0xc 
 .text._ZN5L647016get_decelerationEv
                0x00000000080049e0       0x7c /tmp/ch.elf.JoseT6.ltrans0.ltrans.o
 *fill*         0x0000000008004a5c        0x4 
 .text._ZN5L647016get_accelerationEv
                0x0000000008004a60       0x7c /tmp/ch.elf.JoseT6.ltrans0.ltrans.o
 *fill*         0x0000000008004adc        0x4 
 .text._ZN5L647013get_min_speedEv
                0x0000000008004ae0       0x7c /tmp/ch.elf.JoseT6.ltrans0.ltrans.o
 *fill*         0x0000000008004b5c        0x4 
 .text._ZN5L647013get_max_speedEv
                0x0000000008004b60       0x7c /tmp/ch.elf.JoseT6.ltrans0.ltrans.o
 *fill*         0x0000000008004bdc        0x4 
 .text._ZN5L64709get_speedEv
                0x0000000008004be0       0x6c /tmp/ch.elf.JoseT6.ltrans0.ltrans.o
 *fill*         0x0000000008004c4c        0x4 
 .text._ZN5L64708get_markEv
                0x0000000008004c50       0x14 /tmp/ch.elf.JoseT6.ltrans0.ltrans.o
 *fill*         0x0000000008004c64        0xc 
 .text._ZN5L647013get_parameterEj
                0x0000000008004c70        0x8 /tmp/ch.elf.JoseT6.ltrans0.ltrans.o
 *fill*         0x0000000008004c78        0x8 
 .text._ZN5L647014L6470_SetParamE14eL6470_RegId_tm
                0x0000000008004c80       0x48 /tmp/ch.elf.JoseT6.ltrans0.ltrans.o
 *fill*         0x0000000008004cc8        0x8 
 .text._ZN5L647016set_decelerationEj
                0x0000000008004cd0       0x44 /tmp/ch.elf.JoseT6.ltrans0.ltrans.o
 *fill*         0x0000000008004d14        0xc 
 .text._ZN5L647016set_accelerationEj
                0x0000000008004d20       0x44 /tmp/ch.elf.JoseT6.ltrans0.ltrans.o
 *fill*         0x0000000008004d64        0xc 
 .text._ZN5L647013set_min_speedEj
                0x0000000008004d70       0x44 /tmp/ch.elf.JoseT6.ltrans0.ltrans.o
 *fill*         0x0000000008004db4        0xc 
 .text._ZN5L647013set_max_speedEj
                0x0000000008004dc0       0x44 /tmp/ch.elf.JoseT6.ltrans0.ltrans.o
 *fill*         0x0000000008004e04        0xc 
 .text._ZN5L64708set_markEi
                0x0000000008004e10       0x18 /tmp/ch.elf.JoseT6.ltrans0.ltrans.o
 *fill*         0x0000000008004e28        0x8 
 .text._ZN5L64708set_markEv
                0x0000000008004e30       0x18 /tmp/ch.elf.JoseT6.ltrans0.ltrans.o
 *fill*         0x0000000008004e48        0x8 
 .text._ZN5L647013set_parameterEjj
                0x0000000008004e50        0x8 /tmp/ch.elf.JoseT6.ltrans0.ltrans.o
 *fill*         0x0000000008004e58        0x8 
 .text._ZN5L647013set_step_modeEN12StepperMotor11step_mode_tE
                0x0000000008004e60       0x34 /tmp/ch.elf.JoseT6.ltrans0.ltrans.o
 *fill*         0x0000000008004e94        0xc 
 .text._ZN5L64704initEPv
                0x0000000008004ea0      0x3dc /tmp/ch.elf.JoseT6.ltrans0.ltrans.o
 *fill*         0x000000000800527c        0x4 
 .text.__early_init
                0x0000000008005280      0x26c /tmp/ch.elf.JoseT6.ltrans0.ltrans.o
                0x0000000008005280                __early_init
 *fill*         0x00000000080054ec        0x4 
 .text.VectorD8
                0x00000000080054f0      0x1ac /tmp/ch.elf.JoseT6.ltrans0.ltrans.o
                0x00000000080054f0                VectorD8
 *fill*         0x000000000800569c        0x4 
 .text.VectorB0
                0x00000000080056a0       0xb8 /tmp/ch.elf.JoseT6.ltrans0.ltrans.o
                0x00000000080056a0                VectorB0
 *fill*         0x0000000008005758        0x8 
 .text.Vector158
                0x0000000008005760       0x2c /tmp/ch.elf.JoseT6.ltrans0.ltrans.o
                0x0000000008005760                Vector158
 *fill*         0x000000000800578c        0x4 
 .text.Vector154
                0x0000000008005790       0x2c /tmp/ch.elf.JoseT6.ltrans0.ltrans.o
                0x0000000008005790                Vector154
 *fill*         0x00000000080057bc        0x4 
 .text.Vector150
                0x00000000080057c0       0x2c /tmp/ch.elf.JoseT6.ltrans0.ltrans.o
                0x00000000080057c0                Vector150
 *fill*         0x00000000080057ec        0x4 
 .text.Vector130
                0x00000000080057f0       0x28 /tmp/ch.elf.JoseT6.ltrans0.ltrans.o
                0x00000000080057f0                Vector130
 *fill*         0x0000000008005818        0x8 
 .text.Vector12C
                0x0000000008005820       0x2c /tmp/ch.elf.JoseT6.ltrans0.ltrans.o
                0x0000000008005820                Vector12C
 *fill*         0x000000000800584c        0x4 
 .text.Vector128
                0x0000000008005850       0x2c /tmp/ch.elf.JoseT6.ltrans0.ltrans.o
                0x0000000008005850                Vector128
 *fill*         0x000000000800587c        0x4 
 .text.Vector124
                0x0000000008005880       0x2c /tmp/ch.elf.JoseT6.ltrans0.ltrans.o
                0x0000000008005880                Vector124
 *fill*         0x00000000080058ac        0x4 
 .text.Vector120
                0x00000000080058b0       0x28 /tmp/ch.elf.JoseT6.ltrans0.ltrans.o
                0x00000000080058b0                Vector120
 *fill*         0x00000000080058d8        0x8 
 .text.VectorFC
                0x00000000080058e0       0x2c /tmp/ch.elf.JoseT6.ltrans0.ltrans.o
                0x00000000080058e0                VectorFC
 *fill*         0x000000000800590c        0x4 
 .text.Vector84
                0x0000000008005910       0x2c /tmp/ch.elf.JoseT6.ltrans0.ltrans.o
                0x0000000008005910                Vector84
 *fill*         0x000000000800593c        0x4 
 .text.Vector80
                0x0000000008005940       0x2c /tmp/ch.elf.JoseT6.ltrans0.ltrans.o
                0x0000000008005940                Vector80
 *fill*         0x000000000800596c        0x4 
 .text.Vector7C
                0x0000000008005970       0x28 /tmp/ch.elf.JoseT6.ltrans0.ltrans.o
                0x0000000008005970                Vector7C
 *fill*         0x0000000008005998        0x8 
 .text.Vector78
                0x00000000080059a0       0x2c /tmp/ch.elf.JoseT6.ltrans0.ltrans.o
                0x00000000080059a0                Vector78
 *fill*         0x00000000080059cc        0x4 
 .text.Vector74
                0x00000000080059d0       0x2c /tmp/ch.elf.JoseT6.ltrans0.ltrans.o
                0x00000000080059d0                Vector74
 *fill*         0x00000000080059fc        0x4 
 .text.Vector70
                0x0000000008005a00       0x2c /tmp/ch.elf.JoseT6.ltrans0.ltrans.o
                0x0000000008005a00                Vector70
 *fill*         0x0000000008005a2c        0x4 
 .text.Vector6C
                0x0000000008005a30       0x28 /tmp/ch.elf.JoseT6.ltrans0.ltrans.o
                0x0000000008005a30                Vector6C
 *fill*         0x0000000008005a58        0x8 
 .text.VectorE0
                0x0000000008005a60       0x74 /tmp/ch.elf.JoseT6.ltrans0.ltrans.o
                0x0000000008005a60                VectorE0
 *fill*         0x0000000008005ad4        0xc 
 .text.Vector9C
                0x0000000008005ae0       0x68 /tmp/ch.elf.JoseT6.ltrans0.ltrans.o
                0x0000000008005ae0                Vector9C
 *fill*         0x0000000008005b48        0x8 
 .text.Vector68
                0x0000000008005b50       0x2c /tmp/ch.elf.JoseT6.ltrans0.ltrans.o
                0x0000000008005b50                Vector68
 *fill*         0x0000000008005b7c        0x4 
 .text.Vector64
                0x0000000008005b80       0x2c /tmp/ch.elf.JoseT6.ltrans0.ltrans.o
                0x0000000008005b80                Vector64
 *fill*         0x0000000008005bac        0x4 
 .text.Vector60
                0x0000000008005bb0       0x2c /tmp/ch.elf.JoseT6.ltrans0.ltrans.o
                0x0000000008005bb0                Vector60
 *fill*         0x0000000008005bdc        0x4 
 .text.Vector5C
                0x0000000008005be0       0x2c /tmp/ch.elf.JoseT6.ltrans0.ltrans.o
                0x0000000008005be0                Vector5C
 *fill*         0x0000000008005c0c        0x4 
 .text.Vector58
                0x0000000008005c10       0x2c /tmp/ch.elf.JoseT6.ltrans0.ltrans.o
                0x0000000008005c10                Vector58
 *fill*         0x0000000008005c3c        0x4 
 .text.__init_ram_areas
                0x0000000008005c40       0x68 /tmp/ch.elf.JoseT6.ltrans0.ltrans.o
                0x0000000008005c40                __init_ram_areas
 *fill*         0x0000000008005ca8        0x8 
 .text.__default_exit
                0x0000000008005cb0        0x4 /tmp/ch.elf.JoseT6.ltrans0.ltrans.o
                0x0000000008005cb0                __default_exit
 *fill*         0x0000000008005cb4        0xc 
 .text.__late_init
                0x0000000008005cc0        0x4 /tmp/ch.elf.JoseT6.ltrans0.ltrans.o
                0x0000000008005cc0                __late_init
 *fill*         0x0000000008005cc4        0xc 
 .text.__core_init
                0x0000000008005cd0        0x4 /tmp/ch.elf.JoseT6.ltrans0.ltrans.o
                0x0000000008005cd0                __core_init
 *(.glue_7t)
 .glue_7t       0x0000000008005cd4        0x0 linker stubs
 *(.glue_7)
 .glue_7        0x0000000008005cd4        0x0 linker stubs
 *(.gcc*)
                0x0000000008005cd4                __text_end__ = .

.vfp11_veneer   0x0000000008005cd4        0x0
 .vfp11_veneer  0x0000000008005cd4        0x0 linker stubs

.v4_bx          0x0000000008005cd4        0x0
 .v4_bx         0x0000000008005cd4        0x0 linker stubs

.iplt           0x0000000008005cd4        0x0
 .iplt          0x0000000008005cd4        0x0 ./build/obj/crt0_v7m.o

.rodata         0x0000000008005cd4      0x5ec
                0x0000000008005cd4                __rodata_base__ = .
 *(.rodata)
 *(.rodata.*)
 .rodata.spi_lld_serve_tx_interrupt.str1.4
                0x0000000008005cd4        0xc /tmp/ch.elf.JoseT6.ltrans0.ltrans.o
 .rodata.main.str1.4
                0x0000000008005ce0        0x5 /tmp/ch.elf.JoseT6.ltrans0.ltrans.o
 *fill*         0x0000000008005ce5        0x3 
 .rodata._ZL9ls_spicfg
                0x0000000008005ce8        0xc /tmp/ch.elf.JoseT6.ltrans0.ltrans.o
 .rodata._ZN5L647010_L6470_ACTE
                0x0000000008005cf4        0xa /tmp/ch.elf.JoseT6.ltrans0.ltrans.o
 *fill*         0x0000000008005cfe        0x2 
 .rodata._ZN5L647015_L6470_RegisterE
                0x0000000008005d00      0x1f4 /tmp/ch.elf.JoseT6.ltrans0.ltrans.o
 .rodata._ZN5L647016_L6470_DirectionE
                0x0000000008005ef4       0x12 /tmp/ch.elf.JoseT6.ltrans0.ltrans.o
 *fill*         0x0000000008005f06        0x2 
 .rodata._ZN5L647025_L6470_ApplicationCommandE
                0x0000000008005f08      0x10a /tmp/ch.elf.JoseT6.ltrans0.ltrans.o
 *fill*         0x0000000008006012        0x2 
 .rodata._ZTV5L6470
                0x0000000008006014      0x12c /tmp/ch.elf.JoseT6.ltrans0.ltrans.o
 .rodata._stm32_dma_streams
                0x0000000008006140       0xc0 /tmp/ch.elf.JoseT6.ltrans0.ltrans.o
 .rodata.ch_debug
                0x0000000008006200       0x16 /tmp/ch.elf.JoseT6.ltrans0.ltrans.o
 *fill*         0x0000000008006216        0x2 
 .rodata.ram_areas
                0x0000000008006218       0x80 /tmp/ch.elf.JoseT6.ltrans0.ltrans.o
 .rodata.vmt    0x0000000008006298       0x28 /tmp/ch.elf.JoseT6.ltrans0.ltrans.o
                0x00000000080062c0                . = ALIGN (0x4)
                0x00000000080062c0                __rodata_end__ = .

.ARM.extab      0x00000000080062c0       0x18
 *(.ARM.extab* .gnu.linkonce.armextab.*)
 .ARM.extab     0x00000000080062c0       0x18 /usr/lib/gcc/arm-none-eabi/9.2.1/thumb/v7e-m/nofp/libgcc.a(pr-support.o)

.ARM.exidx      0x00000000080062d8       0xf0
                0x00000000080062d8                __exidx_base__ = .
                0x00000000080062d8                __exidx_start = .
 *(.ARM.exidx* .gnu.linkonce.armexidx.*)
 .ARM.exidx.text._ZN5L647030L6470_PrepareDaisyChainCommandEP18sL6470_AppCmdPkg_tPh.constprop.0
                0x0000000008006390        0x0 /tmp/ch.elf.JoseT6.ltrans0.ltrans.o
                                          0x8 (size before relaxing)
 .ARM.exidx.text._ZN5L647023L6470_Position_2_AbsPosEl.constprop.0
                0x0000000008006390        0x0 /tmp/ch.elf.JoseT6.ltrans0.ltrans.o
                                          0x8 (size before relaxing)
 .ARM.exidx.text._ZN5L6470D2Ev
                0x0000000008006390        0x0 /tmp/ch.elf.JoseT6.ltrans0.ltrans.o
                                          0x8 (size before relaxing)
 .ARM.exidx.text._ZN5L647020prepare_reset_deviceEv
                0x0000000008006390        0x0 /tmp/ch.elf.JoseT6.ltrans0.ltrans.o
                                          0x8 (size before relaxing)
 .ARM.exidx.text._ZN5L647018prepare_release_swE14eL6470_ActId_tN12StepperMotor11direction_tE
                0x0000000008006390        0x0 /tmp/ch.elf.JoseT6.ltrans0.ltrans.o
                                          0x8 (size before relaxing)
 .ARM.exidx.text._ZN5L647018prepare_step_clockEN12StepperMotor11direction_tE
                0x0000000008006390        0x0 /tmp/ch.elf.JoseT6.ltrans0.ltrans.o
                                          0x8 (size before relaxing)
 .ARM.exidx.text._ZN5L647016prepare_hard_hizEv
                0x0000000008006390        0x0 /tmp/ch.elf.JoseT6.ltrans0.ltrans.o
                                          0x8 (size before relaxing)
 .ARM.exidx.text._ZN5L647016prepare_soft_hizEv
                0x0000000008006390        0x0 /tmp/ch.elf.JoseT6.ltrans0.ltrans.o
                                          0x8 (size before relaxing)
 .ARM.exidx.text._ZN5L647017prepare_hard_stopEv
                0x0000000008006390        0x0 /tmp/ch.elf.JoseT6.ltrans0.ltrans.o
                                          0x8 (size before relaxing)
 .ARM.exidx.text._ZN5L647017prepare_soft_stopEv
                0x0000000008006390        0x0 /tmp/ch.elf.JoseT6.ltrans0.ltrans.o
                                          0x8 (size before relaxing)
 .ARM.exidx.text._ZN5L647012prepare_moveEN12StepperMotor11direction_tEj
                0x0000000008006390        0x0 /tmp/ch.elf.JoseT6.ltrans0.ltrans.o
                                          0x8 (size before relaxing)
 .ARM.exidx.text._ZN5L647016prepare_go_untilE14eL6470_ActId_tN12StepperMotor11direction_tEj
                0x0000000008006390        0x0 /tmp/ch.elf.JoseT6.ltrans0.ltrans.o
                                          0x8 (size before relaxing)
 .ARM.exidx.text._ZN5L647015prepare_go_markEv
                0x0000000008006390        0x0 /tmp/ch.elf.JoseT6.ltrans0.ltrans.o
                                          0x8 (size before relaxing)
 .ARM.exidx.text._ZN5L647015prepare_go_homeEv
                0x0000000008006390        0x0 /tmp/ch.elf.JoseT6.ltrans0.ltrans.o
                                          0x8 (size before relaxing)
 .ARM.exidx.text._ZN5L647013prepare_go_toEiN12StepperMotor11direction_tE
                0x0000000008006390        0x0 /tmp/ch.elf.JoseT6.ltrans0.ltrans.o
                                          0x8 (size before relaxing)
 .ARM.exidx.text._ZN5L647013prepare_go_toEi
                0x0000000008006390        0x0 /tmp/ch.elf.JoseT6.ltrans0.ltrans.o
                                          0x8 (size before relaxing)
 .ARM.exidx.text._ZN5L647016prepare_set_homeEv
                0x0000000008006390        0x0 /tmp/ch.elf.JoseT6.ltrans0.ltrans.o
                                          0x8 (size before relaxing)
 .ARM.exidx.text._ZN5L647021prepare_get_directionEv
                0x0000000008006390        0x0 /tmp/ch.elf.JoseT6.ltrans0.ltrans.o
                                          0x8 (size before relaxing)
 .ARM.exidx.text._ZN5L647018prepare_get_statusEv
                0x0000000008006390        0x0 /tmp/ch.elf.JoseT6.ltrans0.ltrans.o
                                          0x8 (size before relaxing)
 .ARM.exidx.text._ZN5L64707read_idEPh
                0x0000000008006390        0x0 /tmp/ch.elf.JoseT6.ltrans0.ltrans.o
                                          0x8 (size before relaxing)
 .ARM.exidx.text._ZN5L647016L6470_PrepareRunE14eL6470_DirId_tm
                0x0000000008006390        0x0 /tmp/ch.elf.JoseT6.ltrans0.ltrans.o
                                          0x8 (size before relaxing)
 .ARM.exidx.text._ZN5L647011prepare_runEN12StepperMotor11direction_tEj
                0x0000000008006390        0x0 /tmp/ch.elf.JoseT6.ltrans0.ltrans.o
                                          0x8 (size before relaxing)
 .ARM.exidx.text._ZN5L647021L6470_PrepareGetParamE14eL6470_RegId_t
                0x0000000008006390        0x0 /tmp/ch.elf.JoseT6.ltrans0.ltrans.o
                                          0x8 (size before relaxing)
 .ARM.exidx.text._ZN5L647024prepare_get_decelerationEv
                0x0000000008006390        0x0 /tmp/ch.elf.JoseT6.ltrans0.ltrans.o
                                          0x8 (size before relaxing)
 .ARM.exidx.text._ZN5L647024prepare_get_accelerationEv
                0x0000000008006390        0x0 /tmp/ch.elf.JoseT6.ltrans0.ltrans.o
                                          0x8 (size before relaxing)
 .ARM.exidx.text._ZN5L647021prepare_get_min_speedEv
                0x0000000008006390        0x0 /tmp/ch.elf.JoseT6.ltrans0.ltrans.o
                                          0x8 (size before relaxing)
 .ARM.exidx.text._ZN5L647021prepare_get_max_speedEv
                0x0000000008006390        0x0 /tmp/ch.elf.JoseT6.ltrans0.ltrans.o
                                          0x8 (size before relaxing)
 .ARM.exidx.text._ZN5L647017prepare_get_speedEv
                0x0000000008006390        0x0 /tmp/ch.elf.JoseT6.ltrans0.ltrans.o
                                          0x8 (size before relaxing)
 .ARM.exidx.text._ZN5L647016prepare_get_markEv
                0x0000000008006390        0x0 /tmp/ch.elf.JoseT6.ltrans0.ltrans.o
                                          0x8 (size before relaxing)
 .ARM.exidx.text._ZN5L647020prepare_get_positionEv
                0x0000000008006390        0x0 /tmp/ch.elf.JoseT6.ltrans0.ltrans.o
                                          0x8 (size before relaxing)
 .ARM.exidx.text._ZN5L647021prepare_get_parameterEj
                0x0000000008006390        0x0 /tmp/ch.elf.JoseT6.ltrans0.ltrans.o
                                          0x8 (size before relaxing)
 .ARM.exidx.text._ZN5L647021L6470_PrepareSetParamE14eL6470_RegId_tm
                0x0000000008006390        0x0 /tmp/ch.elf.JoseT6.ltrans0.ltrans.o
                                          0x8 (size before relaxing)
 .ARM.exidx.text._ZN5L647016prepare_set_markEi
                0x0000000008006390        0x0 /tmp/ch.elf.JoseT6.ltrans0.ltrans.o
                                          0x8 (size before relaxing)
 .ARM.exidx.text._ZN5L647024prepare_set_decelerationEj
                0x0000000008006390        0x0 /tmp/ch.elf.JoseT6.ltrans0.ltrans.o
                                          0x8 (size before relaxing)
 .ARM.exidx.text._ZN5L647024prepare_set_accelerationEj
                0x0000000008006390        0x0 /tmp/ch.elf.JoseT6.ltrans0.ltrans.o
                                          0x8 (size before relaxing)
 .ARM.exidx.text._ZN5L647021prepare_set_min_speedEj
                0x0000000008006390        0x0 /tmp/ch.elf.JoseT6.ltrans0.ltrans.o
                                          0x8 (size before relaxing)
 .ARM.exidx.text._ZN5L647021prepare_set_max_speedEj
                0x0000000008006390        0x0 /tmp/ch.elf.JoseT6.ltrans0.ltrans.o
                                          0x8 (size before relaxing)
 .ARM.exidx.text._ZN5L647017prepare_set_speedEj
                0x0000000008006390        0x0 /tmp/ch.elf.JoseT6.ltrans0.ltrans.o
                                          0x8 (size before relaxing)
 .ARM.exidx.text._ZN5L647016prepare_set_markEv
                0x0000000008006390        0x0 /tmp/ch.elf.JoseT6.ltrans0.ltrans.o
                                          0x8 (size before relaxing)
 .ARM.exidx.text._ZN5L647021prepare_set_parameterEjj
                0x0000000008006390        0x0 /tmp/ch.elf.JoseT6.ltrans0.ltrans.o
                                          0x8 (size before relaxing)
 .ARM.exidx.text._ZN5L6470D0Ev
                0x0000000008006390        0x0 /tmp/ch.elf.JoseT6.ltrans0.ltrans.o
                                          0x8 (size before relaxing)
 .ARM.exidx.text._ZN5L6470C2Ehhhh
                0x0000000008006390        0x0 /tmp/ch.elf.JoseT6.ltrans0.ltrans.o
                                          0x8 (size before relaxing)
 .ARM.exidx.text.startup.main
                0x0000000008006390       0x10 /tmp/ch.elf.JoseT6.ltrans0.ltrans.o
                                          0x8 (size before relaxing)
 .ARM.exidx.text._ZN5L647023L6470_DaisyChainCommandEPhS0_.constprop.0
                0x00000000080063a0        0x0 /tmp/ch.elf.JoseT6.ltrans0.ltrans.o
                                          0x8 (size before relaxing)
 .ARM.exidx.text._ZN5L647010release_swE14eL6470_ActId_tN12StepperMotor11direction_tE
                0x00000000080063a0        0x0 /tmp/ch.elf.JoseT6.ltrans0.ltrans.o
                                          0x8 (size before relaxing)
 .ARM.exidx.text._ZN5L64708hard_hizEv
                0x00000000080063a0        0x0 /tmp/ch.elf.JoseT6.ltrans0.ltrans.o
                                          0x8 (size before relaxing)
 .ARM.exidx.text._ZN5L64709hard_stopEv
                0x00000000080063a0        0x0 /tmp/ch.elf.JoseT6.ltrans0.ltrans.o
                                          0x8 (size before relaxing)
 .ARM.exidx.text._ZN5L64709soft_stopEv
                0x00000000080063a0        0x0 /tmp/ch.elf.JoseT6.ltrans0.ltrans.o
                                          0x8 (size before relaxing)
 .ARM.exidx.text._ZN5L64704moveEN12StepperMotor11direction_tEj
                0x00000000080063a0        0x0 /tmp/ch.elf.JoseT6.ltrans0.ltrans.o
                                          0x8 (size before relaxing)
 .ARM.exidx.text._ZN5L64708go_untilE14eL6470_ActId_tN12StepperMotor11direction_tEj
                0x00000000080063a0        0x0 /tmp/ch.elf.JoseT6.ltrans0.ltrans.o
                                          0x8 (size before relaxing)
 .ARM.exidx.text._ZN5L64707go_markEv
                0x00000000080063a0        0x0 /tmp/ch.elf.JoseT6.ltrans0.ltrans.o
                                          0x8 (size before relaxing)
 .ARM.exidx.text._ZN5L64707go_homeEv
                0x00000000080063a0        0x0 /tmp/ch.elf.JoseT6.ltrans0.ltrans.o
                                          0x8 (size before relaxing)
 .ARM.exidx.text._ZN5L64705go_toEiN12StepperMotor11direction_tE
                0x00000000080063a0        0x0 /tmp/ch.elf.JoseT6.ltrans0.ltrans.o
                                          0x8 (size before relaxing)
 .ARM.exidx.text._ZN5L64705go_toEi
                0x00000000080063a0        0x0 /tmp/ch.elf.JoseT6.ltrans0.ltrans.o
                                          0x8 (size before relaxing)
 .ARM.exidx.text._ZN5L64708set_homeEv
                0x00000000080063a0        0x0 /tmp/ch.elf.JoseT6.ltrans0.ltrans.o
                                          0x8 (size before relaxing)
 .ARM.exidx.text._ZN5L647015L6470_GetStatusEv
                0x00000000080063a0        0x0 /tmp/ch.elf.JoseT6.ltrans0.ltrans.o
                                          0x8 (size before relaxing)
 .ARM.exidx.text._ZN5L647010get_statusEv
                0x00000000080063a0        0x0 /tmp/ch.elf.JoseT6.ltrans0.ltrans.o
                                          0x8 (size before relaxing)
 .ARM.exidx.text._ZN5L647013L6470_SoftHiZEv
                0x00000000080063a0        0x0 /tmp/ch.elf.JoseT6.ltrans0.ltrans.o
                                          0x8 (size before relaxing)
 .ARM.exidx.text._ZN5L64708soft_hizEv
                0x00000000080063a0        0x0 /tmp/ch.elf.JoseT6.ltrans0.ltrans.o
                                          0x8 (size before relaxing)
 .ARM.exidx.text._ZN5L647010step_clockEN12StepperMotor11direction_tE
                0x00000000080063a0        0x8 /tmp/ch.elf.JoseT6.ltrans0.ltrans.o
 .ARM.exidx.text._ZN5L647017L6470_ResetDeviceEv
                0x00000000080063a8        0x8 /tmp/ch.elf.JoseT6.ltrans0.ltrans.o
 .ARM.exidx.text._ZN5L647012reset_deviceEv
                0x00000000080063b0        0x0 /tmp/ch.elf.JoseT6.ltrans0.ltrans.o
                                          0x8 (size before relaxing)
 .ARM.exidx.text._ZN5L64709L6470_RunE14eL6470_DirId_tm
                0x00000000080063b0        0x0 /tmp/ch.elf.JoseT6.ltrans0.ltrans.o
                                          0x8 (size before relaxing)
 .ARM.exidx.text._ZN5L64703runEN12StepperMotor11direction_tEj
                0x00000000080063b0        0x0 /tmp/ch.elf.JoseT6.ltrans0.ltrans.o
                                          0x8 (size before relaxing)
 .ARM.exidx.text._ZN5L647014L6470_GetParamE14eL6470_RegId_t
                0x00000000080063b0        0x0 /tmp/ch.elf.JoseT6.ltrans0.ltrans.o
                                          0x8 (size before relaxing)
 .ARM.exidx.text._ZN5L647012get_positionEv
                0x00000000080063b0        0x0 /tmp/ch.elf.JoseT6.ltrans0.ltrans.o
                                          0x8 (size before relaxing)
 .ARM.exidx.text._ZN5L647011prepare_runEN12StepperMotor11direction_tE
                0x00000000080063b0        0x0 /tmp/ch.elf.JoseT6.ltrans0.ltrans.o
                                          0x8 (size before relaxing)
 .ARM.exidx.text._ZN5L647017wait_while_activeEv
                0x00000000080063b0        0x0 /tmp/ch.elf.JoseT6.ltrans0.ltrans.o
                                          0x8 (size before relaxing)
 .ARM.exidx.text._ZN5L64703runEN12StepperMotor11direction_tE
                0x00000000080063b0        0x0 /tmp/ch.elf.JoseT6.ltrans0.ltrans.o
                                          0x8 (size before relaxing)
 .ARM.exidx.text._ZN5L647013get_directionEv
                0x00000000080063b0        0x0 /tmp/ch.elf.JoseT6.ltrans0.ltrans.o
                                          0x8 (size before relaxing)
 .ARM.exidx.text._ZN5L647016get_decelerationEv
                0x00000000080063b0        0x0 /tmp/ch.elf.JoseT6.ltrans0.ltrans.o
                                          0x8 (size before relaxing)
 .ARM.exidx.text._ZN5L647016get_accelerationEv
                0x00000000080063b0        0x0 /tmp/ch.elf.JoseT6.ltrans0.ltrans.o
                                          0x8 (size before relaxing)
 .ARM.exidx.text._ZN5L647013get_min_speedEv
                0x00000000080063b0        0x0 /tmp/ch.elf.JoseT6.ltrans0.ltrans.o
                                          0x8 (size before relaxing)
 .ARM.exidx.text._ZN5L647013get_max_speedEv
                0x00000000080063b0        0x0 /tmp/ch.elf.JoseT6.ltrans0.ltrans.o
                                          0x8 (size before relaxing)
 .ARM.exidx.text._ZN5L64709get_speedEv
                0x00000000080063b0        0x0 /tmp/ch.elf.JoseT6.ltrans0.ltrans.o
                                          0x8 (size before relaxing)
 .ARM.exidx.text._ZN5L64708get_markEv
                0x00000000080063b0        0x0 /tmp/ch.elf.JoseT6.ltrans0.ltrans.o
                                          0x8 (size before relaxing)
 .ARM.exidx.text._ZN5L647013get_parameterEj
                0x00000000080063b0        0x0 /tmp/ch.elf.JoseT6.ltrans0.ltrans.o
                                          0x8 (size before relaxing)
 .ARM.exidx.text._ZN5L647014L6470_SetParamE14eL6470_RegId_tm
                0x00000000080063b0        0x0 /tmp/ch.elf.JoseT6.ltrans0.ltrans.o
                                          0x8 (size before relaxing)
 .ARM.exidx.text._ZN5L647016set_decelerationEj
                0x00000000080063b0        0x0 /tmp/ch.elf.JoseT6.ltrans0.ltrans.o
                                          0x8 (size before relaxing)
 .ARM.exidx.text._ZN5L647016set_accelerationEj
                0x00000000080063b0        0x0 /tmp/ch.elf.JoseT6.ltrans0.ltrans.o
                                          0x8 (size before relaxing)
 .ARM.exidx.text._ZN5L647013set_min_speedEj
                0x00000000080063b0        0x0 /tmp/ch.elf.JoseT6.ltrans0.ltrans.o
                                          0x8 (size before relaxing)
 .ARM.exidx.text._ZN5L647013set_max_speedEj
                0x00000000080063b0        0x0 /tmp/ch.elf.JoseT6.ltrans0.ltrans.o
                                          0x8 (size before relaxing)
 .ARM.exidx.text._ZN5L64708set_markEi
                0x00000000080063b0        0x0 /tmp/ch.elf.JoseT6.ltrans0.ltrans.o
                                          0x8 (size before relaxing)
 .ARM.exidx.text._ZN5L64708set_markEv
                0x00000000080063b0        0x0 /tmp/ch.elf.JoseT6.ltrans0.ltrans.o
                                          0x8 (size before relaxing)
 .ARM.exidx.text._ZN5L647013set_parameterEjj
                0x00000000080063b0        0x0 /tmp/ch.elf.JoseT6.ltrans0.ltrans.o
                                          0x8 (size before relaxing)
 .ARM.exidx.text._ZN5L647013set_step_modeEN12StepperMotor11step_mode_tE
                0x00000000080063b0        0x8 /tmp/ch.elf.JoseT6.ltrans0.ltrans.o
 .ARM.exidx.text._ZN5L64704initEPv
                0x00000000080063b8       0x10 /tmp/ch.elf.JoseT6.ltrans0.ltrans.o
                                          0x8 (size before relaxing)
 .ARM.exidx     0x00000000080062d8       0x80 /usr/lib/gcc/arm-none-eabi/9.2.1/thumb/v7e-m/nofp/libgcc.a(unwind-arm.o)
                                         0xd8 (size before relaxing)
 .ARM.exidx     0x0000000008006358       0x38 /usr/lib/gcc/arm-none-eabi/9.2.1/thumb/v7e-m/nofp/libgcc.a(pr-support.o)
                0x00000000080063c8                __exidx_end__ = .
                0x00000000080063c8                __exidx_end = .

.rel.dyn        0x00000000080063c8        0x0
 .rel.iplt      0x00000000080063c8        0x0 ./build/obj/crt0_v7m.o

.eh_frame_hdr
 *(.eh_frame_hdr)

.eh_frame
 *(.eh_frame)

.data           0x0000000020000800      0x8f0 load address 0x00000000080063c8
                [!provide]                        PROVIDE (_textdata = LOADADDR (.data))
                [!provide]                        PROVIDE (_data = .)
                0x00000000080063c8                __textdata_base__ = LOADADDR (.data)
                0x0000000020000800                __data_base__ = .
 *(.data)
 .data          0x0000000020000800      0x430 /usr/lib/gcc/arm-none-eabi/9.2.1/../../../arm-none-eabi/lib/thumb/v7e-m/nofp/libg.a(lib_a-impure.o)
                0x0000000020000800                _impure_ptr
 .data          0x0000000020000c30      0x410 /usr/lib/gcc/arm-none-eabi/9.2.1/../../../arm-none-eabi/lib/thumb/v7e-m/nofp/libg.a(lib_a-mallocr.o)
                0x0000000020000c30                __malloc_av_
                0x0000000020001038                __malloc_sbrk_base
                0x000000002000103c                __malloc_trim_threshold
 *(.data.*)
 .data.L6470_init
                0x0000000020001040       0xb0 /tmp/ch.elf.JoseT6.ltrans0.ltrans.o
 *(.ramtext)
                0x00000000200010f0                . = ALIGN (0x4)
                [!provide]                        PROVIDE (_edata = .)
                0x00000000200010f0                __data_end__ = .

.igot.plt       0x00000000200010f0        0x0 load address 0x0000000008006cb8
 .igot.plt      0x00000000200010f0        0x0 ./build/obj/crt0_v7m.o

.bss            0x00000000200010f0      0x3ec load address 0x0000000008006cb8
                0x00000000200010f0                __bss_base__ = .
 *(.bss)
 .bss           0x00000000200010f0       0x34 /usr/lib/gcc/arm-none-eabi/9.2.1/../../../arm-none-eabi/lib/thumb/v7e-m/nofp/libg.a(lib_a-mallocr.o)
                0x00000000200010f0                __malloc_top_pad
                0x00000000200010f4                __malloc_current_mallinfo
                0x000000002000111c                __malloc_max_sbrked_mem
                0x0000000020001120                __malloc_max_total_mem
 .bss           0x0000000020001124        0x4 /usr/lib/gcc/arm-none-eabi/9.2.1/../../../arm-none-eabi/lib/thumb/v7e-m/nofp/libnosys.a(sbrk.o)
 *(.bss.*)
 .bss.SD2       0x0000000020001128       0x7c /tmp/ch.elf.JoseT6.ltrans0.ltrans.o
 .bss.SPID1     0x00000000200011a4       0x30 /tmp/ch.elf.JoseT6.ltrans0.ltrans.o
 .bss._ZN5L647015L6470_AppCmdPkgE
                0x00000000200011d4       0x20 /tmp/ch.elf.JoseT6.ltrans0.ltrans.o
 .bss._ZN5L647017number_of_devicesE
                0x00000000200011f4        0x1 /tmp/ch.elf.JoseT6.ltrans0.ltrans.o
 *fill*         0x00000000200011f5        0x3 
 .bss._ZN5L647027L6470_DaisyChainSpiRxStructE
                0x00000000200011f8        0x8 /tmp/ch.elf.JoseT6.ltrans0.ltrans.o
 .bss._ZN5L647027L6470_DaisyChainSpiTxStructE
                0x0000000020001200        0x8 /tmp/ch.elf.JoseT6.ltrans0.ltrans.o
 .bss._ZN5L647029L6470_DaisyChain_HalfPreparedE
                0x0000000020001208        0x1 /tmp/ch.elf.JoseT6.ltrans0.ltrans.o
 *fill*         0x0000000020001209        0x3 
 .bss._pal_events
                0x000000002000120c       0x80 /tmp/ch.elf.JoseT6.ltrans0.ltrans.o
 .bss.ch        0x000000002000128c       0x78 /tmp/ch.elf.JoseT6.ltrans0.ltrans.o
 .bss.ch_factory
                0x0000000020001304       0x48 /tmp/ch.elf.JoseT6.ltrans0.ltrans.o
 *fill*         0x000000002000134c        0x4 
 .bss.ch_idle_thread_wa
                0x0000000020001350       0xd8 /tmp/ch.elf.JoseT6.ltrans0.ltrans.o
 .bss.ch_memcore
                0x0000000020001428        0x8 /tmp/ch.elf.JoseT6.ltrans0.ltrans.o
 .bss.default_heap
                0x0000000020001430       0x1c /tmp/ch.elf.JoseT6.ltrans0.ltrans.o
 .bss.dma       0x000000002000144c       0x84 /tmp/ch.elf.JoseT6.ltrans0.ltrans.o
 .bss.motors    0x00000000200014d0        0x4 /tmp/ch.elf.JoseT6.ltrans0.ltrans.o
 .bss.x_nucleo_ihm02a1
                0x00000000200014d4        0x4 /tmp/ch.elf.JoseT6.ltrans0.ltrans.o
 *(COMMON)
 COMMON         0x00000000200014d8        0x4 /usr/lib/gcc/arm-none-eabi/9.2.1/../../../arm-none-eabi/lib/thumb/v7e-m/nofp/libg.a(lib_a-reent.o)
                0x00000000200014d8                errno
                0x00000000200014dc                . = ALIGN (0x4)
                0x00000000200014dc                __bss_end__ = .
                0x00000000200014dc                PROVIDE (end = .)
                0x0000000020000000                __ram0_base__ = ORIGIN (ram0)
                0x0000000000020000                __ram0_size__ = LENGTH (ram0)
                0x0000000020020000                __ram0_end__ = (__ram0_base__ + __ram0_size__)
                0x0000000020000000                __ram1_base__ = ORIGIN (ram1)
                0x000000000001c000                __ram1_size__ = LENGTH (ram1)
                0x000000002001c000                __ram1_end__ = (__ram1_base__ + __ram1_size__)
                0x0000000000000000                __ram2_base__ = ORIGIN (ram2)
                0x0000000000004000                __ram2_size__ = LENGTH (ram2)
                0x0000000000004000                __ram2_end__ = (__ram2_base__ + __ram2_size__)
                0x0000000000000000                __ram3_base__ = ORIGIN (ram3)
                0x0000000000000000                __ram3_size__ = LENGTH (ram3)
                0x0000000000000000                __ram3_end__ = (__ram3_base__ + __ram3_size__)
                0x0000000000000000                __ram4_base__ = ORIGIN (ram4)
                0x0000000000000000                __ram4_size__ = LENGTH (ram4)
                0x0000000000000000                __ram4_end__ = (__ram4_base__ + __ram4_size__)
                0x0000000000000000                __ram5_base__ = ORIGIN (ram5)
                0x0000000000000000                __ram5_size__ = LENGTH (ram5)
                0x0000000000000000                __ram5_end__ = (__ram5_base__ + __ram5_size__)
                0x0000000000000000                __ram6_base__ = ORIGIN (ram6)
                0x0000000000000000                __ram6_size__ = LENGTH (ram6)
                0x0000000000000000                __ram6_end__ = (__ram6_base__ + __ram6_size__)
                0x0000000000000000                __ram7_base__ = ORIGIN (ram7)
                0x0000000000000000                __ram7_size__ = LENGTH (ram7)
                0x0000000000000000                __ram7_end__ = (__ram7_base__ + __ram7_size__)
                0x0000000008000000                __flash0_base__ = ORIGIN (flash0)
                0x0000000000080000                __flash0_size__ = LENGTH (flash0)
                0x0000000008080000                __flash0_end__ = (__flash0_base__ + __flash0_size__)
                0x0000000000000000                __flash1_base__ = ORIGIN (flash1)
                0x0000000000000000                __flash1_size__ = LENGTH (flash1)
                0x0000000000000000                __flash1_end__ = (__flash1_base__ + __flash1_size__)
                0x0000000000000000                __flash2_base__ = ORIGIN (flash2)
                0x0000000000000000                __flash2_size__ = LENGTH (flash2)
                0x0000000000000000                __flash2_end__ = (__flash2_base__ + __flash2_size__)
                0x0000000000000000                __flash3_base__ = ORIGIN (flash3)
                0x0000000000000000                __flash3_size__ = LENGTH (flash3)
                0x0000000000000000                __flash3_end__ = (__flash3_base__ + __flash3_size__)
                0x0000000000000000                __flash4_base__ = ORIGIN (flash4)
                0x0000000000000000                __flash4_size__ = LENGTH (flash4)
                0x0000000000000000                __flash4_end__ = (__flash4_base__ + __flash4_size__)
                0x0000000000000000                __flash5_base__ = ORIGIN (flash5)
                0x0000000000000000                __flash5_size__ = LENGTH (flash5)
                0x0000000000000000                __flash5_end__ = (__flash5_base__ + __flash5_size__)
                0x0000000000000000                __flash6_base__ = ORIGIN (flash6)
                0x0000000000000000                __flash6_size__ = LENGTH (flash6)
                0x0000000000000000                __flash6_end__ = (__flash6_base__ + __flash6_size__)
                0x0000000000000000                __flash7_base__ = ORIGIN (flash7)
                0x0000000000000000                __flash7_size__ = LENGTH (flash7)
                0x0000000000000000                __flash7_end__ = (__flash7_base__ + __flash7_size__)

.ram0_init      0x00000000200014dc        0x0 load address 0x0000000008006cb8
                0x0000000008006cb8                __ram0_init_text__ = LOADADDR (.ram0_init)
                0x00000000200014dc                __ram0_init__ = .
 *(.ram0_init)
 *(.ram0_init.*)
                0x00000000200014dc                . = ALIGN (0x4)

.ram0           0x00000000200014dc        0x0 load address 0x0000000008006cb8
                0x00000000200014dc                __ram0_clear__ = .
 *(.ram0_clear)
 *(.ram0_clear.*)
                0x00000000200014dc                . = ALIGN (0x4)
                0x00000000200014dc                __ram0_noinit__ = .
 *(.ram0)
 *(.ram0.*)
                0x00000000200014dc                . = ALIGN (0x4)
                0x00000000200014dc                __ram0_free__ = .

.ram1_init      0x0000000020000000        0x0 load address 0x0000000008006cb8
                0x0000000008006cb8                __ram1_init_text__ = LOADADDR (.ram1_init)
                0x0000000020000000                __ram1_init__ = .
 *(.ram1_init)
 *(.ram1_init.*)
                0x0000000020000000                . = ALIGN (0x4)

.ram1           0x0000000020000000        0x0 load address 0x0000000008006cb8
                0x0000000020000000                __ram1_clear__ = .
 *(.ram1_clear)
 *(.ram1_clear.*)
                0x0000000020000000                . = ALIGN (0x4)
                0x0000000020000000                __ram1_noinit__ = .
 *(.ram1)
 *(.ram1.*)
                0x0000000020000000                . = ALIGN (0x4)
                0x0000000020000000                __ram1_free__ = .

.ram2_init      0x0000000000000000        0x0 load address 0x0000000008006cb8
                0x0000000008006cb8                __ram2_init_text__ = LOADADDR (.ram2_init)
                0x0000000000000000                __ram2_init__ = .
 *(.ram2_init)
 *(.ram2_init.*)
                0x0000000000000000                . = ALIGN (0x4)

.ram2           0x0000000000000000        0x0 load address 0x0000000008006cb8
                0x0000000000000000                __ram2_clear__ = .
 *(.ram2_clear)
 *(.ram2_clear.*)
                0x0000000000000000                . = ALIGN (0x4)
                0x0000000000000000                __ram2_noinit__ = .
 *(.ram2)
 *(.ram2.*)
                0x0000000000000000                . = ALIGN (0x4)
                0x0000000000000000                __ram2_free__ = .

.ram3_init      0x0000000000000000        0x0 load address 0x0000000008006cb8
                0x0000000008006cb8                __ram3_init_text__ = LOADADDR (.ram3_init)
                0x0000000000000000                __ram3_init__ = .
 *(.ram3_init)
 *(.ram3_init.*)
                0x0000000000000000                . = ALIGN (0x4)

.ram3           0x0000000000000000        0x0 load address 0x0000000008006cb8
                0x0000000000000000                __ram3_clear__ = .
 *(.ram3_clear)
 *(.ram3_clear.*)
                0x0000000000000000                . = ALIGN (0x4)
                0x0000000000000000                __ram3_noinit__ = .
 *(.ram3)
 *(.ram3.*)
                0x0000000000000000                . = ALIGN (0x4)
                0x0000000000000000                __ram3_free__ = .

.ram4_init      0x0000000000000000        0x0 load address 0x0000000008006cb8
                0x0000000008006cb8                __ram4_init_text__ = LOADADDR (.ram4_init)
                0x0000000000000000                __ram4_init__ = .
 *(.ram4_init)
 *(.ram4_init.*)
                0x0000000000000000                . = ALIGN (0x4)

.ram4           0x0000000000000000        0x0 load address 0x0000000008006cb8
                0x0000000000000000                __ram4_clear__ = .
 *(.ram4_clear)
 *(.ram4_clear.*)
                0x0000000000000000                . = ALIGN (0x4)
                0x0000000000000000                __ram4_noinit__ = .
 *(.ram4)
 *(.ram4.*)
                0x0000000000000000                . = ALIGN (0x4)
                0x0000000000000000                __ram4_free__ = .

.ram5_init      0x0000000000000000        0x0 load address 0x0000000008006cb8
                0x0000000008006cb8                __ram5_init_text__ = LOADADDR (.ram5_init)
                0x0000000000000000                __ram5_init__ = .
 *(.ram5_init)
 *(.ram5_init.*)
                0x0000000000000000                . = ALIGN (0x4)

.ram5           0x0000000000000000        0x0 load address 0x0000000008006cb8
                0x0000000000000000                __ram5_clear__ = .
 *(.ram5_clear)
 *(.ram5_clear.*)
                0x0000000000000000                . = ALIGN (0x4)
                0x0000000000000000                __ram5_noinit__ = .
 *(.ram5)
 *(.ram5.*)
                0x0000000000000000                . = ALIGN (0x4)
                0x0000000000000000                __ram5_free__ = .

.ram6_init      0x0000000000000000        0x0 load address 0x0000000008006cb8
                0x0000000008006cb8                __ram6_init_text__ = LOADADDR (.ram6_init)
                0x0000000000000000                __ram6_init__ = .
 *(.ram6_init)
 *(.ram6_init.*)
                0x0000000000000000                . = ALIGN (0x4)

.ram6           0x0000000000000000        0x0 load address 0x0000000008006cb8
                0x0000000000000000                __ram6_clear__ = .
 *(.ram6_clear)
 *(.ram6_clear.*)
                0x0000000000000000                . = ALIGN (0x4)
                0x0000000000000000                __ram6_noinit__ = .
 *(.ram6)
 *(.ram6.*)
                0x0000000000000000                . = ALIGN (0x4)
                0x0000000000000000                __ram6_free__ = .

.ram7_init      0x0000000000000000        0x0 load address 0x0000000008006cb8
                0x0000000008006cb8                __ram7_init_text__ = LOADADDR (.ram7_init)
                0x0000000000000000                __ram7_init__ = .
 *(.ram7_init)
 *(.ram7_init.*)
                0x0000000000000000                . = ALIGN (0x4)

.ram7           0x0000000000000000        0x0 load address 0x0000000008006cb8
                0x0000000000000000                __ram7_clear__ = .
 *(.ram7_clear)
 *(.ram7_clear.*)
                0x0000000000000000                . = ALIGN (0x4)
                0x0000000000000000                __ram7_noinit__ = .
 *(.ram7)
 *(.ram7.*)
                0x0000000000000000                . = ALIGN (0x4)
                0x0000000000000000                __ram7_free__ = .

.flash0         0x0000000008006cb8        0x0
                0x0000000008006cb8                __flash0_init__ = .
 *(.flash0_init)
 *(.flash0_init.*)
                0x0000000008006cb8                __flash0_free__ = .

.flash1         0x0000000000000000        0x0
                0x0000000000000000                __flash1_init__ = .
 *(.flash1_init)
 *(.flash1_init.*)
                0x0000000000000000                __flash1_free__ = .

.flash2         0x0000000000000000        0x0
                0x0000000000000000                __flash2_init__ = .
 *(.flash2_init)
 *(.flash2_init.*)
                0x0000000000000000                __flash2_free__ = .

.flash3         0x0000000000000000        0x0
                0x0000000000000000                __flash3_init__ = .
 *(.flash3_init)
 *(.flash3_init.*)
                0x0000000000000000                __flash3_free__ = .

.flash4         0x0000000000000000        0x0
                0x0000000000000000                __flash4_init__ = .
 *(.flash4_init)
 *(.flash4_init.*)
                0x0000000000000000                __flash4_free__ = .

.flash5         0x0000000000000000        0x0
                0x0000000000000000                __flash5_init__ = .
 *(.flash5_init)
 *(.flash5_init.*)
                0x0000000000000000                __flash5_free__ = .

.flash6         0x0000000000000000        0x0
                0x0000000000000000                __flash6_init__ = .
 *(.flash6_init)
 *(.flash6_init.*)
                0x0000000000000000                __flash6_free__ = .

.flash7         0x0000000000000000        0x0
                0x0000000000000000                __flash7_init__ = .
 *(.flash7_init)
 *(.flash7_init.*)
                0x0000000000000000                __flash7_free__ = .

.heap           0x00000000200014dc    0x1eb24
                0x00000000200014e0                . = ALIGN (0x8)
 *fill*         0x00000000200014dc        0x4 
                0x00000000200014e0                __heap_base__ = .
                0x0000000020020000                . = (ORIGIN (HEAP_RAM) + LENGTH (HEAP_RAM))
 *fill*         0x00000000200014e0    0x1eb20 
                0x0000000020020000                __heap_end__ = .
                0x0000000000000400                __process_stack_size__ = 0x400
                0x0000000000000400                __main_stack_size__ = 0x400
START GROUP
LOAD /usr/lib/gcc/arm-none-eabi/9.2.1/thumb/v7e-m/nofp/libgcc.a
LOAD /usr/lib/gcc/arm-none-eabi/9.2.1/../../../arm-none-eabi/lib/thumb/v7e-m/nofp/libg.a
LOAD /usr/lib/gcc/arm-none-eabi/9.2.1/../../../arm-none-eabi/lib/thumb/v7e-m/nofp/libc.a
END GROUP
START GROUP
LOAD /usr/lib/gcc/arm-none-eabi/9.2.1/thumb/v7e-m/nofp/libgcc.a
LOAD /usr/lib/gcc/arm-none-eabi/9.2.1/../../../arm-none-eabi/lib/thumb/v7e-m/nofp/libc.a
LOAD /usr/lib/gcc/arm-none-eabi/9.2.1/../../../arm-none-eabi/lib/thumb/v7e-m/nofp/libnosys.a
END GROUP
OUTPUT(build/ch.elf elf32-littlearm)
LOAD linker stubs

.ARM.attributes
                0x0000000000000000       0x2f
 .ARM.attributes
                0x0000000000000000       0x21 ./build/obj/crt0_v7m.o
 .ARM.attributes
                0x0000000000000021       0x21 ./build/obj/vectors.o
 .ARM.attributes
                0x0000000000000042       0x21 ./build/obj/chcoreasm_v7m.o
 .ARM.attributes
                0x0000000000000063       0x2c /tmp/ch.elf.JoseT6.ltrans0.ltrans.o
 .ARM.attributes
                0x000000000000008f       0x1e /usr/lib/gcc/arm-none-eabi/9.2.1/thumb/v7e-m/nofp/libgcc.a(_arm_addsubsf3.o)
 .ARM.attributes
                0x00000000000000ad       0x1e /usr/lib/gcc/arm-none-eabi/9.2.1/thumb/v7e-m/nofp/libgcc.a(_arm_muldivsf3.o)
 .ARM.attributes
                0x00000000000000cb       0x1e /usr/lib/gcc/arm-none-eabi/9.2.1/thumb/v7e-m/nofp/libgcc.a(_arm_cmpsf2.o)
 .ARM.attributes
                0x00000000000000e9       0x1e /usr/lib/gcc/arm-none-eabi/9.2.1/thumb/v7e-m/nofp/libgcc.a(_arm_fixsfsi.o)
 .ARM.attributes
                0x0000000000000107       0x1e /usr/lib/gcc/arm-none-eabi/9.2.1/thumb/v7e-m/nofp/libgcc.a(_arm_fixunssfsi.o)
 .ARM.attributes
                0x0000000000000125       0x1c /usr/lib/gcc/arm-none-eabi/9.2.1/../../../arm-none-eabi/lib/thumb/v7e-m/nofp/libg.a(lib_a-memcpy.o)
 .ARM.attributes
                0x0000000000000141       0x2e /usr/lib/gcc/arm-none-eabi/9.2.1/../../../arm-none-eabi/lib/thumb/v7e-m/nofp/libg.a(lib_a-memset.o)

.comment        0x0000000000000000       0xa7
 .comment       0x0000000000000000       0x59 /tmp/ch.elf.JoseT6.ltrans0.ltrans.o
                                         0x5a (size before relaxing)
 .comment       0x0000000000000059       0x4e /usr/lib/gcc/arm-none-eabi/9.2.1/../../../arm-none-eabi/lib/thumb/v7e-m/nofp/libg.a(lib_a-memset.o)
                                         0x4f (size before relaxing)

.debug_line     0x0000000000000000     0xf40e
 .debug_line    0x0000000000000000       0xc5 ./build/obj/crt0_v7m.o
 .debug_line    0x00000000000000c5       0x6f ./build/obj/vectors.o
 .debug_line    0x0000000000000134       0x86 ./build/obj/chcoreasm_v7m.o
 .debug_line    0x00000000000001ba     0x7b99 /tmp/ch.elf.JoseT6.ltrans0.ltrans.o
 .debug_line    0x0000000000007d53      0x103 /tmp/ccLsCfJ6.debug.temp.o
 .debug_line    0x0000000000007e56      0x3a2 /tmp/ccP0RSa8.debug.temp.o
 .debug_line    0x00000000000081f8      0x3c4 /tmp/ccYo5gX7.debug.temp.o
 .debug_line    0x00000000000085bc      0x412 /tmp/ccoh1ZZ8.debug.temp.o
 .debug_line    0x00000000000089ce      0x400 /tmp/cc9BaHG8.debug.temp.o
 .debug_line    0x0000000000008dce      0x3b7 /tmp/ccTxRbs6.debug.temp.o
 .debug_line    0x0000000000009185      0x390 /tmp/cc002hZ4.debug.temp.o
 .debug_line    0x0000000000009515      0x3b8 /tmp/cc4YGOd7.debug.temp.o
 .debug_line    0x00000000000098cd      0x3b5 /tmp/ccAUINb5.debug.temp.o
 .debug_line    0x0000000000009c82      0x38d /tmp/ccP2io84.debug.temp.o
 .debug_line    0x000000000000a00f      0x394 /tmp/ccXu5au8.debug.temp.o
 .debug_line    0x000000000000a3a3      0x392 /tmp/cclTWVA8.debug.temp.o
 .debug_line    0x000000000000a735      0x3a3 /tmp/ccKn8st4.debug.temp.o
 .debug_line    0x000000000000aad8      0x380 /tmp/cck1QrI7.debug.temp.o
 .debug_line    0x000000000000ae58      0x3a5 /tmp/ccknn9I6.debug.temp.o
 .debug_line    0x000000000000b1fd      0x3d9 /tmp/ccJ02Pk7.debug.temp.o
 .debug_line    0x000000000000b5d6      0x3a8 /tmp/ccbw5HZ7.debug.temp.o
 .debug_line    0x000000000000b97e      0x3a4 /tmp/cchpJa08.debug.temp.o
 .debug_line    0x000000000000bd22      0x271 /tmp/ccDZk8h6.debug.temp.o
 .debug_line    0x000000000000bf93      0x247 /tmp/ccJxDjn5.debug.temp.o
 .debug_line    0x000000000000c1da      0x246 /tmp/cc1Ly0T7.debug.temp.o
 .debug_line    0x000000000000c420      0x26a /tmp/cc4DQOf6.debug.temp.o
 .debug_line    0x000000000000c68a      0x22b /tmp/ccfOeAz7.debug.temp.o
 .debug_line    0x000000000000c8b5      0x288 /tmp/ccCl5NJ7.debug.temp.o
 .debug_line    0x000000000000cb3d      0x23b /tmp/cc5oa327.debug.temp.o
 .debug_line    0x000000000000cd78      0x24c /tmp/cc4cRmh7.debug.temp.o
 .debug_line    0x000000000000cfc4      0x25e /tmp/ccYtZWb5.debug.temp.o
 .debug_line    0x000000000000d222      0x242 /tmp/cczK64K5.debug.temp.o
 .debug_line    0x000000000000d464      0x244 /tmp/ccuOckQ4.debug.temp.o
 .debug_line    0x000000000000d6a8      0x243 /tmp/ccAhNAS4.debug.temp.o
 .debug_line    0x000000000000d8eb      0x2a7 /tmp/ccQ4Q0Q5.debug.temp.o
 .debug_line    0x000000000000db92      0x277 /tmp/cc6cej08.debug.temp.o
 .debug_line    0x000000000000de09      0x4f7 /tmp/ccNOKg78.debug.temp.o
 .debug_line    0x000000000000e300      0x505 /tmp/ccmQ1lP6.debug.temp.o
 .debug_line    0x000000000000e805      0x4ed /tmp/ccrqkUr7.debug.temp.o
 .debug_line    0x000000000000ecf2      0x11a /usr/lib/gcc/arm-none-eabi/9.2.1/thumb/v7e-m/nofp/libgcc.a(_arm_addsubsf3.o)
 .debug_line    0x000000000000ee0c      0x13a /usr/lib/gcc/arm-none-eabi/9.2.1/thumb/v7e-m/nofp/libgcc.a(_arm_muldivsf3.o)
 .debug_line    0x000000000000ef46       0xb1 /usr/lib/gcc/arm-none-eabi/9.2.1/thumb/v7e-m/nofp/libgcc.a(_arm_cmpsf2.o)
 .debug_line    0x000000000000eff7       0x79 /usr/lib/gcc/arm-none-eabi/9.2.1/thumb/v7e-m/nofp/libgcc.a(_arm_fixsfsi.o)
 .debug_line    0x000000000000f070       0x75 /usr/lib/gcc/arm-none-eabi/9.2.1/thumb/v7e-m/nofp/libgcc.a(_arm_fixunssfsi.o)
 .debug_line    0x000000000000f0e5       0xbe /usr/lib/gcc/arm-none-eabi/9.2.1/../../../arm-none-eabi/lib/thumb/v7e-m/nofp/libg.a(lib_a-memcpy.o)
 .debug_line    0x000000000000f1a3      0x26b /usr/lib/gcc/arm-none-eabi/9.2.1/../../../arm-none-eabi/lib/thumb/v7e-m/nofp/libg.a(lib_a-memset.o)

.debug_info     0x0000000000000000    0x410e9
 .debug_info    0x0000000000000000       0x26 ./build/obj/crt0_v7m.o
 .debug_info    0x0000000000000026       0x26 ./build/obj/vectors.o
 .debug_info    0x000000000000004c       0x26 ./build/obj/chcoreasm_v7m.o
 .debug_info    0x0000000000000072     0xa383 /tmp/ch.elf.JoseT6.ltrans0.ltrans.o
 .debug_info    0x000000000000a3f5      0x339 /tmp/ccLsCfJ6.debug.temp.o
                0x000000000000a3f5                crt1.c.ddcd302e
 .debug_info    0x000000000000a72e     0x11c2 /tmp/ccP0RSa8.debug.temp.o
                0x000000000000a72e                hal.c.1b9b5032
 .debug_info    0x000000000000b8f0     0x141f /tmp/ccYo5gX7.debug.temp.o
                0x000000000000b8f0                hal_st.c.3e79a524
 .debug_info    0x000000000000cd0f     0x21f5 /tmp/ccoh1ZZ8.debug.temp.o
                0x000000000000cd0f                hal_buffers.c.9ffb3fb2
 .debug_info    0x000000000000ef04     0x200e /tmp/cc9BaHG8.debug.temp.o
                0x000000000000ef04                hal_queues.c.ac661a20
 .debug_info    0x0000000000010f12     0x1585 /tmp/ccTxRbs6.debug.temp.o
                0x0000000000010f12                hal_flash.c.5d513c45
 .debug_info    0x0000000000012497     0x147d /tmp/cc002hZ4.debug.temp.o
                0x0000000000012497                hal_pal.c.71fdf109
 .debug_info    0x0000000000013914     0x1698 /tmp/cc4YGOd7.debug.temp.o
                0x0000000000013914                hal_serial.c.e9d9048b
 .debug_info    0x0000000000014fac     0x1698 /tmp/ccAUINb5.debug.temp.o
                0x0000000000014fac                hal_spi.c.0d20ca80
 .debug_info    0x0000000000016644     0x152e /tmp/ccP2io84.debug.temp.o